MPLINK 4.49, Linker
Linker Map File - Created Mon Sep 20 10:55:42 2021

                                 Section Info
                  Section       Type    Address   Location Size(Bytes)
                ---------  ---------  ---------  ---------  ---------
                   .org_0       code   0x000000    program   0x000000
                   .org_1       code   0x000000    program   0x000042
.config_2007_INDEXADO_01.O       code   0x002007    program   0x000002



                              Program Memory Usage 
                               Start         End      
                           ---------   ---------      
                            0x000000    0x000020      
                            0x002007    0x002007      
            34 out of 1094 program addresses used, program memory utilization is 3%



                              Symbols - Sorted by Name
                     Name    Address   Location    Storage File                     
                ---------  ---------  ---------  --------- ---------                
             ActivaSalida   0x00001f    program     static C:\Proteus\Actividad 2\Indexado_01.asm
           Configuracion0   0x000010    program     static C:\Proteus\Actividad 2\Indexado_01.asm
           Configuracion1   0x000012    program     static C:\Proteus\Actividad 2\Indexado_01.asm
           Configuracion2   0x000014    program     static C:\Proteus\Actividad 2\Indexado_01.asm
           Configuracion3   0x000016    program     static C:\Proteus\Actividad 2\Indexado_01.asm
           Configuracion4   0x000018    program     static C:\Proteus\Actividad 2\Indexado_01.asm
           Configuracion5   0x00001a    program     static C:\Proteus\Actividad 2\Indexado_01.asm
           Configuracion6   0x00001c    program     static C:\Proteus\Actividad 2\Indexado_01.asm
           Configuracion7   0x00001e    program     static C:\Proteus\Actividad 2\Indexado_01.asm
                   Inicio   0x000000    program     static C:\Proteus\Actividad 2\Indexado_01.asm
                Principal   0x000005    program     static C:\Proteus\Actividad 2\Indexado_01.asm
                    Tabla   0x000008    program     static C:\Proteus\Actividad 2\Indexado_01.asm



                              Symbols - Sorted by Address
                     Name    Address   Location    Storage File                     
                ---------  ---------  ---------  --------- ---------                
                   Inicio   0x000000    program     static C:\Proteus\Actividad 2\Indexado_01.asm
                Principal   0x000005    program     static C:\Proteus\Actividad 2\Indexado_01.asm
                    Tabla   0x000008    program     static C:\Proteus\Actividad 2\Indexado_01.asm
           Configuracion0   0x000010    program     static C:\Proteus\Actividad 2\Indexado_01.asm
           Configuracion1   0x000012    program     static C:\Proteus\Actividad 2\Indexado_01.asm
           Configuracion2   0x000014    program     static C:\Proteus\Actividad 2\Indexado_01.asm
           Configuracion3   0x000016    program     static C:\Proteus\Actividad 2\Indexado_01.asm
           Configuracion4   0x000018    program     static C:\Proteus\Actividad 2\Indexado_01.asm
           Configuracion5   0x00001a    program     static C:\Proteus\Actividad 2\Indexado_01.asm
           Configuracion6   0x00001c    program     static C:\Proteus\Actividad 2\Indexado_01.asm
           Configuracion7   0x00001e    program     static C:\Proteus\Actividad 2\Indexado_01.asm
             ActivaSalida   0x00001f    program     static C:\Proteus\Actividad 2\Indexado_01.asm


