MPLINK 4.49, Linker
Linker Map File - Created Mon Oct 04 12:48:20 2021

                                 Section Info
                  Section       Type    Address   Location Size(Bytes)
                ---------  ---------  ---------  ---------  ---------
                   .org_0       code   0x000000    program   0x000000
                   .org_1       code   0x000000    program   0x0001bc
.config_2007_LCD_03 877.O       code   0x002007    program   0x000002



                              Program Memory Usage 
                               Start         End      
                           ---------   ---------      
                            0x000000    0x0000dd      
                            0x002007    0x002007      
            223 out of 1094 program addresses used, program memory utilization is 20%



                              Symbols - Sorted by Name
                     Name    Address   Location    Storage File                     
                ---------  ---------  ---------  --------- ---------                
                   Inicio   0x000000    program     static C:\Users\Brenda\Dropbox\PC\Documents\7 semestre\2. Sistemas Programables\UNIDAD I\ENTRENADOR\LCD_03 877.asm
      LCD_2Lineas4Bits5x7   0x000051    program     static C:\Users\Brenda\Dropbox\PC\Documents\7 semestre\2. Sistemas Programables\UNIDAD I\ENTRENADOR\LCD_4BIT.INC
                LCD_Borra   0x00004f    program     static C:\Users\Brenda\Dropbox\PC\Documents\7 semestre\2. Sistemas Programables\UNIDAD I\ENTRENADOR\LCD_4BIT.INC
                 LCD_Byte   0x000081    program     static C:\Users\Brenda\Dropbox\PC\Documents\7 semestre\2. Sistemas Programables\UNIDAD I\ENTRENADOR\LCD_4BIT.INC
         LCD_ByteCompleto   0x000088    program     static C:\Users\Brenda\Dropbox\PC\Documents\7 semestre\2. Sistemas Programables\UNIDAD I\ENTRENADOR\LCD_4BIT.INC
             LCD_Caracter   0x000054    program     static C:\Users\Brenda\Dropbox\PC\Documents\7 semestre\2. Sistemas Programables\UNIDAD I\ENTRENADOR\LCD_4BIT.INC
          LCD_CodigoCGROM   0x00005e    program     static C:\Users\Brenda\Dropbox\PC\Documents\7 semestre\2. Sistemas Programables\UNIDAD I\ENTRENADOR\LCD_4BIT.INC
           LCD_CursorIncr   0x00003f    program     static C:\Users\Brenda\Dropbox\PC\Documents\7 semestre\2. Sistemas Programables\UNIDAD I\ENTRENADOR\LCD_4BIT.INC
            LCD_CursorOFF   0x00004d    program     static C:\Users\Brenda\Dropbox\PC\Documents\7 semestre\2. Sistemas Programables\UNIDAD I\ENTRENADOR\LCD_4BIT.INC
             LCD_CursorON   0x00004b    program     static C:\Users\Brenda\Dropbox\PC\Documents\7 semestre\2. Sistemas Programables\UNIDAD I\ENTRENADOR\LCD_4BIT.INC
   LCD_DosEspaciosBlancos   0x000078    program     static C:\Users\Brenda\Dropbox\PC\Documents\7 semestre\2. Sistemas Programables\UNIDAD I\ENTRENADOR\LCD_4BIT.INC
        LCD_EnheMayuscula   0x000065    program     static C:\Users\Brenda\Dropbox\PC\Documents\7 semestre\2. Sistemas Programables\UNIDAD I\ENTRENADOR\LCD_4BIT.INC
        LCD_EnheMinuscula   0x00005f    program     static C:\Users\Brenda\Dropbox\PC\Documents\7 semestre\2. Sistemas Programables\UNIDAD I\ENTRENADOR\LCD_4BIT.INC
                LCD_Envia   0x000056    program     static C:\Users\Brenda\Dropbox\PC\Documents\7 semestre\2. Sistemas Programables\UNIDAD I\ENTRENADOR\LCD_4BIT.INC
         LCD_EnviaBlancos   0x00007b    program     static C:\Users\Brenda\Dropbox\PC\Documents\7 semestre\2. Sistemas Programables\UNIDAD I\ENTRENADOR\LCD_4BIT.INC
       LCD_EnviaByteLetra   0x000094    program     static C:\Users\Brenda\Dropbox\PC\Documents\7 semestre\2. Sistemas Programables\UNIDAD I\ENTRENADOR\LCD_4BIT.INC
         LCD_EnviaComando   0x000052    program     static C:\Users\Brenda\Dropbox\PC\Documents\7 semestre\2. Sistemas Programables\UNIDAD I\ENTRENADOR\LCD_4BIT.INC
      LCD_EnviaOtroBlanco   0x00007c    program     static C:\Users\Brenda\Dropbox\PC\Documents\7 semestre\2. Sistemas Programables\UNIDAD I\ENTRENADOR\LCD_4BIT.INC
           LCD_EscribeLCD   0x00002b    program     static C:\Users\Brenda\Dropbox\PC\Documents\7 semestre\2. Sistemas Programables\UNIDAD I\ENTRENADOR\LCD_4BIT.INC
             LCD_FinCGROM   0x000072    program     static C:\Users\Brenda\Dropbox\PC\Documents\7 semestre\2. Sistemas Programables\UNIDAD I\ENTRENADOR\LCD_4BIT.INC
   LCD_FinVisualizaDigito   0x000096    program     static C:\Users\Brenda\Dropbox\PC\Documents\7 semestre\2. Sistemas Programables\UNIDAD I\ENTRENADOR\LCD_4BIT.INC
                LCD_Grado   0x00006c    program     static C:\Users\Brenda\Dropbox\PC\Documents\7 semestre\2. Sistemas Programables\UNIDAD I\ENTRENADOR\LCD_4BIT.INC
           LCD_Inicializa   0x000013    program     static C:\Users\Brenda\Dropbox\PC\Documents\7 semestre\2. Sistemas Programables\UNIDAD I\ENTRENADOR\LCD_4BIT.INC
               LCD_Linea1   0x000041    program     static C:\Users\Brenda\Dropbox\PC\Documents\7 semestre\2. Sistemas Programables\UNIDAD I\ENTRENADOR\LCD_4BIT.INC
               LCD_Linea2   0x000043    program     static C:\Users\Brenda\Dropbox\PC\Documents\7 semestre\2. Sistemas Programables\UNIDAD I\ENTRENADOR\LCD_4BIT.INC
        LCD_LineaEnBlanco   0x000074    program     static C:\Users\Brenda\Dropbox\PC\Documents\7 semestre\2. Sistemas Programables\UNIDAD I\ENTRENADOR\LCD_4BIT.INC
               LCD_Nibble   0x00008c    program     static C:\Users\Brenda\Dropbox\PC\Documents\7 semestre\2. Sistemas Programables\UNIDAD I\ENTRENADOR\LCD_4BIT.INC
                  LCD_OFF   0x000049    program     static C:\Users\Brenda\Dropbox\PC\Documents\7 semestre\2. Sistemas Programables\UNIDAD I\ENTRENADOR\LCD_4BIT.INC
       LCD_PosicionLinea1   0x000045    program     static C:\Users\Brenda\Dropbox\PC\Documents\7 semestre\2. Sistemas Programables\UNIDAD I\ENTRENADOR\LCD_4BIT.INC
       LCD_PosicionLinea2   0x000047    program     static C:\Users\Brenda\Dropbox\PC\Documents\7 semestre\2. Sistemas Programables\UNIDAD I\ENTRENADOR\LCD_4BIT.INC
  LCD_TresEspaciosBlancos   0x00007a    program     static C:\Users\Brenda\Dropbox\PC\Documents\7 semestre\2. Sistemas Programables\UNIDAD I\ENTRENADOR\LCD_4BIT.INC
      LCD_UnEspacioBlanco   0x000076    program     static C:\Users\Brenda\Dropbox\PC\Documents\7 semestre\2. Sistemas Programables\UNIDAD I\ENTRENADOR\LCD_4BIT.INC
        LCD_VisualizaAlto   0x000089    program     static C:\Users\Brenda\Dropbox\PC\Documents\7 semestre\2. Sistemas Programables\UNIDAD I\ENTRENADOR\LCD_4BIT.INC
        LCD_VisualizaBajo   0x00008b    program     static C:\Users\Brenda\Dropbox\PC\Documents\7 semestre\2. Sistemas Programables\UNIDAD I\ENTRENADOR\LCD_4BIT.INC
                Principal   0x000001    program     static C:\Users\Brenda\Dropbox\PC\Documents\7 semestre\2. Sistemas Programables\UNIDAD I\ENTRENADOR\LCD_03 877.asm
    R1Decima_BucleExterno   0x0000d4    program     static C:\Users\Brenda\Dropbox\PC\Documents\7 semestre\2. Sistemas Programables\UNIDAD I\ENTRENADOR\RETARDOS.INC
   R1Decima_BucleExterno2   0x0000d2    program     static C:\Users\Brenda\Dropbox\PC\Documents\7 semestre\2. Sistemas Programables\UNIDAD I\ENTRENADOR\RETARDOS.INC
    R1Decima_BucleInterno   0x0000d6    program     static C:\Users\Brenda\Dropbox\PC\Documents\7 semestre\2. Sistemas Programables\UNIDAD I\ENTRENADOR\RETARDOS.INC
        R1ms_BucleExterno   0x0000be    program     static C:\Users\Brenda\Dropbox\PC\Documents\7 semestre\2. Sistemas Programables\UNIDAD I\ENTRENADOR\RETARDOS.INC
        R1ms_BucleInterno   0x0000c0    program     static C:\Users\Brenda\Dropbox\PC\Documents\7 semestre\2. Sistemas Programables\UNIDAD I\ENTRENADOR\RETARDOS.INC
            RetardoMicros   0x0000aa    program     static C:\Users\Brenda\Dropbox\PC\Documents\7 semestre\2. Sistemas Programables\UNIDAD I\ENTRENADOR\RETARDOS.INC
        Retardo_100micros   0x0000a4    program     static C:\Users\Brenda\Dropbox\PC\Documents\7 semestre\2. Sistemas Programables\UNIDAD I\ENTRENADOR\RETARDOS.INC
            Retardo_100ms   0x0000b0    program     static C:\Users\Brenda\Dropbox\PC\Documents\7 semestre\2. Sistemas Programables\UNIDAD I\ENTRENADOR\RETARDOS.INC
         Retardo_10micros   0x000097    program     static C:\Users\Brenda\Dropbox\PC\Documents\7 semestre\2. Sistemas Programables\UNIDAD I\ENTRENADOR\RETARDOS.INC
             Retardo_10ms   0x0000b6    program     static C:\Users\Brenda\Dropbox\PC\Documents\7 semestre\2. Sistemas Programables\UNIDAD I\ENTRENADOR\RETARDOS.INC
              Retardo_10s   0x0000c8    program     static C:\Users\Brenda\Dropbox\PC\Documents\7 semestre\2. Sistemas Programables\UNIDAD I\ENTRENADOR\RETARDOS.INC
          Retardo_1Decima   0x0000d1    program     static C:\Users\Brenda\Dropbox\PC\Documents\7 semestre\2. Sistemas Programables\UNIDAD I\ENTRENADOR\RETARDOS.INC
              Retardo_1ms   0x0000bc    program     static C:\Users\Brenda\Dropbox\PC\Documents\7 semestre\2. Sistemas Programables\UNIDAD I\ENTRENADOR\RETARDOS.INC
               Retardo_1s   0x0000ce    program     static C:\Users\Brenda\Dropbox\PC\Documents\7 semestre\2. Sistemas Programables\UNIDAD I\ENTRENADOR\RETARDOS.INC
        Retardo_200micros   0x0000a1    program     static C:\Users\Brenda\Dropbox\PC\Documents\7 semestre\2. Sistemas Programables\UNIDAD I\ENTRENADOR\RETARDOS.INC
            Retardo_200ms   0x0000ae    program     static C:\Users\Brenda\Dropbox\PC\Documents\7 semestre\2. Sistemas Programables\UNIDAD I\ENTRENADOR\RETARDOS.INC
         Retardo_20micros   0x0000a9    program     static C:\Users\Brenda\Dropbox\PC\Documents\7 semestre\2. Sistemas Programables\UNIDAD I\ENTRENADOR\RETARDOS.INC
             Retardo_20ms   0x0000b4    program     static C:\Users\Brenda\Dropbox\PC\Documents\7 semestre\2. Sistemas Programables\UNIDAD I\ENTRENADOR\RETARDOS.INC
              Retardo_20s   0x0000c6    program     static C:\Users\Brenda\Dropbox\PC\Documents\7 semestre\2. Sistemas Programables\UNIDAD I\ENTRENADOR\RETARDOS.INC
              Retardo_2ms   0x0000ba    program     static C:\Users\Brenda\Dropbox\PC\Documents\7 semestre\2. Sistemas Programables\UNIDAD I\ENTRENADOR\RETARDOS.INC
               Retardo_2s   0x0000cc    program     static C:\Users\Brenda\Dropbox\PC\Documents\7 semestre\2. Sistemas Programables\UNIDAD I\ENTRENADOR\RETARDOS.INC
          Retardo_4micros   0x00009d    program     static C:\Users\Brenda\Dropbox\PC\Documents\7 semestre\2. Sistemas Programables\UNIDAD I\ENTRENADOR\RETARDOS.INC
        Retardo_500micros   0x00009e    program     static C:\Users\Brenda\Dropbox\PC\Documents\7 semestre\2. Sistemas Programables\UNIDAD I\ENTRENADOR\RETARDOS.INC
            Retardo_500ms   0x0000d0    program     static C:\Users\Brenda\Dropbox\PC\Documents\7 semestre\2. Sistemas Programables\UNIDAD I\ENTRENADOR\RETARDOS.INC
         Retardo_50micros   0x0000a6    program     static C:\Users\Brenda\Dropbox\PC\Documents\7 semestre\2. Sistemas Programables\UNIDAD I\ENTRENADOR\RETARDOS.INC
             Retardo_50ms   0x0000b2    program     static C:\Users\Brenda\Dropbox\PC\Documents\7 semestre\2. Sistemas Programables\UNIDAD I\ENTRENADOR\RETARDOS.INC
          Retardo_5micros   0x00009c    program     static C:\Users\Brenda\Dropbox\PC\Documents\7 semestre\2. Sistemas Programables\UNIDAD I\ENTRENADOR\RETARDOS.INC
              Retardo_5ms   0x0000b8    program     static C:\Users\Brenda\Dropbox\PC\Documents\7 semestre\2. Sistemas Programables\UNIDAD I\ENTRENADOR\RETARDOS.INC
               Retardo_5s   0x0000ca    program     static C:\Users\Brenda\Dropbox\PC\Documents\7 semestre\2. Sistemas Programables\UNIDAD I\ENTRENADOR\RETARDOS.INC
              Retardos_ms   0x0000bd    program     static C:\Users\Brenda\Dropbox\PC\Documents\7 semestre\2. Sistemas Programables\UNIDAD I\ENTRENADOR\RETARDOS.INC
            Rmicros_Bucle   0x0000ab    program     static C:\Users\Brenda\Dropbox\PC\Documents\7 semestre\2. Sistemas Programables\UNIDAD I\ENTRENADOR\RETARDOS.INC



                              Symbols - Sorted by Address
                     Name    Address   Location    Storage File                     
                ---------  ---------  ---------  --------- ---------                
                   Inicio   0x000000    program     static C:\Users\Brenda\Dropbox\PC\Documents\7 semestre\2. Sistemas Programables\UNIDAD I\ENTRENADOR\LCD_03 877.asm
                Principal   0x000001    program     static C:\Users\Brenda\Dropbox\PC\Documents\7 semestre\2. Sistemas Programables\UNIDAD I\ENTRENADOR\LCD_03 877.asm
           LCD_Inicializa   0x000013    program     static C:\Users\Brenda\Dropbox\PC\Documents\7 semestre\2. Sistemas Programables\UNIDAD I\ENTRENADOR\LCD_4BIT.INC
           LCD_EscribeLCD   0x00002b    program     static C:\Users\Brenda\Dropbox\PC\Documents\7 semestre\2. Sistemas Programables\UNIDAD I\ENTRENADOR\LCD_4BIT.INC
           LCD_CursorIncr   0x00003f    program     static C:\Users\Brenda\Dropbox\PC\Documents\7 semestre\2. Sistemas Programables\UNIDAD I\ENTRENADOR\LCD_4BIT.INC
               LCD_Linea1   0x000041    program     static C:\Users\Brenda\Dropbox\PC\Documents\7 semestre\2. Sistemas Programables\UNIDAD I\ENTRENADOR\LCD_4BIT.INC
               LCD_Linea2   0x000043    program     static C:\Users\Brenda\Dropbox\PC\Documents\7 semestre\2. Sistemas Programables\UNIDAD I\ENTRENADOR\LCD_4BIT.INC
       LCD_PosicionLinea1   0x000045    program     static C:\Users\Brenda\Dropbox\PC\Documents\7 semestre\2. Sistemas Programables\UNIDAD I\ENTRENADOR\LCD_4BIT.INC
       LCD_PosicionLinea2   0x000047    program     static C:\Users\Brenda\Dropbox\PC\Documents\7 semestre\2. Sistemas Programables\UNIDAD I\ENTRENADOR\LCD_4BIT.INC
                  LCD_OFF   0x000049    program     static C:\Users\Brenda\Dropbox\PC\Documents\7 semestre\2. Sistemas Programables\UNIDAD I\ENTRENADOR\LCD_4BIT.INC
             LCD_CursorON   0x00004b    program     static C:\Users\Brenda\Dropbox\PC\Documents\7 semestre\2. Sistemas Programables\UNIDAD I\ENTRENADOR\LCD_4BIT.INC
            LCD_CursorOFF   0x00004d    program     static C:\Users\Brenda\Dropbox\PC\Documents\7 semestre\2. Sistemas Programables\UNIDAD I\ENTRENADOR\LCD_4BIT.INC
                LCD_Borra   0x00004f    program     static C:\Users\Brenda\Dropbox\PC\Documents\7 semestre\2. Sistemas Programables\UNIDAD I\ENTRENADOR\LCD_4BIT.INC
      LCD_2Lineas4Bits5x7   0x000051    program     static C:\Users\Brenda\Dropbox\PC\Documents\7 semestre\2. Sistemas Programables\UNIDAD I\ENTRENADOR\LCD_4BIT.INC
         LCD_EnviaComando   0x000052    program     static C:\Users\Brenda\Dropbox\PC\Documents\7 semestre\2. Sistemas Programables\UNIDAD I\ENTRENADOR\LCD_4BIT.INC
             LCD_Caracter   0x000054    program     static C:\Users\Brenda\Dropbox\PC\Documents\7 semestre\2. Sistemas Programables\UNIDAD I\ENTRENADOR\LCD_4BIT.INC
                LCD_Envia   0x000056    program     static C:\Users\Brenda\Dropbox\PC\Documents\7 semestre\2. Sistemas Programables\UNIDAD I\ENTRENADOR\LCD_4BIT.INC
          LCD_CodigoCGROM   0x00005e    program     static C:\Users\Brenda\Dropbox\PC\Documents\7 semestre\2. Sistemas Programables\UNIDAD I\ENTRENADOR\LCD_4BIT.INC
        LCD_EnheMinuscula   0x00005f    program     static C:\Users\Brenda\Dropbox\PC\Documents\7 semestre\2. Sistemas Programables\UNIDAD I\ENTRENADOR\LCD_4BIT.INC
        LCD_EnheMayuscula   0x000065    program     static C:\Users\Brenda\Dropbox\PC\Documents\7 semestre\2. Sistemas Programables\UNIDAD I\ENTRENADOR\LCD_4BIT.INC
                LCD_Grado   0x00006c    program     static C:\Users\Brenda\Dropbox\PC\Documents\7 semestre\2. Sistemas Programables\UNIDAD I\ENTRENADOR\LCD_4BIT.INC
             LCD_FinCGROM   0x000072    program     static C:\Users\Brenda\Dropbox\PC\Documents\7 semestre\2. Sistemas Programables\UNIDAD I\ENTRENADOR\LCD_4BIT.INC
        LCD_LineaEnBlanco   0x000074    program     static C:\Users\Brenda\Dropbox\PC\Documents\7 semestre\2. Sistemas Programables\UNIDAD I\ENTRENADOR\LCD_4BIT.INC
      LCD_UnEspacioBlanco   0x000076    program     static C:\Users\Brenda\Dropbox\PC\Documents\7 semestre\2. Sistemas Programables\UNIDAD I\ENTRENADOR\LCD_4BIT.INC
   LCD_DosEspaciosBlancos   0x000078    program     static C:\Users\Brenda\Dropbox\PC\Documents\7 semestre\2. Sistemas Programables\UNIDAD I\ENTRENADOR\LCD_4BIT.INC
  LCD_TresEspaciosBlancos   0x00007a    program     static C:\Users\Brenda\Dropbox\PC\Documents\7 semestre\2. Sistemas Programables\UNIDAD I\ENTRENADOR\LCD_4BIT.INC
         LCD_EnviaBlancos   0x00007b    program     static C:\Users\Brenda\Dropbox\PC\Documents\7 semestre\2. Sistemas Programables\UNIDAD I\ENTRENADOR\LCD_4BIT.INC
      LCD_EnviaOtroBlanco   0x00007c    program     static C:\Users\Brenda\Dropbox\PC\Documents\7 semestre\2. Sistemas Programables\UNIDAD I\ENTRENADOR\LCD_4BIT.INC
                 LCD_Byte   0x000081    program     static C:\Users\Brenda\Dropbox\PC\Documents\7 semestre\2. Sistemas Programables\UNIDAD I\ENTRENADOR\LCD_4BIT.INC
         LCD_ByteCompleto   0x000088    program     static C:\Users\Brenda\Dropbox\PC\Documents\7 semestre\2. Sistemas Programables\UNIDAD I\ENTRENADOR\LCD_4BIT.INC
        LCD_VisualizaAlto   0x000089    program     static C:\Users\Brenda\Dropbox\PC\Documents\7 semestre\2. Sistemas Programables\UNIDAD I\ENTRENADOR\LCD_4BIT.INC
        LCD_VisualizaBajo   0x00008b    program     static C:\Users\Brenda\Dropbox\PC\Documents\7 semestre\2. Sistemas Programables\UNIDAD I\ENTRENADOR\LCD_4BIT.INC
               LCD_Nibble   0x00008c    program     static C:\Users\Brenda\Dropbox\PC\Documents\7 semestre\2. Sistemas Programables\UNIDAD I\ENTRENADOR\LCD_4BIT.INC
       LCD_EnviaByteLetra   0x000094    program     static C:\Users\Brenda\Dropbox\PC\Documents\7 semestre\2. Sistemas Programables\UNIDAD I\ENTRENADOR\LCD_4BIT.INC
   LCD_FinVisualizaDigito   0x000096    program     static C:\Users\Brenda\Dropbox\PC\Documents\7 semestre\2. Sistemas Programables\UNIDAD I\ENTRENADOR\LCD_4BIT.INC
         Retardo_10micros   0x000097    program     static C:\Users\Brenda\Dropbox\PC\Documents\7 semestre\2. Sistemas Programables\UNIDAD I\ENTRENADOR\RETARDOS.INC
          Retardo_5micros   0x00009c    program     static C:\Users\Brenda\Dropbox\PC\Documents\7 semestre\2. Sistemas Programables\UNIDAD I\ENTRENADOR\RETARDOS.INC
          Retardo_4micros   0x00009d    program     static C:\Users\Brenda\Dropbox\PC\Documents\7 semestre\2. Sistemas Programables\UNIDAD I\ENTRENADOR\RETARDOS.INC
        Retardo_500micros   0x00009e    program     static C:\Users\Brenda\Dropbox\PC\Documents\7 semestre\2. Sistemas Programables\UNIDAD I\ENTRENADOR\RETARDOS.INC
        Retardo_200micros   0x0000a1    program     static C:\Users\Brenda\Dropbox\PC\Documents\7 semestre\2. Sistemas Programables\UNIDAD I\ENTRENADOR\RETARDOS.INC
        Retardo_100micros   0x0000a4    program     static C:\Users\Brenda\Dropbox\PC\Documents\7 semestre\2. Sistemas Programables\UNIDAD I\ENTRENADOR\RETARDOS.INC
         Retardo_50micros   0x0000a6    program     static C:\Users\Brenda\Dropbox\PC\Documents\7 semestre\2. Sistemas Programables\UNIDAD I\ENTRENADOR\RETARDOS.INC
         Retardo_20micros   0x0000a9    program     static C:\Users\Brenda\Dropbox\PC\Documents\7 semestre\2. Sistemas Programables\UNIDAD I\ENTRENADOR\RETARDOS.INC
            RetardoMicros   0x0000aa    program     static C:\Users\Brenda\Dropbox\PC\Documents\7 semestre\2. Sistemas Programables\UNIDAD I\ENTRENADOR\RETARDOS.INC
            Rmicros_Bucle   0x0000ab    program     static C:\Users\Brenda\Dropbox\PC\Documents\7 semestre\2. Sistemas Programables\UNIDAD I\ENTRENADOR\RETARDOS.INC
            Retardo_200ms   0x0000ae    program     static C:\Users\Brenda\Dropbox\PC\Documents\7 semestre\2. Sistemas Programables\UNIDAD I\ENTRENADOR\RETARDOS.INC
            Retardo_100ms   0x0000b0    program     static C:\Users\Brenda\Dropbox\PC\Documents\7 semestre\2. Sistemas Programables\UNIDAD I\ENTRENADOR\RETARDOS.INC
             Retardo_50ms   0x0000b2    program     static C:\Users\Brenda\Dropbox\PC\Documents\7 semestre\2. Sistemas Programables\UNIDAD I\ENTRENADOR\RETARDOS.INC
             Retardo_20ms   0x0000b4    program     static C:\Users\Brenda\Dropbox\PC\Documents\7 semestre\2. Sistemas Programables\UNIDAD I\ENTRENADOR\RETARDOS.INC
             Retardo_10ms   0x0000b6    program     static C:\Users\Brenda\Dropbox\PC\Documents\7 semestre\2. Sistemas Programables\UNIDAD I\ENTRENADOR\RETARDOS.INC
              Retardo_5ms   0x0000b8    program     static C:\Users\Brenda\Dropbox\PC\Documents\7 semestre\2. Sistemas Programables\UNIDAD I\ENTRENADOR\RETARDOS.INC
              Retardo_2ms   0x0000ba    program     static C:\Users\Brenda\Dropbox\PC\Documents\7 semestre\2. Sistemas Programables\UNIDAD I\ENTRENADOR\RETARDOS.INC
              Retardo_1ms   0x0000bc    program     static C:\Users\Brenda\Dropbox\PC\Documents\7 semestre\2. Sistemas Programables\UNIDAD I\ENTRENADOR\RETARDOS.INC
              Retardos_ms   0x0000bd    program     static C:\Users\Brenda\Dropbox\PC\Documents\7 semestre\2. Sistemas Programables\UNIDAD I\ENTRENADOR\RETARDOS.INC
        R1ms_BucleExterno   0x0000be    program     static C:\Users\Brenda\Dropbox\PC\Documents\7 semestre\2. Sistemas Programables\UNIDAD I\ENTRENADOR\RETARDOS.INC
        R1ms_BucleInterno   0x0000c0    program     static C:\Users\Brenda\Dropbox\PC\Documents\7 semestre\2. Sistemas Programables\UNIDAD I\ENTRENADOR\RETARDOS.INC
              Retardo_20s   0x0000c6    program     static C:\Users\Brenda\Dropbox\PC\Documents\7 semestre\2. Sistemas Programables\UNIDAD I\ENTRENADOR\RETARDOS.INC
              Retardo_10s   0x0000c8    program     static C:\Users\Brenda\Dropbox\PC\Documents\7 semestre\2. Sistemas Programables\UNIDAD I\ENTRENADOR\RETARDOS.INC
               Retardo_5s   0x0000ca    program     static C:\Users\Brenda\Dropbox\PC\Documents\7 semestre\2. Sistemas Programables\UNIDAD I\ENTRENADOR\RETARDOS.INC
               Retardo_2s   0x0000cc    program     static C:\Users\Brenda\Dropbox\PC\Documents\7 semestre\2. Sistemas Programables\UNIDAD I\ENTRENADOR\RETARDOS.INC
               Retardo_1s   0x0000ce    program     static C:\Users\Brenda\Dropbox\PC\Documents\7 semestre\2. Sistemas Programables\UNIDAD I\ENTRENADOR\RETARDOS.INC
            Retardo_500ms   0x0000d0    program     static C:\Users\Brenda\Dropbox\PC\Documents\7 semestre\2. Sistemas Programables\UNIDAD I\ENTRENADOR\RETARDOS.INC
          Retardo_1Decima   0x0000d1    program     static C:\Users\Brenda\Dropbox\PC\Documents\7 semestre\2. Sistemas Programables\UNIDAD I\ENTRENADOR\RETARDOS.INC
   R1Decima_BucleExterno2   0x0000d2    program     static C:\Users\Brenda\Dropbox\PC\Documents\7 semestre\2. Sistemas Programables\UNIDAD I\ENTRENADOR\RETARDOS.INC
    R1Decima_BucleExterno   0x0000d4    program     static C:\Users\Brenda\Dropbox\PC\Documents\7 semestre\2. Sistemas Programables\UNIDAD I\ENTRENADOR\RETARDOS.INC
    R1Decima_BucleInterno   0x0000d6    program     static C:\Users\Brenda\Dropbox\PC\Documents\7 semestre\2. Sistemas Programables\UNIDAD I\ENTRENADOR\RETARDOS.INC


