MPLINK 4.49, Linker
Linker Map File - Created Mon Oct 04 11:27:30 2021

                                 Section Info
                  Section       Type    Address   Location Size(Bytes)
                ---------  ---------  ---------  ---------  ---------
                   .org_0       code   0x000000    program   0x000000
                   .org_1       code   0x000000    program   0x0001aa
    .config_2007_LCD_01.O       code   0x002007    program   0x000002



                              Program Memory Usage 
                               Start         End      
                           ---------   ---------      
                            0x000000    0x0000d4      
                            0x002007    0x002007      
            214 out of 1094 program addresses used, program memory utilization is 19%



                              Symbols - Sorted by Name
                     Name    Address   Location    Storage File                     
                ---------  ---------  ---------  --------- ---------                
                   Inicio   0x000000    program     static C:\Users\Brenda\Dropbox\PC\Documents\7 semestre\2. Sistemas Programables\UNIDAD I\ENTRENADOR\LCD_01.asm
      LCD_2Lineas4Bits5x7   0x000048    program     static C:\Users\Brenda\Dropbox\PC\Documents\7 semestre\2. Sistemas Programables\UNIDAD I\ENTRENADOR\LCD_4BIT.INC
                LCD_Borra   0x000046    program     static C:\Users\Brenda\Dropbox\PC\Documents\7 semestre\2. Sistemas Programables\UNIDAD I\ENTRENADOR\LCD_4BIT.INC
                 LCD_Byte   0x000078    program     static C:\Users\Brenda\Dropbox\PC\Documents\7 semestre\2. Sistemas Programables\UNIDAD I\ENTRENADOR\LCD_4BIT.INC
         LCD_ByteCompleto   0x00007f    program     static C:\Users\Brenda\Dropbox\PC\Documents\7 semestre\2. Sistemas Programables\UNIDAD I\ENTRENADOR\LCD_4BIT.INC
             LCD_Caracter   0x00004b    program     static C:\Users\Brenda\Dropbox\PC\Documents\7 semestre\2. Sistemas Programables\UNIDAD I\ENTRENADOR\LCD_4BIT.INC
          LCD_CodigoCGROM   0x000055    program     static C:\Users\Brenda\Dropbox\PC\Documents\7 semestre\2. Sistemas Programables\UNIDAD I\ENTRENADOR\LCD_4BIT.INC
           LCD_CursorIncr   0x000036    program     static C:\Users\Brenda\Dropbox\PC\Documents\7 semestre\2. Sistemas Programables\UNIDAD I\ENTRENADOR\LCD_4BIT.INC
            LCD_CursorOFF   0x000044    program     static C:\Users\Brenda\Dropbox\PC\Documents\7 semestre\2. Sistemas Programables\UNIDAD I\ENTRENADOR\LCD_4BIT.INC
             LCD_CursorON   0x000042    program     static C:\Users\Brenda\Dropbox\PC\Documents\7 semestre\2. Sistemas Programables\UNIDAD I\ENTRENADOR\LCD_4BIT.INC
   LCD_DosEspaciosBlancos   0x00006f    program     static C:\Users\Brenda\Dropbox\PC\Documents\7 semestre\2. Sistemas Programables\UNIDAD I\ENTRENADOR\LCD_4BIT.INC
        LCD_EnheMayuscula   0x00005c    program     static C:\Users\Brenda\Dropbox\PC\Documents\7 semestre\2. Sistemas Programables\UNIDAD I\ENTRENADOR\LCD_4BIT.INC
        LCD_EnheMinuscula   0x000056    program     static C:\Users\Brenda\Dropbox\PC\Documents\7 semestre\2. Sistemas Programables\UNIDAD I\ENTRENADOR\LCD_4BIT.INC
                LCD_Envia   0x00004d    program     static C:\Users\Brenda\Dropbox\PC\Documents\7 semestre\2. Sistemas Programables\UNIDAD I\ENTRENADOR\LCD_4BIT.INC
         LCD_EnviaBlancos   0x000072    program     static C:\Users\Brenda\Dropbox\PC\Documents\7 semestre\2. Sistemas Programables\UNIDAD I\ENTRENADOR\LCD_4BIT.INC
       LCD_EnviaByteLetra   0x00008b    program     static C:\Users\Brenda\Dropbox\PC\Documents\7 semestre\2. Sistemas Programables\UNIDAD I\ENTRENADOR\LCD_4BIT.INC
         LCD_EnviaComando   0x000049    program     static C:\Users\Brenda\Dropbox\PC\Documents\7 semestre\2. Sistemas Programables\UNIDAD I\ENTRENADOR\LCD_4BIT.INC
      LCD_EnviaOtroBlanco   0x000073    program     static C:\Users\Brenda\Dropbox\PC\Documents\7 semestre\2. Sistemas Programables\UNIDAD I\ENTRENADOR\LCD_4BIT.INC
           LCD_EscribeLCD   0x000022    program     static C:\Users\Brenda\Dropbox\PC\Documents\7 semestre\2. Sistemas Programables\UNIDAD I\ENTRENADOR\LCD_4BIT.INC
             LCD_FinCGROM   0x000069    program     static C:\Users\Brenda\Dropbox\PC\Documents\7 semestre\2. Sistemas Programables\UNIDAD I\ENTRENADOR\LCD_4BIT.INC
   LCD_FinVisualizaDigito   0x00008d    program     static C:\Users\Brenda\Dropbox\PC\Documents\7 semestre\2. Sistemas Programables\UNIDAD I\ENTRENADOR\LCD_4BIT.INC
                LCD_Grado   0x000063    program     static C:\Users\Brenda\Dropbox\PC\Documents\7 semestre\2. Sistemas Programables\UNIDAD I\ENTRENADOR\LCD_4BIT.INC
           LCD_Inicializa   0x00000a    program     static C:\Users\Brenda\Dropbox\PC\Documents\7 semestre\2. Sistemas Programables\UNIDAD I\ENTRENADOR\LCD_4BIT.INC
               LCD_Linea1   0x000038    program     static C:\Users\Brenda\Dropbox\PC\Documents\7 semestre\2. Sistemas Programables\UNIDAD I\ENTRENADOR\LCD_4BIT.INC
               LCD_Linea2   0x00003a    program     static C:\Users\Brenda\Dropbox\PC\Documents\7 semestre\2. Sistemas Programables\UNIDAD I\ENTRENADOR\LCD_4BIT.INC
        LCD_LineaEnBlanco   0x00006b    program     static C:\Users\Brenda\Dropbox\PC\Documents\7 semestre\2. Sistemas Programables\UNIDAD I\ENTRENADOR\LCD_4BIT.INC
               LCD_Nibble   0x000083    program     static C:\Users\Brenda\Dropbox\PC\Documents\7 semestre\2. Sistemas Programables\UNIDAD I\ENTRENADOR\LCD_4BIT.INC
                  LCD_OFF   0x000040    program     static C:\Users\Brenda\Dropbox\PC\Documents\7 semestre\2. Sistemas Programables\UNIDAD I\ENTRENADOR\LCD_4BIT.INC
       LCD_PosicionLinea1   0x00003c    program     static C:\Users\Brenda\Dropbox\PC\Documents\7 semestre\2. Sistemas Programables\UNIDAD I\ENTRENADOR\LCD_4BIT.INC
       LCD_PosicionLinea2   0x00003e    program     static C:\Users\Brenda\Dropbox\PC\Documents\7 semestre\2. Sistemas Programables\UNIDAD I\ENTRENADOR\LCD_4BIT.INC
  LCD_TresEspaciosBlancos   0x000071    program     static C:\Users\Brenda\Dropbox\PC\Documents\7 semestre\2. Sistemas Programables\UNIDAD I\ENTRENADOR\LCD_4BIT.INC
      LCD_UnEspacioBlanco   0x00006d    program     static C:\Users\Brenda\Dropbox\PC\Documents\7 semestre\2. Sistemas Programables\UNIDAD I\ENTRENADOR\LCD_4BIT.INC
        LCD_VisualizaAlto   0x000080    program     static C:\Users\Brenda\Dropbox\PC\Documents\7 semestre\2. Sistemas Programables\UNIDAD I\ENTRENADOR\LCD_4BIT.INC
        LCD_VisualizaBajo   0x000082    program     static C:\Users\Brenda\Dropbox\PC\Documents\7 semestre\2. Sistemas Programables\UNIDAD I\ENTRENADOR\LCD_4BIT.INC
    R1Decima_BucleExterno   0x0000cb    program     static C:\Users\Brenda\Dropbox\PC\Documents\7 semestre\2. Sistemas Programables\UNIDAD I\ENTRENADOR\RETARDOS.INC
   R1Decima_BucleExterno2   0x0000c9    program     static C:\Users\Brenda\Dropbox\PC\Documents\7 semestre\2. Sistemas Programables\UNIDAD I\ENTRENADOR\RETARDOS.INC
    R1Decima_BucleInterno   0x0000cd    program     static C:\Users\Brenda\Dropbox\PC\Documents\7 semestre\2. Sistemas Programables\UNIDAD I\ENTRENADOR\RETARDOS.INC
        R1ms_BucleExterno   0x0000b5    program     static C:\Users\Brenda\Dropbox\PC\Documents\7 semestre\2. Sistemas Programables\UNIDAD I\ENTRENADOR\RETARDOS.INC
        R1ms_BucleInterno   0x0000b7    program     static C:\Users\Brenda\Dropbox\PC\Documents\7 semestre\2. Sistemas Programables\UNIDAD I\ENTRENADOR\RETARDOS.INC
            RetardoMicros   0x0000a1    program     static C:\Users\Brenda\Dropbox\PC\Documents\7 semestre\2. Sistemas Programables\UNIDAD I\ENTRENADOR\RETARDOS.INC
        Retardo_100micros   0x00009b    program     static C:\Users\Brenda\Dropbox\PC\Documents\7 semestre\2. Sistemas Programables\UNIDAD I\ENTRENADOR\RETARDOS.INC
            Retardo_100ms   0x0000a7    program     static C:\Users\Brenda\Dropbox\PC\Documents\7 semestre\2. Sistemas Programables\UNIDAD I\ENTRENADOR\RETARDOS.INC
         Retardo_10micros   0x00008e    program     static C:\Users\Brenda\Dropbox\PC\Documents\7 semestre\2. Sistemas Programables\UNIDAD I\ENTRENADOR\RETARDOS.INC
             Retardo_10ms   0x0000ad    program     static C:\Users\Brenda\Dropbox\PC\Documents\7 semestre\2. Sistemas Programables\UNIDAD I\ENTRENADOR\RETARDOS.INC
              Retardo_10s   0x0000bf    program     static C:\Users\Brenda\Dropbox\PC\Documents\7 semestre\2. Sistemas Programables\UNIDAD I\ENTRENADOR\RETARDOS.INC
          Retardo_1Decima   0x0000c8    program     static C:\Users\Brenda\Dropbox\PC\Documents\7 semestre\2. Sistemas Programables\UNIDAD I\ENTRENADOR\RETARDOS.INC
              Retardo_1ms   0x0000b3    program     static C:\Users\Brenda\Dropbox\PC\Documents\7 semestre\2. Sistemas Programables\UNIDAD I\ENTRENADOR\RETARDOS.INC
               Retardo_1s   0x0000c5    program     static C:\Users\Brenda\Dropbox\PC\Documents\7 semestre\2. Sistemas Programables\UNIDAD I\ENTRENADOR\RETARDOS.INC
        Retardo_200micros   0x000098    program     static C:\Users\Brenda\Dropbox\PC\Documents\7 semestre\2. Sistemas Programables\UNIDAD I\ENTRENADOR\RETARDOS.INC
            Retardo_200ms   0x0000a5    program     static C:\Users\Brenda\Dropbox\PC\Documents\7 semestre\2. Sistemas Programables\UNIDAD I\ENTRENADOR\RETARDOS.INC
         Retardo_20micros   0x0000a0    program     static C:\Users\Brenda\Dropbox\PC\Documents\7 semestre\2. Sistemas Programables\UNIDAD I\ENTRENADOR\RETARDOS.INC
             Retardo_20ms   0x0000ab    program     static C:\Users\Brenda\Dropbox\PC\Documents\7 semestre\2. Sistemas Programables\UNIDAD I\ENTRENADOR\RETARDOS.INC
              Retardo_20s   0x0000bd    program     static C:\Users\Brenda\Dropbox\PC\Documents\7 semestre\2. Sistemas Programables\UNIDAD I\ENTRENADOR\RETARDOS.INC
              Retardo_2ms   0x0000b1    program     static C:\Users\Brenda\Dropbox\PC\Documents\7 semestre\2. Sistemas Programables\UNIDAD I\ENTRENADOR\RETARDOS.INC
               Retardo_2s   0x0000c3    program     static C:\Users\Brenda\Dropbox\PC\Documents\7 semestre\2. Sistemas Programables\UNIDAD I\ENTRENADOR\RETARDOS.INC
          Retardo_4micros   0x000094    program     static C:\Users\Brenda\Dropbox\PC\Documents\7 semestre\2. Sistemas Programables\UNIDAD I\ENTRENADOR\RETARDOS.INC
        Retardo_500micros   0x000095    program     static C:\Users\Brenda\Dropbox\PC\Documents\7 semestre\2. Sistemas Programables\UNIDAD I\ENTRENADOR\RETARDOS.INC
            Retardo_500ms   0x0000c7    program     static C:\Users\Brenda\Dropbox\PC\Documents\7 semestre\2. Sistemas Programables\UNIDAD I\ENTRENADOR\RETARDOS.INC
         Retardo_50micros   0x00009d    program     static C:\Users\Brenda\Dropbox\PC\Documents\7 semestre\2. Sistemas Programables\UNIDAD I\ENTRENADOR\RETARDOS.INC
             Retardo_50ms   0x0000a9    program     static C:\Users\Brenda\Dropbox\PC\Documents\7 semestre\2. Sistemas Programables\UNIDAD I\ENTRENADOR\RETARDOS.INC
          Retardo_5micros   0x000093    program     static C:\Users\Brenda\Dropbox\PC\Documents\7 semestre\2. Sistemas Programables\UNIDAD I\ENTRENADOR\RETARDOS.INC
              Retardo_5ms   0x0000af    program     static C:\Users\Brenda\Dropbox\PC\Documents\7 semestre\2. Sistemas Programables\UNIDAD I\ENTRENADOR\RETARDOS.INC
               Retardo_5s   0x0000c1    program     static C:\Users\Brenda\Dropbox\PC\Documents\7 semestre\2. Sistemas Programables\UNIDAD I\ENTRENADOR\RETARDOS.INC
              Retardos_ms   0x0000b4    program     static C:\Users\Brenda\Dropbox\PC\Documents\7 semestre\2. Sistemas Programables\UNIDAD I\ENTRENADOR\RETARDOS.INC
            Rmicros_Bucle   0x0000a2    program     static C:\Users\Brenda\Dropbox\PC\Documents\7 semestre\2. Sistemas Programables\UNIDAD I\ENTRENADOR\RETARDOS.INC



                              Symbols - Sorted by Address
                     Name    Address   Location    Storage File                     
                ---------  ---------  ---------  --------- ---------                
                   Inicio   0x000000    program     static C:\Users\Brenda\Dropbox\PC\Documents\7 semestre\2. Sistemas Programables\UNIDAD I\ENTRENADOR\LCD_01.asm
           LCD_Inicializa   0x00000a    program     static C:\Users\Brenda\Dropbox\PC\Documents\7 semestre\2. Sistemas Programables\UNIDAD I\ENTRENADOR\LCD_4BIT.INC
           LCD_EscribeLCD   0x000022    program     static C:\Users\Brenda\Dropbox\PC\Documents\7 semestre\2. Sistemas Programables\UNIDAD I\ENTRENADOR\LCD_4BIT.INC
           LCD_CursorIncr   0x000036    program     static C:\Users\Brenda\Dropbox\PC\Documents\7 semestre\2. Sistemas Programables\UNIDAD I\ENTRENADOR\LCD_4BIT.INC
               LCD_Linea1   0x000038    program     static C:\Users\Brenda\Dropbox\PC\Documents\7 semestre\2. Sistemas Programables\UNIDAD I\ENTRENADOR\LCD_4BIT.INC
               LCD_Linea2   0x00003a    program     static C:\Users\Brenda\Dropbox\PC\Documents\7 semestre\2. Sistemas Programables\UNIDAD I\ENTRENADOR\LCD_4BIT.INC
       LCD_PosicionLinea1   0x00003c    program     static C:\Users\Brenda\Dropbox\PC\Documents\7 semestre\2. Sistemas Programables\UNIDAD I\ENTRENADOR\LCD_4BIT.INC
       LCD_PosicionLinea2   0x00003e    program     static C:\Users\Brenda\Dropbox\PC\Documents\7 semestre\2. Sistemas Programables\UNIDAD I\ENTRENADOR\LCD_4BIT.INC
                  LCD_OFF   0x000040    program     static C:\Users\Brenda\Dropbox\PC\Documents\7 semestre\2. Sistemas Programables\UNIDAD I\ENTRENADOR\LCD_4BIT.INC
             LCD_CursorON   0x000042    program     static C:\Users\Brenda\Dropbox\PC\Documents\7 semestre\2. Sistemas Programables\UNIDAD I\ENTRENADOR\LCD_4BIT.INC
            LCD_CursorOFF   0x000044    program     static C:\Users\Brenda\Dropbox\PC\Documents\7 semestre\2. Sistemas Programables\UNIDAD I\ENTRENADOR\LCD_4BIT.INC
                LCD_Borra   0x000046    program     static C:\Users\Brenda\Dropbox\PC\Documents\7 semestre\2. Sistemas Programables\UNIDAD I\ENTRENADOR\LCD_4BIT.INC
      LCD_2Lineas4Bits5x7   0x000048    program     static C:\Users\Brenda\Dropbox\PC\Documents\7 semestre\2. Sistemas Programables\UNIDAD I\ENTRENADOR\LCD_4BIT.INC
         LCD_EnviaComando   0x000049    program     static C:\Users\Brenda\Dropbox\PC\Documents\7 semestre\2. Sistemas Programables\UNIDAD I\ENTRENADOR\LCD_4BIT.INC
             LCD_Caracter   0x00004b    program     static C:\Users\Brenda\Dropbox\PC\Documents\7 semestre\2. Sistemas Programables\UNIDAD I\ENTRENADOR\LCD_4BIT.INC
                LCD_Envia   0x00004d    program     static C:\Users\Brenda\Dropbox\PC\Documents\7 semestre\2. Sistemas Programables\UNIDAD I\ENTRENADOR\LCD_4BIT.INC
          LCD_CodigoCGROM   0x000055    program     static C:\Users\Brenda\Dropbox\PC\Documents\7 semestre\2. Sistemas Programables\UNIDAD I\ENTRENADOR\LCD_4BIT.INC
        LCD_EnheMinuscula   0x000056    program     static C:\Users\Brenda\Dropbox\PC\Documents\7 semestre\2. Sistemas Programables\UNIDAD I\ENTRENADOR\LCD_4BIT.INC
        LCD_EnheMayuscula   0x00005c    program     static C:\Users\Brenda\Dropbox\PC\Documents\7 semestre\2. Sistemas Programables\UNIDAD I\ENTRENADOR\LCD_4BIT.INC
                LCD_Grado   0x000063    program     static C:\Users\Brenda\Dropbox\PC\Documents\7 semestre\2. Sistemas Programables\UNIDAD I\ENTRENADOR\LCD_4BIT.INC
             LCD_FinCGROM   0x000069    program     static C:\Users\Brenda\Dropbox\PC\Documents\7 semestre\2. Sistemas Programables\UNIDAD I\ENTRENADOR\LCD_4BIT.INC
        LCD_LineaEnBlanco   0x00006b    program     static C:\Users\Brenda\Dropbox\PC\Documents\7 semestre\2. Sistemas Programables\UNIDAD I\ENTRENADOR\LCD_4BIT.INC
      LCD_UnEspacioBlanco   0x00006d    program     static C:\Users\Brenda\Dropbox\PC\Documents\7 semestre\2. Sistemas Programables\UNIDAD I\ENTRENADOR\LCD_4BIT.INC
   LCD_DosEspaciosBlancos   0x00006f    program     static C:\Users\Brenda\Dropbox\PC\Documents\7 semestre\2. Sistemas Programables\UNIDAD I\ENTRENADOR\LCD_4BIT.INC
  LCD_TresEspaciosBlancos   0x000071    program     static C:\Users\Brenda\Dropbox\PC\Documents\7 semestre\2. Sistemas Programables\UNIDAD I\ENTRENADOR\LCD_4BIT.INC
         LCD_EnviaBlancos   0x000072    program     static C:\Users\Brenda\Dropbox\PC\Documents\7 semestre\2. Sistemas Programables\UNIDAD I\ENTRENADOR\LCD_4BIT.INC
      LCD_EnviaOtroBlanco   0x000073    program     static C:\Users\Brenda\Dropbox\PC\Documents\7 semestre\2. Sistemas Programables\UNIDAD I\ENTRENADOR\LCD_4BIT.INC
                 LCD_Byte   0x000078    program     static C:\Users\Brenda\Dropbox\PC\Documents\7 semestre\2. Sistemas Programables\UNIDAD I\ENTRENADOR\LCD_4BIT.INC
         LCD_ByteCompleto   0x00007f    program     static C:\Users\Brenda\Dropbox\PC\Documents\7 semestre\2. Sistemas Programables\UNIDAD I\ENTRENADOR\LCD_4BIT.INC
        LCD_VisualizaAlto   0x000080    program     static C:\Users\Brenda\Dropbox\PC\Documents\7 semestre\2. Sistemas Programables\UNIDAD I\ENTRENADOR\LCD_4BIT.INC
        LCD_VisualizaBajo   0x000082    program     static C:\Users\Brenda\Dropbox\PC\Documents\7 semestre\2. Sistemas Programables\UNIDAD I\ENTRENADOR\LCD_4BIT.INC
               LCD_Nibble   0x000083    program     static C:\Users\Brenda\Dropbox\PC\Documents\7 semestre\2. Sistemas Programables\UNIDAD I\ENTRENADOR\LCD_4BIT.INC
       LCD_EnviaByteLetra   0x00008b    program     static C:\Users\Brenda\Dropbox\PC\Documents\7 semestre\2. Sistemas Programables\UNIDAD I\ENTRENADOR\LCD_4BIT.INC
   LCD_FinVisualizaDigito   0x00008d    program     static C:\Users\Brenda\Dropbox\PC\Documents\7 semestre\2. Sistemas Programables\UNIDAD I\ENTRENADOR\LCD_4BIT.INC
         Retardo_10micros   0x00008e    program     static C:\Users\Brenda\Dropbox\PC\Documents\7 semestre\2. Sistemas Programables\UNIDAD I\ENTRENADOR\RETARDOS.INC
          Retardo_5micros   0x000093    program     static C:\Users\Brenda\Dropbox\PC\Documents\7 semestre\2. Sistemas Programables\UNIDAD I\ENTRENADOR\RETARDOS.INC
          Retardo_4micros   0x000094    program     static C:\Users\Brenda\Dropbox\PC\Documents\7 semestre\2. Sistemas Programables\UNIDAD I\ENTRENADOR\RETARDOS.INC
        Retardo_500micros   0x000095    program     static C:\Users\Brenda\Dropbox\PC\Documents\7 semestre\2. Sistemas Programables\UNIDAD I\ENTRENADOR\RETARDOS.INC
        Retardo_200micros   0x000098    program     static C:\Users\Brenda\Dropbox\PC\Documents\7 semestre\2. Sistemas Programables\UNIDAD I\ENTRENADOR\RETARDOS.INC
        Retardo_100micros   0x00009b    program     static C:\Users\Brenda\Dropbox\PC\Documents\7 semestre\2. Sistemas Programables\UNIDAD I\ENTRENADOR\RETARDOS.INC
         Retardo_50micros   0x00009d    program     static C:\Users\Brenda\Dropbox\PC\Documents\7 semestre\2. Sistemas Programables\UNIDAD I\ENTRENADOR\RETARDOS.INC
         Retardo_20micros   0x0000a0    program     static C:\Users\Brenda\Dropbox\PC\Documents\7 semestre\2. Sistemas Programables\UNIDAD I\ENTRENADOR\RETARDOS.INC
            RetardoMicros   0x0000a1    program     static C:\Users\Brenda\Dropbox\PC\Documents\7 semestre\2. Sistemas Programables\UNIDAD I\ENTRENADOR\RETARDOS.INC
            Rmicros_Bucle   0x0000a2    program     static C:\Users\Brenda\Dropbox\PC\Documents\7 semestre\2. Sistemas Programables\UNIDAD I\ENTRENADOR\RETARDOS.INC
            Retardo_200ms   0x0000a5    program     static C:\Users\Brenda\Dropbox\PC\Documents\7 semestre\2. Sistemas Programables\UNIDAD I\ENTRENADOR\RETARDOS.INC
            Retardo_100ms   0x0000a7    program     static C:\Users\Brenda\Dropbox\PC\Documents\7 semestre\2. Sistemas Programables\UNIDAD I\ENTRENADOR\RETARDOS.INC
             Retardo_50ms   0x0000a9    program     static C:\Users\Brenda\Dropbox\PC\Documents\7 semestre\2. Sistemas Programables\UNIDAD I\ENTRENADOR\RETARDOS.INC
             Retardo_20ms   0x0000ab    program     static C:\Users\Brenda\Dropbox\PC\Documents\7 semestre\2. Sistemas Programables\UNIDAD I\ENTRENADOR\RETARDOS.INC
             Retardo_10ms   0x0000ad    program     static C:\Users\Brenda\Dropbox\PC\Documents\7 semestre\2. Sistemas Programables\UNIDAD I\ENTRENADOR\RETARDOS.INC
              Retardo_5ms   0x0000af    program     static C:\Users\Brenda\Dropbox\PC\Documents\7 semestre\2. Sistemas Programables\UNIDAD I\ENTRENADOR\RETARDOS.INC
              Retardo_2ms   0x0000b1    program     static C:\Users\Brenda\Dropbox\PC\Documents\7 semestre\2. Sistemas Programables\UNIDAD I\ENTRENADOR\RETARDOS.INC
              Retardo_1ms   0x0000b3    program     static C:\Users\Brenda\Dropbox\PC\Documents\7 semestre\2. Sistemas Programables\UNIDAD I\ENTRENADOR\RETARDOS.INC
              Retardos_ms   0x0000b4    program     static C:\Users\Brenda\Dropbox\PC\Documents\7 semestre\2. Sistemas Programables\UNIDAD I\ENTRENADOR\RETARDOS.INC
        R1ms_BucleExterno   0x0000b5    program     static C:\Users\Brenda\Dropbox\PC\Documents\7 semestre\2. Sistemas Programables\UNIDAD I\ENTRENADOR\RETARDOS.INC
        R1ms_BucleInterno   0x0000b7    program     static C:\Users\Brenda\Dropbox\PC\Documents\7 semestre\2. Sistemas Programables\UNIDAD I\ENTRENADOR\RETARDOS.INC
              Retardo_20s   0x0000bd    program     static C:\Users\Brenda\Dropbox\PC\Documents\7 semestre\2. Sistemas Programables\UNIDAD I\ENTRENADOR\RETARDOS.INC
              Retardo_10s   0x0000bf    program     static C:\Users\Brenda\Dropbox\PC\Documents\7 semestre\2. Sistemas Programables\UNIDAD I\ENTRENADOR\RETARDOS.INC
               Retardo_5s   0x0000c1    program     static C:\Users\Brenda\Dropbox\PC\Documents\7 semestre\2. Sistemas Programables\UNIDAD I\ENTRENADOR\RETARDOS.INC
               Retardo_2s   0x0000c3    program     static C:\Users\Brenda\Dropbox\PC\Documents\7 semestre\2. Sistemas Programables\UNIDAD I\ENTRENADOR\RETARDOS.INC
               Retardo_1s   0x0000c5    program     static C:\Users\Brenda\Dropbox\PC\Documents\7 semestre\2. Sistemas Programables\UNIDAD I\ENTRENADOR\RETARDOS.INC
            Retardo_500ms   0x0000c7    program     static C:\Users\Brenda\Dropbox\PC\Documents\7 semestre\2. Sistemas Programables\UNIDAD I\ENTRENADOR\RETARDOS.INC
          Retardo_1Decima   0x0000c8    program     static C:\Users\Brenda\Dropbox\PC\Documents\7 semestre\2. Sistemas Programables\UNIDAD I\ENTRENADOR\RETARDOS.INC
   R1Decima_BucleExterno2   0x0000c9    program     static C:\Users\Brenda\Dropbox\PC\Documents\7 semestre\2. Sistemas Programables\UNIDAD I\ENTRENADOR\RETARDOS.INC
    R1Decima_BucleExterno   0x0000cb    program     static C:\Users\Brenda\Dropbox\PC\Documents\7 semestre\2. Sistemas Programables\UNIDAD I\ENTRENADOR\RETARDOS.INC
    R1Decima_BucleInterno   0x0000cd    program     static C:\Users\Brenda\Dropbox\PC\Documents\7 semestre\2. Sistemas Programables\UNIDAD I\ENTRENADOR\RETARDOS.INC


