MPLINK 4.49, Linker
Linker Map File - Created Wed Sep 15 12:08:29 2021

                                 Section Info
                  Section       Type    Address   Location Size(Bytes)
                ---------  ---------  ---------  ---------  ---------
                   .org_0       code   0x000000    program   0x000000
                   .org_1       code   0x000000    program   0x00003c
     .config_2007_LEDS8.O       code   0x002007    program   0x000002



                              Program Memory Usage 
                               Start         End      
                           ---------   ---------      
                            0x000000    0x00001d      
                            0x002007    0x002007      
            31 out of 1094 program addresses used, program memory utilization is 2%



                              Symbols - Sorted by Name
                     Name    Address   Location    Storage File                     
                ---------  ---------  ---------  --------- ---------                
                   Inicio   0x000000    program     static C:\Users\Brenda\Dropbox\PC\Documents\7 semestre\2. Sistemas Programables\UNIDAD I\ENTRENADOR\leds8.asm
                   PDelL1   0x000012    program     static C:\Users\Brenda\Dropbox\PC\Documents\7 semestre\2. Sistemas Programables\UNIDAD I\ENTRENADOR\leds8.asm
                   PDelL2   0x000013    program     static C:\Users\Brenda\Dropbox\PC\Documents\7 semestre\2. Sistemas Programables\UNIDAD I\ENTRENADOR\leds8.asm
                   PDelL3   0x000014    program     static C:\Users\Brenda\Dropbox\PC\Documents\7 semestre\2. Sistemas Programables\UNIDAD I\ENTRENADOR\leds8.asm
                   PDelL4   0x000019    program     static C:\Users\Brenda\Dropbox\PC\Documents\7 semestre\2. Sistemas Programables\UNIDAD I\ENTRENADOR\leds8.asm
                   PDelL5   0x00001a    program     static C:\Users\Brenda\Dropbox\PC\Documents\7 semestre\2. Sistemas Programables\UNIDAD I\ENTRENADOR\leds8.asm
                   PDelL6   0x00001b    program     static C:\Users\Brenda\Dropbox\PC\Documents\7 semestre\2. Sistemas Programables\UNIDAD I\ENTRENADOR\leds8.asm
                   PDelL7   0x00001c    program     static C:\Users\Brenda\Dropbox\PC\Documents\7 semestre\2. Sistemas Programables\UNIDAD I\ENTRENADOR\leds8.asm
                   PLoop1   0x00000f    program     static C:\Users\Brenda\Dropbox\PC\Documents\7 semestre\2. Sistemas Programables\UNIDAD I\ENTRENADOR\leds8.asm
                   PLoop2   0x000011    program     static C:\Users\Brenda\Dropbox\PC\Documents\7 semestre\2. Sistemas Programables\UNIDAD I\ENTRENADOR\leds8.asm
                Principal   0x000003    program     static C:\Users\Brenda\Dropbox\PC\Documents\7 semestre\2. Sistemas Programables\UNIDAD I\ENTRENADOR\leds8.asm
                    pausa   0x00000d    program     static C:\Users\Brenda\Dropbox\PC\Documents\7 semestre\2. Sistemas Programables\UNIDAD I\ENTRENADOR\leds8.asm



                              Symbols - Sorted by Address
                     Name    Address   Location    Storage File                     
                ---------  ---------  ---------  --------- ---------                
                   Inicio   0x000000    program     static C:\Users\Brenda\Dropbox\PC\Documents\7 semestre\2. Sistemas Programables\UNIDAD I\ENTRENADOR\leds8.asm
                Principal   0x000003    program     static C:\Users\Brenda\Dropbox\PC\Documents\7 semestre\2. Sistemas Programables\UNIDAD I\ENTRENADOR\leds8.asm
                    pausa   0x00000d    program     static C:\Users\Brenda\Dropbox\PC\Documents\7 semestre\2. Sistemas Programables\UNIDAD I\ENTRENADOR\leds8.asm
                   PLoop1   0x00000f    program     static C:\Users\Brenda\Dropbox\PC\Documents\7 semestre\2. Sistemas Programables\UNIDAD I\ENTRENADOR\leds8.asm
                   PLoop2   0x000011    program     static C:\Users\Brenda\Dropbox\PC\Documents\7 semestre\2. Sistemas Programables\UNIDAD I\ENTRENADOR\leds8.asm
                   PDelL1   0x000012    program     static C:\Users\Brenda\Dropbox\PC\Documents\7 semestre\2. Sistemas Programables\UNIDAD I\ENTRENADOR\leds8.asm
                   PDelL2   0x000013    program     static C:\Users\Brenda\Dropbox\PC\Documents\7 semestre\2. Sistemas Programables\UNIDAD I\ENTRENADOR\leds8.asm
                   PDelL3   0x000014    program     static C:\Users\Brenda\Dropbox\PC\Documents\7 semestre\2. Sistemas Programables\UNIDAD I\ENTRENADOR\leds8.asm
                   PDelL4   0x000019    program     static C:\Users\Brenda\Dropbox\PC\Documents\7 semestre\2. Sistemas Programables\UNIDAD I\ENTRENADOR\leds8.asm
                   PDelL5   0x00001a    program     static C:\Users\Brenda\Dropbox\PC\Documents\7 semestre\2. Sistemas Programables\UNIDAD I\ENTRENADOR\leds8.asm
                   PDelL6   0x00001b    program     static C:\Users\Brenda\Dropbox\PC\Documents\7 semestre\2. Sistemas Programables\UNIDAD I\ENTRENADOR\leds8.asm
                   PDelL7   0x00001c    program     static C:\Users\Brenda\Dropbox\PC\Documents\7 semestre\2. Sistemas Programables\UNIDAD I\ENTRENADOR\leds8.asm


