MPLINK 4.49, Linker
Linker Map File - Created Mon Oct 11 11:43:53 2021

                                 Section Info
                  Section       Type    Address   Location Size(Bytes)
                ---------  ---------  ---------  ---------  ---------
                   .org_0       code   0x000000    program   0x000000
                   .org_1       code   0x000000    program   0x000288
.config_2007_MENSAJE_07 628.O       code   0x002007    program   0x000002



                              Program Memory Usage 
                               Start         End      
                           ---------   ---------      
                            0x000000    0x000143      
                            0x002007    0x002007      
            325 out of 1094 program addresses used, program memory utilization is 29%



                              Symbols - Sorted by Name
                     Name    Address   Location    Storage File                     
                ---------  ---------  ---------  --------- ---------                
                   Inicio   0x000000    program     static C:\Users\Brenda\Dropbox\PC\Documents\7 semestre\2. Sistemas Programables\UNIDAD I\ENTRENADOR\Mensaje_07 628.asm
      LCD_2Lineas4Bits5x7   0x0000b7    program     static C:\Users\Brenda\Dropbox\PC\Documents\7 semestre\2. Sistemas Programables\UNIDAD I\ENTRENADOR\LCD_4BIT.INC
                LCD_Borra   0x0000b5    program     static C:\Users\Brenda\Dropbox\PC\Documents\7 semestre\2. Sistemas Programables\UNIDAD I\ENTRENADOR\LCD_4BIT.INC
                 LCD_Byte   0x0000e7    program     static C:\Users\Brenda\Dropbox\PC\Documents\7 semestre\2. Sistemas Programables\UNIDAD I\ENTRENADOR\LCD_4BIT.INC
         LCD_ByteCompleto   0x0000ee    program     static C:\Users\Brenda\Dropbox\PC\Documents\7 semestre\2. Sistemas Programables\UNIDAD I\ENTRENADOR\LCD_4BIT.INC
             LCD_Caracter   0x0000ba    program     static C:\Users\Brenda\Dropbox\PC\Documents\7 semestre\2. Sistemas Programables\UNIDAD I\ENTRENADOR\LCD_4BIT.INC
          LCD_CodigoCGROM   0x0000c4    program     static C:\Users\Brenda\Dropbox\PC\Documents\7 semestre\2. Sistemas Programables\UNIDAD I\ENTRENADOR\LCD_4BIT.INC
           LCD_CursorIncr   0x0000a5    program     static C:\Users\Brenda\Dropbox\PC\Documents\7 semestre\2. Sistemas Programables\UNIDAD I\ENTRENADOR\LCD_4BIT.INC
            LCD_CursorOFF   0x0000b3    program     static C:\Users\Brenda\Dropbox\PC\Documents\7 semestre\2. Sistemas Programables\UNIDAD I\ENTRENADOR\LCD_4BIT.INC
             LCD_CursorON   0x0000b1    program     static C:\Users\Brenda\Dropbox\PC\Documents\7 semestre\2. Sistemas Programables\UNIDAD I\ENTRENADOR\LCD_4BIT.INC
   LCD_DosEspaciosBlancos   0x0000de    program     static C:\Users\Brenda\Dropbox\PC\Documents\7 semestre\2. Sistemas Programables\UNIDAD I\ENTRENADOR\LCD_4BIT.INC
        LCD_EnheMayuscula   0x0000cb    program     static C:\Users\Brenda\Dropbox\PC\Documents\7 semestre\2. Sistemas Programables\UNIDAD I\ENTRENADOR\LCD_4BIT.INC
        LCD_EnheMinuscula   0x0000c5    program     static C:\Users\Brenda\Dropbox\PC\Documents\7 semestre\2. Sistemas Programables\UNIDAD I\ENTRENADOR\LCD_4BIT.INC
                LCD_Envia   0x0000bc    program     static C:\Users\Brenda\Dropbox\PC\Documents\7 semestre\2. Sistemas Programables\UNIDAD I\ENTRENADOR\LCD_4BIT.INC
         LCD_EnviaBlancos   0x0000e1    program     static C:\Users\Brenda\Dropbox\PC\Documents\7 semestre\2. Sistemas Programables\UNIDAD I\ENTRENADOR\LCD_4BIT.INC
       LCD_EnviaByteLetra   0x0000fa    program     static C:\Users\Brenda\Dropbox\PC\Documents\7 semestre\2. Sistemas Programables\UNIDAD I\ENTRENADOR\LCD_4BIT.INC
         LCD_EnviaComando   0x0000b8    program     static C:\Users\Brenda\Dropbox\PC\Documents\7 semestre\2. Sistemas Programables\UNIDAD I\ENTRENADOR\LCD_4BIT.INC
      LCD_EnviaOtroBlanco   0x0000e2    program     static C:\Users\Brenda\Dropbox\PC\Documents\7 semestre\2. Sistemas Programables\UNIDAD I\ENTRENADOR\LCD_4BIT.INC
         LCD_EsFinalLinea   0x000069    program     static C:\Users\Brenda\Dropbox\PC\Documents\7 semestre\2. Sistemas Programables\UNIDAD I\ENTRENADOR\LCD_MENS.INC
           LCD_EscribeLCD   0x000091    program     static C:\Users\Brenda\Dropbox\PC\Documents\7 semestre\2. Sistemas Programables\UNIDAD I\ENTRENADOR\LCD_4BIT.INC
             LCD_FinCGROM   0x0000d8    program     static C:\Users\Brenda\Dropbox\PC\Documents\7 semestre\2. Sistemas Programables\UNIDAD I\ENTRENADOR\LCD_4BIT.INC
           LCD_FinMensaje   0x00005e    program     static C:\Users\Brenda\Dropbox\PC\Documents\7 semestre\2. Sistemas Programables\UNIDAD I\ENTRENADOR\LCD_MENS.INC
        LCD_FinMovimiento   0x000078    program     static C:\Users\Brenda\Dropbox\PC\Documents\7 semestre\2. Sistemas Programables\UNIDAD I\ENTRENADOR\LCD_MENS.INC
   LCD_FinVisualizaDigito   0x0000fc    program     static C:\Users\Brenda\Dropbox\PC\Documents\7 semestre\2. Sistemas Programables\UNIDAD I\ENTRENADOR\LCD_4BIT.INC
                LCD_Grado   0x0000d2    program     static C:\Users\Brenda\Dropbox\PC\Documents\7 semestre\2. Sistemas Programables\UNIDAD I\ENTRENADOR\LCD_4BIT.INC
           LCD_Inicializa   0x000079    program     static C:\Users\Brenda\Dropbox\PC\Documents\7 semestre\2. Sistemas Programables\UNIDAD I\ENTRENADOR\LCD_4BIT.INC
               LCD_Linea1   0x0000a7    program     static C:\Users\Brenda\Dropbox\PC\Documents\7 semestre\2. Sistemas Programables\UNIDAD I\ENTRENADOR\LCD_4BIT.INC
               LCD_Linea2   0x0000a9    program     static C:\Users\Brenda\Dropbox\PC\Documents\7 semestre\2. Sistemas Programables\UNIDAD I\ENTRENADOR\LCD_4BIT.INC
        LCD_LineaEnBlanco   0x0000da    program     static C:\Users\Brenda\Dropbox\PC\Documents\7 semestre\2. Sistemas Programables\UNIDAD I\ENTRENADOR\LCD_4BIT.INC
              LCD_Mensaje   0x000051    program     static C:\Users\Brenda\Dropbox\PC\Documents\7 semestre\2. Sistemas Programables\UNIDAD I\ENTRENADOR\LCD_MENS.INC
    LCD_MensajeMovimiento   0x00005f    program     static C:\Users\Brenda\Dropbox\PC\Documents\7 semestre\2. Sistemas Programables\UNIDAD I\ENTRENADOR\LCD_MENS.INC
               LCD_Nibble   0x0000f2    program     static C:\Users\Brenda\Dropbox\PC\Documents\7 semestre\2. Sistemas Programables\UNIDAD I\ENTRENADOR\LCD_4BIT.INC
       LCD_NoEsFinalLinea   0x00006e    program     static C:\Users\Brenda\Dropbox\PC\Documents\7 semestre\2. Sistemas Programables\UNIDAD I\ENTRENADOR\LCD_MENS.INC
     LCD_NoUltimoCaracter   0x00005b    program     static C:\Users\Brenda\Dropbox\PC\Documents\7 semestre\2. Sistemas Programables\UNIDAD I\ENTRENADOR\LCD_MENS.INC
    LCD_NoUltimoCaracter2   0x000074    program     static C:\Users\Brenda\Dropbox\PC\Documents\7 semestre\2. Sistemas Programables\UNIDAD I\ENTRENADOR\LCD_MENS.INC
                  LCD_OFF   0x0000af    program     static C:\Users\Brenda\Dropbox\PC\Documents\7 semestre\2. Sistemas Programables\UNIDAD I\ENTRENADOR\LCD_4BIT.INC
       LCD_PosicionLinea1   0x0000ab    program     static C:\Users\Brenda\Dropbox\PC\Documents\7 semestre\2. Sistemas Programables\UNIDAD I\ENTRENADOR\LCD_4BIT.INC
       LCD_PosicionLinea2   0x0000ad    program     static C:\Users\Brenda\Dropbox\PC\Documents\7 semestre\2. Sistemas Programables\UNIDAD I\ENTRENADOR\LCD_4BIT.INC
      LCD_PrimeraPosicion   0x000063    program     static C:\Users\Brenda\Dropbox\PC\Documents\7 semestre\2. Sistemas Programables\UNIDAD I\ENTRENADOR\LCD_MENS.INC
  LCD_TresEspaciosBlancos   0x0000e0    program     static C:\Users\Brenda\Dropbox\PC\Documents\7 semestre\2. Sistemas Programables\UNIDAD I\ENTRENADOR\LCD_4BIT.INC
      LCD_UnEspacioBlanco   0x0000dc    program     static C:\Users\Brenda\Dropbox\PC\Documents\7 semestre\2. Sistemas Programables\UNIDAD I\ENTRENADOR\LCD_4BIT.INC
        LCD_VisualizaAlto   0x0000ef    program     static C:\Users\Brenda\Dropbox\PC\Documents\7 semestre\2. Sistemas Programables\UNIDAD I\ENTRENADOR\LCD_4BIT.INC
        LCD_VisualizaBajo   0x0000f1    program     static C:\Users\Brenda\Dropbox\PC\Documents\7 semestre\2. Sistemas Programables\UNIDAD I\ENTRENADOR\LCD_4BIT.INC
    LCD_VisualizaCaracter   0x000065    program     static C:\Users\Brenda\Dropbox\PC\Documents\7 semestre\2. Sistemas Programables\UNIDAD I\ENTRENADOR\LCD_MENS.INC
LCD_VisualizaOtroCaracter   0x000055    program     static C:\Users\Brenda\Dropbox\PC\Documents\7 semestre\2. Sistemas Programables\UNIDAD I\ENTRENADOR\LCD_MENS.INC
                 Mensaje0   0x000005    program     static C:\Users\Brenda\Dropbox\PC\Documents\7 semestre\2. Sistemas Programables\UNIDAD I\ENTRENADOR\Mensaje_07 628.asm
                 Mensajes   0x000004    program     static C:\Users\Brenda\Dropbox\PC\Documents\7 semestre\2. Sistemas Programables\UNIDAD I\ENTRENADOR\Mensaje_07 628.asm
                Principal   0x000001    program     static C:\Users\Brenda\Dropbox\PC\Documents\7 semestre\2. Sistemas Programables\UNIDAD I\ENTRENADOR\Mensaje_07 628.asm
    R1Decima_BucleExterno   0x00013a    program     static C:\Users\Brenda\Dropbox\PC\Documents\7 semestre\2. Sistemas Programables\UNIDAD I\ENTRENADOR\RETARDOS.INC
   R1Decima_BucleExterno2   0x000138    program     static C:\Users\Brenda\Dropbox\PC\Documents\7 semestre\2. Sistemas Programables\UNIDAD I\ENTRENADOR\RETARDOS.INC
    R1Decima_BucleInterno   0x00013c    program     static C:\Users\Brenda\Dropbox\PC\Documents\7 semestre\2. Sistemas Programables\UNIDAD I\ENTRENADOR\RETARDOS.INC
        R1ms_BucleExterno   0x000124    program     static C:\Users\Brenda\Dropbox\PC\Documents\7 semestre\2. Sistemas Programables\UNIDAD I\ENTRENADOR\RETARDOS.INC
        R1ms_BucleInterno   0x000126    program     static C:\Users\Brenda\Dropbox\PC\Documents\7 semestre\2. Sistemas Programables\UNIDAD I\ENTRENADOR\RETARDOS.INC
            RetardoMicros   0x000110    program     static C:\Users\Brenda\Dropbox\PC\Documents\7 semestre\2. Sistemas Programables\UNIDAD I\ENTRENADOR\RETARDOS.INC
        Retardo_100micros   0x00010a    program     static C:\Users\Brenda\Dropbox\PC\Documents\7 semestre\2. Sistemas Programables\UNIDAD I\ENTRENADOR\RETARDOS.INC
            Retardo_100ms   0x000116    program     static C:\Users\Brenda\Dropbox\PC\Documents\7 semestre\2. Sistemas Programables\UNIDAD I\ENTRENADOR\RETARDOS.INC
         Retardo_10micros   0x0000fd    program     static C:\Users\Brenda\Dropbox\PC\Documents\7 semestre\2. Sistemas Programables\UNIDAD I\ENTRENADOR\RETARDOS.INC
             Retardo_10ms   0x00011c    program     static C:\Users\Brenda\Dropbox\PC\Documents\7 semestre\2. Sistemas Programables\UNIDAD I\ENTRENADOR\RETARDOS.INC
              Retardo_10s   0x00012e    program     static C:\Users\Brenda\Dropbox\PC\Documents\7 semestre\2. Sistemas Programables\UNIDAD I\ENTRENADOR\RETARDOS.INC
          Retardo_1Decima   0x000137    program     static C:\Users\Brenda\Dropbox\PC\Documents\7 semestre\2. Sistemas Programables\UNIDAD I\ENTRENADOR\RETARDOS.INC
              Retardo_1ms   0x000122    program     static C:\Users\Brenda\Dropbox\PC\Documents\7 semestre\2. Sistemas Programables\UNIDAD I\ENTRENADOR\RETARDOS.INC
               Retardo_1s   0x000134    program     static C:\Users\Brenda\Dropbox\PC\Documents\7 semestre\2. Sistemas Programables\UNIDAD I\ENTRENADOR\RETARDOS.INC
        Retardo_200micros   0x000107    program     static C:\Users\Brenda\Dropbox\PC\Documents\7 semestre\2. Sistemas Programables\UNIDAD I\ENTRENADOR\RETARDOS.INC
            Retardo_200ms   0x000114    program     static C:\Users\Brenda\Dropbox\PC\Documents\7 semestre\2. Sistemas Programables\UNIDAD I\ENTRENADOR\RETARDOS.INC
         Retardo_20micros   0x00010f    program     static C:\Users\Brenda\Dropbox\PC\Documents\7 semestre\2. Sistemas Programables\UNIDAD I\ENTRENADOR\RETARDOS.INC
             Retardo_20ms   0x00011a    program     static C:\Users\Brenda\Dropbox\PC\Documents\7 semestre\2. Sistemas Programables\UNIDAD I\ENTRENADOR\RETARDOS.INC
              Retardo_20s   0x00012c    program     static C:\Users\Brenda\Dropbox\PC\Documents\7 semestre\2. Sistemas Programables\UNIDAD I\ENTRENADOR\RETARDOS.INC
              Retardo_2ms   0x000120    program     static C:\Users\Brenda\Dropbox\PC\Documents\7 semestre\2. Sistemas Programables\UNIDAD I\ENTRENADOR\RETARDOS.INC
               Retardo_2s   0x000132    program     static C:\Users\Brenda\Dropbox\PC\Documents\7 semestre\2. Sistemas Programables\UNIDAD I\ENTRENADOR\RETARDOS.INC
          Retardo_4micros   0x000103    program     static C:\Users\Brenda\Dropbox\PC\Documents\7 semestre\2. Sistemas Programables\UNIDAD I\ENTRENADOR\RETARDOS.INC
        Retardo_500micros   0x000104    program     static C:\Users\Brenda\Dropbox\PC\Documents\7 semestre\2. Sistemas Programables\UNIDAD I\ENTRENADOR\RETARDOS.INC
            Retardo_500ms   0x000136    program     static C:\Users\Brenda\Dropbox\PC\Documents\7 semestre\2. Sistemas Programables\UNIDAD I\ENTRENADOR\RETARDOS.INC
         Retardo_50micros   0x00010c    program     static C:\Users\Brenda\Dropbox\PC\Documents\7 semestre\2. Sistemas Programables\UNIDAD I\ENTRENADOR\RETARDOS.INC
             Retardo_50ms   0x000118    program     static C:\Users\Brenda\Dropbox\PC\Documents\7 semestre\2. Sistemas Programables\UNIDAD I\ENTRENADOR\RETARDOS.INC
          Retardo_5micros   0x000102    program     static C:\Users\Brenda\Dropbox\PC\Documents\7 semestre\2. Sistemas Programables\UNIDAD I\ENTRENADOR\RETARDOS.INC
              Retardo_5ms   0x00011e    program     static C:\Users\Brenda\Dropbox\PC\Documents\7 semestre\2. Sistemas Programables\UNIDAD I\ENTRENADOR\RETARDOS.INC
               Retardo_5s   0x000130    program     static C:\Users\Brenda\Dropbox\PC\Documents\7 semestre\2. Sistemas Programables\UNIDAD I\ENTRENADOR\RETARDOS.INC
              Retardos_ms   0x000123    program     static C:\Users\Brenda\Dropbox\PC\Documents\7 semestre\2. Sistemas Programables\UNIDAD I\ENTRENADOR\RETARDOS.INC
            Rmicros_Bucle   0x000111    program     static C:\Users\Brenda\Dropbox\PC\Documents\7 semestre\2. Sistemas Programables\UNIDAD I\ENTRENADOR\RETARDOS.INC



                              Symbols - Sorted by Address
                     Name    Address   Location    Storage File                     
                ---------  ---------  ---------  --------- ---------                
                   Inicio   0x000000    program     static C:\Users\Brenda\Dropbox\PC\Documents\7 semestre\2. Sistemas Programables\UNIDAD I\ENTRENADOR\Mensaje_07 628.asm
                Principal   0x000001    program     static C:\Users\Brenda\Dropbox\PC\Documents\7 semestre\2. Sistemas Programables\UNIDAD I\ENTRENADOR\Mensaje_07 628.asm
                 Mensajes   0x000004    program     static C:\Users\Brenda\Dropbox\PC\Documents\7 semestre\2. Sistemas Programables\UNIDAD I\ENTRENADOR\Mensaje_07 628.asm
                 Mensaje0   0x000005    program     static C:\Users\Brenda\Dropbox\PC\Documents\7 semestre\2. Sistemas Programables\UNIDAD I\ENTRENADOR\Mensaje_07 628.asm
              LCD_Mensaje   0x000051    program     static C:\Users\Brenda\Dropbox\PC\Documents\7 semestre\2. Sistemas Programables\UNIDAD I\ENTRENADOR\LCD_MENS.INC
LCD_VisualizaOtroCaracter   0x000055    program     static C:\Users\Brenda\Dropbox\PC\Documents\7 semestre\2. Sistemas Programables\UNIDAD I\ENTRENADOR\LCD_MENS.INC
     LCD_NoUltimoCaracter   0x00005b    program     static C:\Users\Brenda\Dropbox\PC\Documents\7 semestre\2. Sistemas Programables\UNIDAD I\ENTRENADOR\LCD_MENS.INC
           LCD_FinMensaje   0x00005e    program     static C:\Users\Brenda\Dropbox\PC\Documents\7 semestre\2. Sistemas Programables\UNIDAD I\ENTRENADOR\LCD_MENS.INC
    LCD_MensajeMovimiento   0x00005f    program     static C:\Users\Brenda\Dropbox\PC\Documents\7 semestre\2. Sistemas Programables\UNIDAD I\ENTRENADOR\LCD_MENS.INC
      LCD_PrimeraPosicion   0x000063    program     static C:\Users\Brenda\Dropbox\PC\Documents\7 semestre\2. Sistemas Programables\UNIDAD I\ENTRENADOR\LCD_MENS.INC
    LCD_VisualizaCaracter   0x000065    program     static C:\Users\Brenda\Dropbox\PC\Documents\7 semestre\2. Sistemas Programables\UNIDAD I\ENTRENADOR\LCD_MENS.INC
         LCD_EsFinalLinea   0x000069    program     static C:\Users\Brenda\Dropbox\PC\Documents\7 semestre\2. Sistemas Programables\UNIDAD I\ENTRENADOR\LCD_MENS.INC
       LCD_NoEsFinalLinea   0x00006e    program     static C:\Users\Brenda\Dropbox\PC\Documents\7 semestre\2. Sistemas Programables\UNIDAD I\ENTRENADOR\LCD_MENS.INC
    LCD_NoUltimoCaracter2   0x000074    program     static C:\Users\Brenda\Dropbox\PC\Documents\7 semestre\2. Sistemas Programables\UNIDAD I\ENTRENADOR\LCD_MENS.INC
        LCD_FinMovimiento   0x000078    program     static C:\Users\Brenda\Dropbox\PC\Documents\7 semestre\2. Sistemas Programables\UNIDAD I\ENTRENADOR\LCD_MENS.INC
           LCD_Inicializa   0x000079    program     static C:\Users\Brenda\Dropbox\PC\Documents\7 semestre\2. Sistemas Programables\UNIDAD I\ENTRENADOR\LCD_4BIT.INC
           LCD_EscribeLCD   0x000091    program     static C:\Users\Brenda\Dropbox\PC\Documents\7 semestre\2. Sistemas Programables\UNIDAD I\ENTRENADOR\LCD_4BIT.INC
           LCD_CursorIncr   0x0000a5    program     static C:\Users\Brenda\Dropbox\PC\Documents\7 semestre\2. Sistemas Programables\UNIDAD I\ENTRENADOR\LCD_4BIT.INC
               LCD_Linea1   0x0000a7    program     static C:\Users\Brenda\Dropbox\PC\Documents\7 semestre\2. Sistemas Programables\UNIDAD I\ENTRENADOR\LCD_4BIT.INC
               LCD_Linea2   0x0000a9    program     static C:\Users\Brenda\Dropbox\PC\Documents\7 semestre\2. Sistemas Programables\UNIDAD I\ENTRENADOR\LCD_4BIT.INC
       LCD_PosicionLinea1   0x0000ab    program     static C:\Users\Brenda\Dropbox\PC\Documents\7 semestre\2. Sistemas Programables\UNIDAD I\ENTRENADOR\LCD_4BIT.INC
       LCD_PosicionLinea2   0x0000ad    program     static C:\Users\Brenda\Dropbox\PC\Documents\7 semestre\2. Sistemas Programables\UNIDAD I\ENTRENADOR\LCD_4BIT.INC
                  LCD_OFF   0x0000af    program     static C:\Users\Brenda\Dropbox\PC\Documents\7 semestre\2. Sistemas Programables\UNIDAD I\ENTRENADOR\LCD_4BIT.INC
             LCD_CursorON   0x0000b1    program     static C:\Users\Brenda\Dropbox\PC\Documents\7 semestre\2. Sistemas Programables\UNIDAD I\ENTRENADOR\LCD_4BIT.INC
            LCD_CursorOFF   0x0000b3    program     static C:\Users\Brenda\Dropbox\PC\Documents\7 semestre\2. Sistemas Programables\UNIDAD I\ENTRENADOR\LCD_4BIT.INC
                LCD_Borra   0x0000b5    program     static C:\Users\Brenda\Dropbox\PC\Documents\7 semestre\2. Sistemas Programables\UNIDAD I\ENTRENADOR\LCD_4BIT.INC
      LCD_2Lineas4Bits5x7   0x0000b7    program     static C:\Users\Brenda\Dropbox\PC\Documents\7 semestre\2. Sistemas Programables\UNIDAD I\ENTRENADOR\LCD_4BIT.INC
         LCD_EnviaComando   0x0000b8    program     static C:\Users\Brenda\Dropbox\PC\Documents\7 semestre\2. Sistemas Programables\UNIDAD I\ENTRENADOR\LCD_4BIT.INC
             LCD_Caracter   0x0000ba    program     static C:\Users\Brenda\Dropbox\PC\Documents\7 semestre\2. Sistemas Programables\UNIDAD I\ENTRENADOR\LCD_4BIT.INC
                LCD_Envia   0x0000bc    program     static C:\Users\Brenda\Dropbox\PC\Documents\7 semestre\2. Sistemas Programables\UNIDAD I\ENTRENADOR\LCD_4BIT.INC
          LCD_CodigoCGROM   0x0000c4    program     static C:\Users\Brenda\Dropbox\PC\Documents\7 semestre\2. Sistemas Programables\UNIDAD I\ENTRENADOR\LCD_4BIT.INC
        LCD_EnheMinuscula   0x0000c5    program     static C:\Users\Brenda\Dropbox\PC\Documents\7 semestre\2. Sistemas Programables\UNIDAD I\ENTRENADOR\LCD_4BIT.INC
        LCD_EnheMayuscula   0x0000cb    program     static C:\Users\Brenda\Dropbox\PC\Documents\7 semestre\2. Sistemas Programables\UNIDAD I\ENTRENADOR\LCD_4BIT.INC
                LCD_Grado   0x0000d2    program     static C:\Users\Brenda\Dropbox\PC\Documents\7 semestre\2. Sistemas Programables\UNIDAD I\ENTRENADOR\LCD_4BIT.INC
             LCD_FinCGROM   0x0000d8    program     static C:\Users\Brenda\Dropbox\PC\Documents\7 semestre\2. Sistemas Programables\UNIDAD I\ENTRENADOR\LCD_4BIT.INC
        LCD_LineaEnBlanco   0x0000da    program     static C:\Users\Brenda\Dropbox\PC\Documents\7 semestre\2. Sistemas Programables\UNIDAD I\ENTRENADOR\LCD_4BIT.INC
      LCD_UnEspacioBlanco   0x0000dc    program     static C:\Users\Brenda\Dropbox\PC\Documents\7 semestre\2. Sistemas Programables\UNIDAD I\ENTRENADOR\LCD_4BIT.INC
   LCD_DosEspaciosBlancos   0x0000de    program     static C:\Users\Brenda\Dropbox\PC\Documents\7 semestre\2. Sistemas Programables\UNIDAD I\ENTRENADOR\LCD_4BIT.INC
  LCD_TresEspaciosBlancos   0x0000e0    program     static C:\Users\Brenda\Dropbox\PC\Documents\7 semestre\2. Sistemas Programables\UNIDAD I\ENTRENADOR\LCD_4BIT.INC
         LCD_EnviaBlancos   0x0000e1    program     static C:\Users\Brenda\Dropbox\PC\Documents\7 semestre\2. Sistemas Programables\UNIDAD I\ENTRENADOR\LCD_4BIT.INC
      LCD_EnviaOtroBlanco   0x0000e2    program     static C:\Users\Brenda\Dropbox\PC\Documents\7 semestre\2. Sistemas Programables\UNIDAD I\ENTRENADOR\LCD_4BIT.INC
                 LCD_Byte   0x0000e7    program     static C:\Users\Brenda\Dropbox\PC\Documents\7 semestre\2. Sistemas Programables\UNIDAD I\ENTRENADOR\LCD_4BIT.INC
         LCD_ByteCompleto   0x0000ee    program     static C:\Users\Brenda\Dropbox\PC\Documents\7 semestre\2. Sistemas Programables\UNIDAD I\ENTRENADOR\LCD_4BIT.INC
        LCD_VisualizaAlto   0x0000ef    program     static C:\Users\Brenda\Dropbox\PC\Documents\7 semestre\2. Sistemas Programables\UNIDAD I\ENTRENADOR\LCD_4BIT.INC
        LCD_VisualizaBajo   0x0000f1    program     static C:\Users\Brenda\Dropbox\PC\Documents\7 semestre\2. Sistemas Programables\UNIDAD I\ENTRENADOR\LCD_4BIT.INC
               LCD_Nibble   0x0000f2    program     static C:\Users\Brenda\Dropbox\PC\Documents\7 semestre\2. Sistemas Programables\UNIDAD I\ENTRENADOR\LCD_4BIT.INC
       LCD_EnviaByteLetra   0x0000fa    program     static C:\Users\Brenda\Dropbox\PC\Documents\7 semestre\2. Sistemas Programables\UNIDAD I\ENTRENADOR\LCD_4BIT.INC
   LCD_FinVisualizaDigito   0x0000fc    program     static C:\Users\Brenda\Dropbox\PC\Documents\7 semestre\2. Sistemas Programables\UNIDAD I\ENTRENADOR\LCD_4BIT.INC
         Retardo_10micros   0x0000fd    program     static C:\Users\Brenda\Dropbox\PC\Documents\7 semestre\2. Sistemas Programables\UNIDAD I\ENTRENADOR\RETARDOS.INC
          Retardo_5micros   0x000102    program     static C:\Users\Brenda\Dropbox\PC\Documents\7 semestre\2. Sistemas Programables\UNIDAD I\ENTRENADOR\RETARDOS.INC
          Retardo_4micros   0x000103    program     static C:\Users\Brenda\Dropbox\PC\Documents\7 semestre\2. Sistemas Programables\UNIDAD I\ENTRENADOR\RETARDOS.INC
        Retardo_500micros   0x000104    program     static C:\Users\Brenda\Dropbox\PC\Documents\7 semestre\2. Sistemas Programables\UNIDAD I\ENTRENADOR\RETARDOS.INC
        Retardo_200micros   0x000107    program     static C:\Users\Brenda\Dropbox\PC\Documents\7 semestre\2. Sistemas Programables\UNIDAD I\ENTRENADOR\RETARDOS.INC
        Retardo_100micros   0x00010a    program     static C:\Users\Brenda\Dropbox\PC\Documents\7 semestre\2. Sistemas Programables\UNIDAD I\ENTRENADOR\RETARDOS.INC
         Retardo_50micros   0x00010c    program     static C:\Users\Brenda\Dropbox\PC\Documents\7 semestre\2. Sistemas Programables\UNIDAD I\ENTRENADOR\RETARDOS.INC
         Retardo_20micros   0x00010f    program     static C:\Users\Brenda\Dropbox\PC\Documents\7 semestre\2. Sistemas Programables\UNIDAD I\ENTRENADOR\RETARDOS.INC
            RetardoMicros   0x000110    program     static C:\Users\Brenda\Dropbox\PC\Documents\7 semestre\2. Sistemas Programables\UNIDAD I\ENTRENADOR\RETARDOS.INC
            Rmicros_Bucle   0x000111    program     static C:\Users\Brenda\Dropbox\PC\Documents\7 semestre\2. Sistemas Programables\UNIDAD I\ENTRENADOR\RETARDOS.INC
            Retardo_200ms   0x000114    program     static C:\Users\Brenda\Dropbox\PC\Documents\7 semestre\2. Sistemas Programables\UNIDAD I\ENTRENADOR\RETARDOS.INC
            Retardo_100ms   0x000116    program     static C:\Users\Brenda\Dropbox\PC\Documents\7 semestre\2. Sistemas Programables\UNIDAD I\ENTRENADOR\RETARDOS.INC
             Retardo_50ms   0x000118    program     static C:\Users\Brenda\Dropbox\PC\Documents\7 semestre\2. Sistemas Programables\UNIDAD I\ENTRENADOR\RETARDOS.INC
             Retardo_20ms   0x00011a    program     static C:\Users\Brenda\Dropbox\PC\Documents\7 semestre\2. Sistemas Programables\UNIDAD I\ENTRENADOR\RETARDOS.INC
             Retardo_10ms   0x00011c    program     static C:\Users\Brenda\Dropbox\PC\Documents\7 semestre\2. Sistemas Programables\UNIDAD I\ENTRENADOR\RETARDOS.INC
              Retardo_5ms   0x00011e    program     static C:\Users\Brenda\Dropbox\PC\Documents\7 semestre\2. Sistemas Programables\UNIDAD I\ENTRENADOR\RETARDOS.INC
              Retardo_2ms   0x000120    program     static C:\Users\Brenda\Dropbox\PC\Documents\7 semestre\2. Sistemas Programables\UNIDAD I\ENTRENADOR\RETARDOS.INC
              Retardo_1ms   0x000122    program     static C:\Users\Brenda\Dropbox\PC\Documents\7 semestre\2. Sistemas Programables\UNIDAD I\ENTRENADOR\RETARDOS.INC
              Retardos_ms   0x000123    program     static C:\Users\Brenda\Dropbox\PC\Documents\7 semestre\2. Sistemas Programables\UNIDAD I\ENTRENADOR\RETARDOS.INC
        R1ms_BucleExterno   0x000124    program     static C:\Users\Brenda\Dropbox\PC\Documents\7 semestre\2. Sistemas Programables\UNIDAD I\ENTRENADOR\RETARDOS.INC
        R1ms_BucleInterno   0x000126    program     static C:\Users\Brenda\Dropbox\PC\Documents\7 semestre\2. Sistemas Programables\UNIDAD I\ENTRENADOR\RETARDOS.INC
              Retardo_20s   0x00012c    program     static C:\Users\Brenda\Dropbox\PC\Documents\7 semestre\2. Sistemas Programables\UNIDAD I\ENTRENADOR\RETARDOS.INC
              Retardo_10s   0x00012e    program     static C:\Users\Brenda\Dropbox\PC\Documents\7 semestre\2. Sistemas Programables\UNIDAD I\ENTRENADOR\RETARDOS.INC
               Retardo_5s   0x000130    program     static C:\Users\Brenda\Dropbox\PC\Documents\7 semestre\2. Sistemas Programables\UNIDAD I\ENTRENADOR\RETARDOS.INC
               Retardo_2s   0x000132    program     static C:\Users\Brenda\Dropbox\PC\Documents\7 semestre\2. Sistemas Programables\UNIDAD I\ENTRENADOR\RETARDOS.INC
               Retardo_1s   0x000134    program     static C:\Users\Brenda\Dropbox\PC\Documents\7 semestre\2. Sistemas Programables\UNIDAD I\ENTRENADOR\RETARDOS.INC
            Retardo_500ms   0x000136    program     static C:\Users\Brenda\Dropbox\PC\Documents\7 semestre\2. Sistemas Programables\UNIDAD I\ENTRENADOR\RETARDOS.INC
          Retardo_1Decima   0x000137    program     static C:\Users\Brenda\Dropbox\PC\Documents\7 semestre\2. Sistemas Programables\UNIDAD I\ENTRENADOR\RETARDOS.INC
   R1Decima_BucleExterno2   0x000138    program     static C:\Users\Brenda\Dropbox\PC\Documents\7 semestre\2. Sistemas Programables\UNIDAD I\ENTRENADOR\RETARDOS.INC
    R1Decima_BucleExterno   0x00013a    program     static C:\Users\Brenda\Dropbox\PC\Documents\7 semestre\2. Sistemas Programables\UNIDAD I\ENTRENADOR\RETARDOS.INC
    R1Decima_BucleInterno   0x00013c    program     static C:\Users\Brenda\Dropbox\PC\Documents\7 semestre\2. Sistemas Programables\UNIDAD I\ENTRENADOR\RETARDOS.INC


