MPLINK 4.49, Linker
Linker Map File - Created Wed Sep 15 11:49:15 2021

                                 Section Info
                  Section       Type    Address   Location Size(Bytes)
                ---------  ---------  ---------  ---------  ---------
                   .org_0       code   0x000000    program   0x000000
                   .org_1       code   0x000000    program   0x00004a
.config_2007_PARPADEO FIN.O       code   0x002007    program   0x000002



                              Program Memory Usage 
                               Start         End      
                           ---------   ---------      
                            0x000000    0x000024      
                            0x002007    0x002007      
            38 out of 1094 program addresses used, program memory utilization is 3%



                              Symbols - Sorted by Name
                     Name    Address   Location    Storage File                     
                ---------  ---------  ---------  --------- ---------                
                   Inicio   0x000000    program     static C:\Proteus\Actividad 2\parpadeo Fin.asm
                   PDelL1   0x000019    program     static C:\Proteus\Actividad 2\parpadeo Fin.asm
                   PDelL2   0x00001a    program     static C:\Proteus\Actividad 2\parpadeo Fin.asm
                   PDelL3   0x00001b    program     static C:\Proteus\Actividad 2\parpadeo Fin.asm
                   PDelL4   0x000020    program     static C:\Proteus\Actividad 2\parpadeo Fin.asm
                   PDelL5   0x000021    program     static C:\Proteus\Actividad 2\parpadeo Fin.asm
                   PDelL6   0x000022    program     static C:\Proteus\Actividad 2\parpadeo Fin.asm
                   PDelL7   0x000023    program     static C:\Proteus\Actividad 2\parpadeo Fin.asm
                   PLoop1   0x000016    program     static C:\Proteus\Actividad 2\parpadeo Fin.asm
                   PLoop2   0x000018    program     static C:\Proteus\Actividad 2\parpadeo Fin.asm
                Principal   0x000005    program     static C:\Proteus\Actividad 2\parpadeo Fin.asm
                  apagado   0x000011    program     static C:\Proteus\Actividad 2\parpadeo Fin.asm
                    pausa   0x000014    program     static C:\Proteus\Actividad 2\parpadeo Fin.asm



                              Symbols - Sorted by Address
                     Name    Address   Location    Storage File                     
                ---------  ---------  ---------  --------- ---------                
                   Inicio   0x000000    program     static C:\Proteus\Actividad 2\parpadeo Fin.asm
                Principal   0x000005    program     static C:\Proteus\Actividad 2\parpadeo Fin.asm
                  apagado   0x000011    program     static C:\Proteus\Actividad 2\parpadeo Fin.asm
                    pausa   0x000014    program     static C:\Proteus\Actividad 2\parpadeo Fin.asm
                   PLoop1   0x000016    program     static C:\Proteus\Actividad 2\parpadeo Fin.asm
                   PLoop2   0x000018    program     static C:\Proteus\Actividad 2\parpadeo Fin.asm
                   PDelL1   0x000019    program     static C:\Proteus\Actividad 2\parpadeo Fin.asm
                   PDelL2   0x00001a    program     static C:\Proteus\Actividad 2\parpadeo Fin.asm
                   PDelL3   0x00001b    program     static C:\Proteus\Actividad 2\parpadeo Fin.asm
                   PDelL4   0x000020    program     static C:\Proteus\Actividad 2\parpadeo Fin.asm
                   PDelL5   0x000021    program     static C:\Proteus\Actividad 2\parpadeo Fin.asm
                   PDelL6   0x000022    program     static C:\Proteus\Actividad 2\parpadeo Fin.asm
                   PDelL7   0x000023    program     static C:\Proteus\Actividad 2\parpadeo Fin.asm


