MPLINK 4.49, Linker
Linker Map File - Created Wed Sep 15 12:21:52 2021

                                 Section Info
                  Section       Type    Address   Location Size(Bytes)
                ---------  ---------  ---------  ---------  ---------
                   .org_0       code   0x000000    program   0x000000
                   .org_1       code   0x000000    program   0x000040
.config_2007_PARPADEO 8.O       code   0x002007    program   0x000002



                              Program Memory Usage 
                               Start         End      
                           ---------   ---------      
                            0x000000    0x00001f      
                            0x002007    0x002007      
            33 out of 1094 program addresses used, program memory utilization is 3%



                              Symbols - Sorted by Name
                     Name    Address   Location    Storage File                     
                ---------  ---------  ---------  --------- ---------                
                   Inicio   0x000000    program     static C:\Proteus\Actividad 2\parpadeo 8.asm
                     Loop   0x000004    program     static C:\Proteus\Actividad 2\parpadeo 8.asm
                   NoCero   0x00000d    program     static C:\Proteus\Actividad 2\parpadeo 8.asm
                   PDelL1   0x000014    program     static C:\Proteus\Actividad 2\parpadeo 8.asm
                   PDelL2   0x000015    program     static C:\Proteus\Actividad 2\parpadeo 8.asm
                   PDelL3   0x000016    program     static C:\Proteus\Actividad 2\parpadeo 8.asm
                   PDelL4   0x00001b    program     static C:\Proteus\Actividad 2\parpadeo 8.asm
                   PDelL5   0x00001c    program     static C:\Proteus\Actividad 2\parpadeo 8.asm
                   PDelL6   0x00001d    program     static C:\Proteus\Actividad 2\parpadeo 8.asm
                   PDelL7   0x00001e    program     static C:\Proteus\Actividad 2\parpadeo 8.asm
                   PLoop1   0x000011    program     static C:\Proteus\Actividad 2\parpadeo 8.asm
                   PLoop2   0x000013    program     static C:\Proteus\Actividad 2\parpadeo 8.asm
                   SiCero   0x00000b    program     static C:\Proteus\Actividad 2\parpadeo 8.asm
                    pausa   0x00000f    program     static C:\Proteus\Actividad 2\parpadeo 8.asm



                              Symbols - Sorted by Address
                     Name    Address   Location    Storage File                     
                ---------  ---------  ---------  --------- ---------                
                   Inicio   0x000000    program     static C:\Proteus\Actividad 2\parpadeo 8.asm
                     Loop   0x000004    program     static C:\Proteus\Actividad 2\parpadeo 8.asm
                   SiCero   0x00000b    program     static C:\Proteus\Actividad 2\parpadeo 8.asm
                   NoCero   0x00000d    program     static C:\Proteus\Actividad 2\parpadeo 8.asm
                    pausa   0x00000f    program     static C:\Proteus\Actividad 2\parpadeo 8.asm
                   PLoop1   0x000011    program     static C:\Proteus\Actividad 2\parpadeo 8.asm
                   PLoop2   0x000013    program     static C:\Proteus\Actividad 2\parpadeo 8.asm
                   PDelL1   0x000014    program     static C:\Proteus\Actividad 2\parpadeo 8.asm
                   PDelL2   0x000015    program     static C:\Proteus\Actividad 2\parpadeo 8.asm
                   PDelL3   0x000016    program     static C:\Proteus\Actividad 2\parpadeo 8.asm
                   PDelL4   0x00001b    program     static C:\Proteus\Actividad 2\parpadeo 8.asm
                   PDelL5   0x00001c    program     static C:\Proteus\Actividad 2\parpadeo 8.asm
                   PDelL6   0x00001d    program     static C:\Proteus\Actividad 2\parpadeo 8.asm
                   PDelL7   0x00001e    program     static C:\Proteus\Actividad 2\parpadeo 8.asm


