MPASM  5.51                      PARPADEO.ASM   9-13-2021  13:10:07         PAGE  1


LOC  OBJECT CODE     LINE SOURCE TEXT
  VALUE

2007   3FF1           00001         __CONFIG _CP_OFF&_WDT_OFF&_PWRTE_ON&_XT_OSC
                      00002 
                      00003         LIST    P=16F84A
                      00004         INCLUDE <P16F84A.INC>
                      00001         LIST
                      00002 
                      00003 ;==========================================================================
                      00004 ;  MPASM PIC16F84A processor include
                      00005 ; 
                      00006 ;  (c) Copyright 1999-2013 Microchip Technology, All rights reserved
                      00007 ;==========================================================================
                      00008 
                      00208         LIST
  00000001            00005 Constante1      EQU .1
  00000000            00006 Constante2      EQU     .0
  0000000C            00007 PDel0   EQU     0C
  0000000D            00008 PDel1   EQU 0D
                      00009 
0000                  00010         ORG 0
                      00011                  
0000                  00012 Inicio
0000   1683           00013         bsf STATUS,RP0
Message[302]: Register in operand not in bank 0.  Ensure that bank bits are correct.
0001   0186           00014         clrf TRISB
0002   1283           00015         bcf     STATUS,RP0
                      00016 
0003                  00017 Principal
0003   3001           00018         movlw   Constante1
0004   0086           00019         movwf   PORTB
0005   200A           00020         call    pausa
0006   3000           00021         movlw   Constante2
0007   0086           00022         movwf   PORTB
0008   200A           00023         call    pausa
0009   2803           00024         goto    Principal
                      00025         
000A                  00026 pausa
000A   3098           00027                 movlw   .152
000B   008C           00028                 movwf   PDel0
000C   3096           00029 PLoop1  movlw   .150
000D   008D           00030                 movwf   PDel1
000E   0064           00031 PLoop2  clrwdt
000F   2810           00032 PDelL1  goto PDelL2
0010   2811           00033 PDelL2  goto PDelL3
0011   0064           00034 PDelL3  clrwdt
0012   0B8D           00035                 decfsz  PDel1,1
0013   280E           00036                 goto    PLoop2
0014   0B8C           00037                 decfsz  PDel0,1
0015   280C           00038                 goto    PLoop1
0016   2817           00039 PDelL4  goto PDelL5
0017   2818           00040 PDelL5  goto PDelL6
0018   2819           00041 PDelL6  goto PDelL7
0019   0064           00042 PDelL7  clrwdt
001A   0008           00043                 return
MPASM  5.51                      PARPADEO.ASM   9-13-2021  13:10:07         PAGE  2


LOC  OBJECT CODE     LINE SOURCE TEXT
  VALUE

                      00044                 
                      00045                 END
MPASM  5.51                      PARPADEO.ASM   9-13-2021  13:10:07         PAGE  3


SYMBOL TABLE
  LABEL                             VALUE 

C                                 00000000
Constante1                        00000001
Constante2                        00000000
DC                                00000001
EEADR                             00000009
EECON1                            00000088
EECON2                            00000089
EEDATA                            00000008
EEIE                              00000006
EEIF                              00000004
F                                 00000001
FSR                               00000004
GIE                               00000007
INDF                              00000000
INTCON                            0000000B
INTE                              00000004
INTEDG                            00000006
INTF                              00000001
IRP                               00000007
Inicio                            00000000
NOT_PD                            00000003
NOT_RBPU                          00000007
NOT_TO                            00000004
OPTION_REG                        00000081
PCL                               00000002
PCLATH                            0000000A
PDel0                             0000000C
PDel1                             0000000D
PDelL1                            0000000F
PDelL2                            00000010
PDelL3                            00000011
PDelL4                            00000016
PDelL5                            00000017
PDelL6                            00000018
PDelL7                            00000019
PLoop1                            0000000C
PLoop2                            0000000E
PORTA                             00000005
PORTB                             00000006
PS0                               00000000
PS1                               00000001
PS2                               00000002
PSA                               00000003
Principal                         00000003
RA0                               00000000
RA1                               00000001
RA2                               00000002
RA3                               00000003
RA4                               00000004
RB0                               00000000
RB1                               00000001
RB2                               00000002
RB3                               00000003
MPASM  5.51                      PARPADEO.ASM   9-13-2021  13:10:07         PAGE  4


SYMBOL TABLE
  LABEL                             VALUE 

RB4                               00000004
RB5                               00000005
RB6                               00000006
RB7                               00000007
RBIE                              00000003
RBIF                              00000000
RD                                00000000
RP0                               00000005
RP1                               00000006
STATUS                            00000003
T0CS                              00000005
T0IE                              00000005
T0IF                              00000002
T0SE                              00000004
TMR0                              00000001
TMR0IE                            00000005
TMR0IF                            00000002
TRISA                             00000085
TRISA0                            00000000
TRISA1                            00000001
TRISA2                            00000002
TRISA3                            00000003
TRISA4                            00000004
TRISB                             00000086
TRISB0                            00000000
TRISB1                            00000001
TRISB2                            00000002
TRISB3                            00000003
TRISB4                            00000004
TRISB5                            00000005
TRISB6                            00000006
TRISB7                            00000007
W                                 00000000
WR                                00000001
WREN                              00000002
WRERR                             00000003
Z                                 00000002
_CONFIG                           00002007
_CP_OFF                           00003FFF
_CP_ON                            0000000F
_DEVID1                           00002006
_FOSC_EXTRC                       00003FFF
_FOSC_HS                          00003FFE
_FOSC_LP                          00003FFC
_FOSC_XT                          00003FFD
_HS_OSC                           00003FFE
_IDLOC0                           00002000
_IDLOC1                           00002001
_IDLOC2                           00002002
_IDLOC3                           00002003
_LP_OSC                           00003FFC
_PWRTE_OFF                        00003FFF
_PWRTE_ON                         00003FF7
MPASM  5.51                      PARPADEO.ASM   9-13-2021  13:10:07         PAGE  5


SYMBOL TABLE
  LABEL                             VALUE 

_RC_OSC                           00003FFF
_WDTE_OFF                         00003FFB
_WDTE_ON                          00003FFF
_WDT_OFF                          00003FFB
_WDT_ON                           00003FFF
_XT_OSC                           00003FFD
__16F84A                          00000001
pausa                             0000000A


MEMORY USAGE MAP ('X' = Used,  '-' = Unused)

0000 : XXXXXXXXXXXXXXXX XXXXXXXXXXX----- ---------------- ----------------
2000 : -------X-------- ---------------- ---------------- ----------------

All other memory blocks unused.

Program Memory Words Used:    27
Program Memory Words Free:   997


Errors   :     0
Warnings :     0 reported,     0 suppressed
Messages :     1 reported,     0 suppressed

