MPASM  5.51                   PULSADOR_01.ASM   9-22-2021  13:15:05         PAGE  1


LOC  OBJECT CODE     LINE SOURCE TEXT
  VALUE

2007   3FF1           00001         __CONFIG _CP_OFF&_WDT_OFF&_PWRTE_ON&_XT_OSC
                      00002                 LIST    P=16F84A
                      00003                 INCLUDE <P16F84A.INC>
                      00001         LIST
                      00002 
                      00003 ;==========================================================================
                      00004 ;  MPASM PIC16F84A processor include
                      00005 ; 
                      00006 ;  (c) Copyright 1999-2013 Microchip Technology, All rights reserved
                      00007 ;==========================================================================
                      00008 
                      00208         LIST
                      00004                 CBLOCK 0x0C
  0000000C            00005                 Contador 
                      00006                 ENDC
                      00007                 
                      00008 #DEFINE Pulsador PORTA,4
                      00009 #DEFINE Display  PORTB
                      00010 
0000                  00011                 ORG             0
                      00012                 
0000                  00013 Inicio  
0000   1683           00014                 bsf             STATUS,RP0
0001   0186           00015                 clrf    Display
0002   1605           00016                 bsf             Pulsador
0003   1283           00017                 bcf             STATUS,RP0
0004   2013           00018                 call    InicializaContador
0005   2014           00019                 call    Visualiza
0006                  00020 Principal
0006   1A05           00021                 btfsc   Pulsador
0007   280E           00022                 goto    Fin
0008   207C           00023                 call    Retardo_20ms
0009   1A05           00024                 btfsc   Pulsador
000A   280E           00025                 goto    Fin
000B   200F           00026                 call    IncrementaVisualiza
000C                  00027 EsperaDejePulsar
000C   1E05           00028                 btfss   Pulsador
000D   280C           00029                 goto    EsperaDejePulsar
000E   2806           00030 Fin             goto    Principal
                      00031 
000F                  00032 IncrementaVisualiza
000F   0A8C           00033                 incf    Contador,F
0010   300A           00034                 movlw   d'10'
0011   020C           00035                 subwf   Contador,W
0012   1803           00036                 btfsc   STATUS,C
0013                  00037 InicializaContador
0013   018C           00038                 clrf    Contador
0014                  00039 Visualiza
0014   080C           00040                 movf    Contador,W
0015   2018           00041                 call    Numero_a_7Segmentos
0016   0086           00042                 movwf   Display
0017   0008           00043                 return
                      00044                 
MPASM  5.51                   PULSADOR_01.ASM   9-22-2021  13:15:05         PAGE  2


LOC  OBJECT CODE     LINE SOURCE TEXT
  VALUE

                      00045                 INCLUDE<DISPLAY_7S.INC>
                      00001         CBLOCK
  0000000D            00002         Display7s_Dato
                      00003         ENDC
                      00004         
0018                  00005 Numero_a_7Segmentos
0018   390F           00006         andlw   b'00001111'
0019   3E30           00007         addlw   '0'
                      00008         
001A                  00009 ASCII_a_7Segmentos
                      00010 
001A   008D           00011         movwf   Display7s_Dato
001B   3C20           00012         sublw   ' '
001C   1903           00013         btfsc   STATUS,Z
001D   3400           00014         retlw   00h
001E   080D           00015         movf    Display7s_Dato,W
001F   3CD1           00016         sublw   'Ñ'
0020   1903           00017         btfsc   STATUS,Z
0021   3455           00018         retlw   55h
0022   080D           00019         movf    Display7s_Dato,W
0023   3CB0           00020         sublw   '°'
0024   1903           00021         btfsc   STATUS,Z
0025   3463           00022         retlw   63H
                      00023         
0026   080D           00024         movf    Display7s_Dato,W
0027   3C5A           00025         sublw   'Z'
0028   1C03           00026         btfss   STATUS,C
0029   3480           00027         retlw   b'10000000'
002A   302B           00028         movlw   '+'
002B   020D           00029         subwf   Display7s_Dato,W
002C   1C03           00030         btfss   STATUS,C
002D   3480           00031         retlw   b'10000000'
                      00032         
002E   0782           00033         addwf   PCL,F
                      00034         
002F                  00035 InicioTablaASCII
                      00036 
002F   3446 3404 3440 00037         DT      46h,04h,40h,80h,00h,3Fh,06h,5Bh,4Fh,66h,6Dh
       3480 3400 343F 
       3406 345B 344F 
       3466 346D 
003A   347D 3407 347F 00038         DT      7Dh,07h,7Fh,67h,41h,88h,00h,48h,00h,00h,00h
       3467 3441 3488 
       3400 3448 3400 
       3400 3400 
0045   3477 347C 3439 00039         DT 77h,7Ch,39h,5Eh,79h,71h,6Fh,76h,19h,1Eh,7Ah,38h,37h;
       345E 3479 3471 
       346F 3476 3419 
       341E 347A 3438 
       3437 
0052   3454 343F 3473 00040         DT      54h,3Fh,73h,67h,50h,6Dh,78h,1Ch,3Eh,1Dh,70h,6Eh,49h
       3467 3450 346D 
       3478 341C 343E 
MPASM  5.51                   PULSADOR_01.ASM   9-22-2021  13:15:05         PAGE  3


LOC  OBJECT CODE     LINE SOURCE TEXT
  VALUE

       341D 3470 346E 
       3449 
005F                  00041 FinTablaASCII
                      00042 
                      00043         IF(FinTablaASCII > 0xFF)
                      00044                         ERROR "¡CUIDADO!: La tabla ha superado el tamaño de la página de los"
                      00045                         MESSG "primeros 256 bytes de memoria ROM. NO funcionará correctamente"
                      00046         ENDIF
                      00046                 INCLUDE<RETARDOS.INC>
Warning[205]: Found directive in column 1. (CBLOCK)
                      00001 CBLOCK
  0000000E            00002 R_ContA
  0000000F            00003 R_ContB
  00000010            00004 R_ContC
Warning[205]: Found directive in column 1. (ENDC)
                      00005 ENDC
                      00006 
005F                  00007 Retardo_10micros
005F   0000           00008         nop             
0060   0000           00009         nop
0061   0000           00010         nop
0062   0000           00011         nop
0063   0000           00012         nop
0064                  00013 Retardo_5micros
0064   0000           00014         nop
0065                  00015 Retardo_4micros
0065   0008           00016         return
                      00017         
0066                  00018 Retardo_500micros
0066   0000           00019         nop
0067   30A4           00020         movlw   d'164'
0068   2872           00021         goto    RetardoMicros
0069                  00022 Retardo_200micros
0069   0000           00023         nop
006A   3040           00024         movlw   d'64'
006B   2872           00025         goto    RetardoMicros
006C                  00026 Retardo_100micros
006C   301F           00027         movlw   d'31'
006D   2872           00028         goto    RetardoMicros
006E                  00029 Retardo_50micros
006E   0000           00030         nop
006F   300E           00031         movlw   d'14'
0070   2872           00032         goto    RetardoMicros
0071                  00033 Retardo_20micros
0071   3005           00034         movlw   d'5'
                      00035         
                      00036 
0072                  00037 RetardoMicros   
0072   008E           00038         movwf   R_ContA
0073                  00039 Rmicros_Bucle
0073   0B8E           00040         decfsz  R_ContA,F
0074   2873           00041         goto    Rmicros_Bucle
0075   0008           00042         return
MPASM  5.51                   PULSADOR_01.ASM   9-22-2021  13:15:05         PAGE  4


LOC  OBJECT CODE     LINE SOURCE TEXT
  VALUE

                      00043 
0076                  00044 Retardo_200ms
0076   30C8           00045         movlw   d'200'
0077   2885           00046         goto    Retardos_ms
0078                  00047 Retardo_100ms
0078   3064           00048         movlw   d'100'
0079   2885           00049         goto    Retardos_ms
007A                  00050 Retardo_50ms
007A   3032           00051         movlw   d'50'
007B   2885           00052         goto    Retardos_ms
007C                  00053 Retardo_20ms
007C   3014           00054         movlw   d'20'
007D   2885           00055         goto    Retardos_ms
007E                  00056 Retardo_10ms
007E   300A           00057         movlw   d'10'
007F   2885           00058         goto    Retardos_ms
0080                  00059 Retardo_5ms
0080   3005           00060         movlw   d'5'
0081   2885           00061         goto    Retardos_ms
0082                  00062 Retardo_2ms
0082   3002           00063         movlw   d'2'
0083   2885           00064         goto    Retardos_ms
0084                  00065 Retardo_1ms
0084   3001           00066         movlw   d'1'
                      00067         
0085                  00068 Retardos_ms
0085   008F           00069                 movwf   R_ContB
0086                  00070 R1ms_BucleExterno
0086   30F9           00071                 movlw   d'249'
0087   008E           00072                 movwf   R_ContA
0088                  00073 R1ms_BucleInterno
0088   0000           00074                 nop
0089   0B8E           00075                 decfsz  R_ContA,F
008A   2888           00076                 goto    R1ms_BucleInterno
008B   0B8F           00077                 decfsz  R_ContB,F
008C   2886           00078                 goto    R1ms_BucleExterno
008D   0008           00079                 return
                      00080                 
008E                  00081 Retardo_20s
008E   30C8           00082                 movlw   d'200'
008F   2899           00083                 goto    Retardo_1Decima
0090                  00084 Retardo_10s
0090   3064           00085                 movlw   d'100'
0091   2899           00086                 goto    Retardo_1Decima
0092                  00087 Retardo_5s
0092   3032           00088                 movlw   d'50'
0093   2899           00089                 goto    Retardo_1Decima
0094                  00090 Retardo_2s
0094   3014           00091                 movlw   d'20'
0095   2899           00092                 goto    Retardo_1Decima
0096                  00093 Retardo_1s
0096   3064           00094                 movlw   d'100'
0097   2899           00095                 goto    Retardo_1Decima
MPASM  5.51                   PULSADOR_01.ASM   9-22-2021  13:15:05         PAGE  5


LOC  OBJECT CODE     LINE SOURCE TEXT
  VALUE

0098                  00096 Retardo_500ms
0098   3005           00097                 movlw   d'5'
                      00098 
0099                  00099 Retardo_1Decima
0099   0090           00100                 movwf   R_ContC
009A                  00101 R1Decima_BucleExterno2
009A   3064           00102                 movlw   d'100'
009B   008F           00103                 movwf   R_ContB
009C                  00104 R1Decima_BucleExterno
009C   30F9           00105                 movlw   d'249'
009D   008E           00106                 movwf   R_ContA
009E                  00107 R1Decima_BucleInterno
009E   0000           00108                 nop
009F   0B8E           00109                 decfsz  R_ContA,F
00A0   289E           00110                 goto    R1Decima_BucleInterno
00A1   0B8F           00111                 decfsz  R_ContB,F
00A2   289C           00112                 goto    R1Decima_BucleExterno
00A3   0B90           00113                 decfsz  R_ContC,F
00A4   289A           00114                 goto    R1Decima_BucleExterno2
00A5   0008           00115                 return
                      00047                 END
MPASM  5.51                   PULSADOR_01.ASM   9-22-2021  13:15:05         PAGE  6


SYMBOL TABLE
  LABEL                             VALUE 

ASCII_a_7Segmentos                0000001A
C                                 00000000
Contador                          0000000C
DC                                00000001
Display                           PORTB
Display7s_Dato                    0000000D
EEADR                             00000009
EECON1                            00000088
EECON2                            00000089
EEDATA                            00000008
EEIE                              00000006
EEIF                              00000004
EsperaDejePulsar                  0000000C
F                                 00000001
FSR                               00000004
Fin                               0000000E
FinTablaASCII                     0000005F
GIE                               00000007
INDF                              00000000
INTCON                            0000000B
INTE                              00000004
INTEDG                            00000006
INTF                              00000001
IRP                               00000007
IncrementaVisualiza               0000000F
InicializaContador                00000013
Inicio                            00000000
InicioTablaASCII                  0000002F
NOT_PD                            00000003
NOT_RBPU                          00000007
NOT_TO                            00000004
Numero_a_7Segmentos               00000018
OPTION_REG                        00000081
PCL                               00000002
PCLATH                            0000000A
PORTA                             00000005
PORTB                             00000006
PS0                               00000000
PS1                               00000001
PS2                               00000002
PSA                               00000003
Principal                         00000006
Pulsador                          PORTA,4
R1Decima_BucleExterno             0000009C
R1Decima_BucleExterno2            0000009A
R1Decima_BucleInterno             0000009E
R1ms_BucleExterno                 00000086
R1ms_BucleInterno                 00000088
RA0                               00000000
RA1                               00000001
RA2                               00000002
RA3                               00000003
RA4                               00000004
MPASM  5.51                   PULSADOR_01.ASM   9-22-2021  13:15:05         PAGE  7


SYMBOL TABLE
  LABEL                             VALUE 

RB0                               00000000
RB1                               00000001
RB2                               00000002
RB3                               00000003
RB4                               00000004
RB5                               00000005
RB6                               00000006
RB7                               00000007
RBIE                              00000003
RBIF                              00000000
RD                                00000000
RP0                               00000005
RP1                               00000006
R_ContA                           0000000E
R_ContB                           0000000F
R_ContC                           00000010
RetardoMicros                     00000072
Retardo_100micros                 0000006C
Retardo_100ms                     00000078
Retardo_10micros                  0000005F
Retardo_10ms                      0000007E
Retardo_10s                       00000090
Retardo_1Decima                   00000099
Retardo_1ms                       00000084
Retardo_1s                        00000096
Retardo_200micros                 00000069
Retardo_200ms                     00000076
Retardo_20micros                  00000071
Retardo_20ms                      0000007C
Retardo_20s                       0000008E
Retardo_2ms                       00000082
Retardo_2s                        00000094
Retardo_4micros                   00000065
Retardo_500micros                 00000066
Retardo_500ms                     00000098
Retardo_50micros                  0000006E
Retardo_50ms                      0000007A
Retardo_5micros                   00000064
Retardo_5ms                       00000080
Retardo_5s                        00000092
Retardos_ms                       00000085
Rmicros_Bucle                     00000073
STATUS                            00000003
T0CS                              00000005
T0IE                              00000005
T0IF                              00000002
T0SE                              00000004
TMR0                              00000001
TMR0IE                            00000005
TMR0IF                            00000002
TRISA                             00000085
TRISA0                            00000000
TRISA1                            00000001
MPASM  5.51                   PULSADOR_01.ASM   9-22-2021  13:15:05         PAGE  8


SYMBOL TABLE
  LABEL                             VALUE 

TRISA2                            00000002
TRISA3                            00000003
TRISA4                            00000004
TRISB                             00000086
TRISB0                            00000000
TRISB1                            00000001
TRISB2                            00000002
TRISB3                            00000003
TRISB4                            00000004
TRISB5                            00000005
TRISB6                            00000006
TRISB7                            00000007
Visualiza                         00000014
W                                 00000000
WR                                00000001
WREN                              00000002
WRERR                             00000003
Z                                 00000002
_CONFIG                           00002007
_CP_OFF                           00003FFF
_CP_ON                            0000000F
_DEVID1                           00002006
_FOSC_EXTRC                       00003FFF
_FOSC_HS                          00003FFE
_FOSC_LP                          00003FFC
_FOSC_XT                          00003FFD
_HS_OSC                           00003FFE
_IDLOC0                           00002000
_IDLOC1                           00002001
_IDLOC2                           00002002
_IDLOC3                           00002003
_LP_OSC                           00003FFC
_PWRTE_OFF                        00003FFF
_PWRTE_ON                         00003FF7
_RC_OSC                           00003FFF
_WDTE_OFF                         00003FFB
_WDTE_ON                          00003FFF
_WDT_OFF                          00003FFB
_WDT_ON                           00003FFF
_XT_OSC                           00003FFD
__16F84A                          00000001
MPASM  5.51                   PULSADOR_01.ASM   9-22-2021  13:15:05         PAGE  9


MEMORY USAGE MAP ('X' = Used,  '-' = Unused)


0000 : XXXXXXXXXXXXXXXX XXXXXXXXXXXXXXXX XXXXXXXXXXXXXXXX XXXXXXXXXXXXXXXX
0040 : XXXXXXXXXXXXXXXX XXXXXXXXXXXXXXXX XXXXXXXXXXXXXXXX XXXXXXXXXXXXXXXX
0080 : XXXXXXXXXXXXXXXX XXXXXXXXXXXXXXXX XXXXXX---------- ----------------
2000 : -------X-------- ---------------- ---------------- ----------------

All other memory blocks unused.

Program Memory Words Used:   166
Program Memory Words Free:   858


Errors   :     0
Warnings :     2 reported,     0 suppressed
Messages :     0 reported,     0 suppressed

