MPASM  5.51                RETARDO_02_628.ASM   9-29-2021  12:41:37         PAGE  1


LOC  OBJECT CODE     LINE SOURCE TEXT
  VALUE

2007   3F51           00001         __CONFIG _CP_OFF&_WDT_OFF&_PWRTE_ON&_LVP_OFF&_MCLRE_OFF&_INTOSC_OSC_CLKOUT
Warning[215]: Processor superseded by command line.  Verify processor symbol.
                      00002         LIST    P=16F628A
                      00003         INCLUDE <P16F628A.INC>
                      00001         LIST
                      00002 
                      00003 ;==========================================================================
                      00004 ;  MPASM PIC16F628A processor include
                      00005 ; 
                      00006 ;  (c) Copyright 1999-2013 Microchip Technology, All rights reserved
                      00007 ;==========================================================================
                      00008 
Message[301]: MESSAGE: (Processor-header file mismatch.  Verify selected processor.)
                      00385         LIST
                      00004 
                      00005         CBLOCK 0x20
                      00006         ENDC
                      00007 
                      00008         #DEFINE LED PORTB,0
                      00009 
0000                  00010         ORG 0
                      00011                 
0000                  00012 Inicio  
0000   1683           00013         bsf     STATUS,RP0
0001   1006           00014         bcf             LED
0002   1283           00015         bcf             STATUS,RP0
                      00016         
0003                  00017 Principal
0003   1406           00018         bsf             LED
0004   2021           00019         call    Retardo_200ms
0005   2021           00020         call    Retardo_200ms
0006   1006           00021         bcf             LED
0007   2021           00022         call    Retardo_200ms
0008   2023           00023         call    Retardo_100ms
0009   2803           00024         goto    Principal
                      00025 
                      00026 
                      00027         INCLUDE <RETARDOS.INC>
Warning[205]: Found directive in column 1. (CBLOCK)
                      00001 CBLOCK
  00000020            00002 R_ContA
  00000021            00003 R_ContB
  00000022            00004 R_ContC
Warning[205]: Found directive in column 1. (ENDC)
                      00005 ENDC
                      00006 
000A                  00007 Retardo_10micros
000A   0000           00008         nop             
000B   0000           00009         nop
000C   0000           00010         nop
000D   0000           00011         nop
000E   0000           00012         nop
000F                  00013 Retardo_5micros
MPASM  5.51                RETARDO_02_628.ASM   9-29-2021  12:41:37         PAGE  2


LOC  OBJECT CODE     LINE SOURCE TEXT
  VALUE

000F   0000           00014         nop
0010                  00015 Retardo_4micros
0010   0008           00016         return
                      00017         
0011                  00018 Retardo_500micros
0011   0000           00019         nop
0012   30A4           00020         movlw   d'164'
0013   281D           00021         goto    RetardoMicros
0014                  00022 Retardo_200micros
0014   0000           00023         nop
0015   3040           00024         movlw   d'64'
0016   281D           00025         goto    RetardoMicros
0017                  00026 Retardo_100micros
0017   301F           00027         movlw   d'31'
0018   281D           00028         goto    RetardoMicros
0019                  00029 Retardo_50micros
0019   0000           00030         nop
001A   300E           00031         movlw   d'14'
001B   281D           00032         goto    RetardoMicros
001C                  00033 Retardo_20micros
001C   3005           00034         movlw   d'5'
                      00035         
                      00036 
001D                  00037 RetardoMicros   
001D   00A0           00038         movwf   R_ContA
001E                  00039 Rmicros_Bucle
001E   0BA0           00040         decfsz  R_ContA,F
001F   281E           00041         goto    Rmicros_Bucle
0020   0008           00042         return
                      00043 
0021                  00044 Retardo_200ms
0021   30C8           00045         movlw   d'200'
0022   2830           00046         goto    Retardos_ms
0023                  00047 Retardo_100ms
0023   3064           00048         movlw   d'100'
0024   2830           00049         goto    Retardos_ms
0025                  00050 Retardo_50ms
0025   3032           00051         movlw   d'50'
0026   2830           00052         goto    Retardos_ms
0027                  00053 Retardo_20ms
0027   3014           00054         movlw   d'20'
0028   2830           00055         goto    Retardos_ms
0029                  00056 Retardo_10ms
0029   300A           00057         movlw   d'10'
002A   2830           00058         goto    Retardos_ms
002B                  00059 Retardo_5ms
002B   3005           00060         movlw   d'5'
002C   2830           00061         goto    Retardos_ms
002D                  00062 Retardo_2ms
002D   3002           00063         movlw   d'2'
002E   2830           00064         goto    Retardos_ms
002F                  00065 Retardo_1ms
002F   3001           00066         movlw   d'1'
MPASM  5.51                RETARDO_02_628.ASM   9-29-2021  12:41:37         PAGE  3


LOC  OBJECT CODE     LINE SOURCE TEXT
  VALUE

                      00067         
0030                  00068 Retardos_ms
0030   00A1           00069                 movwf   R_ContB
0031                  00070 R1ms_BucleExterno
0031   30F9           00071                 movlw   d'249'
0032   00A0           00072                 movwf   R_ContA
0033                  00073 R1ms_BucleInterno
0033   0000           00074                 nop
0034   0BA0           00075                 decfsz  R_ContA,F
0035   2833           00076                 goto    R1ms_BucleInterno
0036   0BA1           00077                 decfsz  R_ContB,F
0037   2831           00078                 goto    R1ms_BucleExterno
0038   0008           00079                 return
                      00080                 
0039                  00081 Retardo_20s
0039   30C8           00082                 movlw   d'200'
003A   2844           00083                 goto    Retardo_1Decima
003B                  00084 Retardo_10s
003B   3064           00085                 movlw   d'100'
003C   2844           00086                 goto    Retardo_1Decima
003D                  00087 Retardo_5s
003D   3032           00088                 movlw   d'50'
003E   2844           00089                 goto    Retardo_1Decima
003F                  00090 Retardo_2s
003F   3014           00091                 movlw   d'20'
0040   2844           00092                 goto    Retardo_1Decima
0041                  00093 Retardo_1s
0041   3064           00094                 movlw   d'100'
0042   2844           00095                 goto    Retardo_1Decima
0043                  00096 Retardo_500ms
0043   3005           00097                 movlw   d'5'
                      00098 
0044                  00099 Retardo_1Decima
0044   00A2           00100                 movwf   R_ContC
0045                  00101 R1Decima_BucleExterno2
0045   3064           00102                 movlw   d'100'
0046   00A1           00103                 movwf   R_ContB
0047                  00104 R1Decima_BucleExterno
0047   30F9           00105                 movlw   d'249'
0048   00A0           00106                 movwf   R_ContA
0049                  00107 R1Decima_BucleInterno
0049   0000           00108                 nop
004A   0BA0           00109                 decfsz  R_ContA,F
004B   2849           00110                 goto    R1Decima_BucleInterno
004C   0BA1           00111                 decfsz  R_ContB,F
004D   2847           00112                 goto    R1Decima_BucleExterno
004E   0BA2           00113                 decfsz  R_ContC,F
004F   2845           00114                 goto    R1Decima_BucleExterno2
0050   0008           00115                 return
                      00028 
                      00029                 END
MPASM  5.51                RETARDO_02_628.ASM   9-29-2021  12:41:37         PAGE  4


SYMBOL TABLE
  LABEL                             VALUE 

ADDEN                             00000003
ADEN                              00000003
BRGH                              00000002
C                                 00000000
C1INV                             00000004
C1OUT                             00000006
C2INV                             00000005
C2OUT                             00000007
CCP1CON                           00000017
CCP1IE                            00000002
CCP1IF                            00000002
CCP1M0                            00000000
CCP1M1                            00000001
CCP1M2                            00000002
CCP1M3                            00000003
CCP1X                             00000005
CCP1Y                             00000004
CCPR1                             00000015
CCPR1H                            00000016
CCPR1L                            00000015
CIS                               00000003
CM0                               00000000
CM1                               00000001
CM2                               00000002
CMCON                             0000001F
CMIE                              00000006
CMIF                              00000006
CREN                              00000004
CSRC                              00000007
DATA_CP_OFF                       00003FFF
DATA_CP_ON                        00003EFF
DC                                00000001
EEADR                             0000009B
EECON1                            0000009C
EECON2                            0000009D
EEDATA                            0000009A
EEIE                              00000007
EEIF                              00000007
F                                 00000001
FERR                              00000002
FSR                               00000004
GIE                               00000007
INDF                              00000000
INTCON                            0000000B
INTE                              00000004
INTEDG                            00000006
INTF                              00000001
IRP                               00000007
Inicio                            00000000
LED                               PORTB,0
NOT_BO                            00000000
NOT_BOD                           00000000
NOT_BOR                           00000000
MPASM  5.51                RETARDO_02_628.ASM   9-29-2021  12:41:37         PAGE  5


SYMBOL TABLE
  LABEL                             VALUE 

NOT_PD                            00000003
NOT_POR                           00000001
NOT_RBPU                          00000007
NOT_T1SYNC                        00000002
NOT_TO                            00000004
OERR                              00000001
OPTION_REG                        00000081
OSCF                              00000003
PCL                               00000002
PCLATH                            0000000A
PCON                              0000008E
PEIE                              00000006
PIE1                              0000008C
PIR1                              0000000C
PORTA                             00000005
PORTB                             00000006
PR2                               00000092
PS0                               00000000
PS1                               00000001
PS2                               00000002
PSA                               00000003
Principal                         00000003
R1Decima_BucleExterno             00000047
R1Decima_BucleExterno2            00000045
R1Decima_BucleInterno             00000049
R1ms_BucleExterno                 00000031
R1ms_BucleInterno                 00000033
RA0                               00000000
RA1                               00000001
RA2                               00000002
RA3                               00000003
RA4                               00000004
RA5                               00000005
RA6                               00000006
RA7                               00000007
RB0                               00000000
RB1                               00000001
RB2                               00000002
RB3                               00000003
RB4                               00000004
RB5                               00000005
RB6                               00000006
RB7                               00000007
RBIE                              00000003
RBIF                              00000000
RCIE                              00000005
RCIF                              00000005
RCREG                             0000001A
RCSTA                             00000018
RD                                00000000
RP0                               00000005
RP1                               00000006
RX9                               00000006
MPASM  5.51                RETARDO_02_628.ASM   9-29-2021  12:41:37         PAGE  6


SYMBOL TABLE
  LABEL                             VALUE 

RX9D                              00000000
R_ContA                           00000020
R_ContB                           00000021
R_ContC                           00000022
RetardoMicros                     0000001D
Retardo_100micros                 00000017
Retardo_100ms                     00000023
Retardo_10micros                  0000000A
Retardo_10ms                      00000029
Retardo_10s                       0000003B
Retardo_1Decima                   00000044
Retardo_1ms                       0000002F
Retardo_1s                        00000041
Retardo_200micros                 00000014
Retardo_200ms                     00000021
Retardo_20micros                  0000001C
Retardo_20ms                      00000027
Retardo_20s                       00000039
Retardo_2ms                       0000002D
Retardo_2s                        0000003F
Retardo_4micros                   00000010
Retardo_500micros                 00000011
Retardo_500ms                     00000043
Retardo_50micros                  00000019
Retardo_50ms                      00000025
Retardo_5micros                   0000000F
Retardo_5ms                       0000002B
Retardo_5s                        0000003D
Retardos_ms                       00000030
Rmicros_Bucle                     0000001E
SPBRG                             00000099
SPEN                              00000007
SREN                              00000005
STATUS                            00000003
SYNC                              00000004
T0CS                              00000005
T0IE                              00000005
T0IF                              00000002
T0SE                              00000004
T1CKPS0                           00000004
T1CKPS1                           00000005
T1CON                             00000010
T1OSCEN                           00000003
T2CKPS0                           00000000
T2CKPS1                           00000001
T2CON                             00000012
TMR0                              00000001
TMR0IE                            00000005
TMR0IF                            00000002
TMR1                              0000000E
TMR1CS                            00000001
TMR1H                             0000000F
TMR1IE                            00000000
MPASM  5.51                RETARDO_02_628.ASM   9-29-2021  12:41:37         PAGE  7


SYMBOL TABLE
  LABEL                             VALUE 

TMR1IF                            00000000
TMR1L                             0000000E
TMR1ON                            00000000
TMR2                              00000011
TMR2IE                            00000001
TMR2IF                            00000001
TMR2ON                            00000002
TOUTPS0                           00000003
TOUTPS1                           00000004
TOUTPS2                           00000005
TOUTPS3                           00000006
TRISA                             00000085
TRISA0                            00000000
TRISA1                            00000001
TRISA2                            00000002
TRISA3                            00000003
TRISA4                            00000004
TRISA5                            00000005
TRISA6                            00000006
TRISA7                            00000007
TRISB                             00000086
TRISB0                            00000000
TRISB1                            00000001
TRISB2                            00000002
TRISB3                            00000003
TRISB4                            00000004
TRISB5                            00000005
TRISB6                            00000006
TRISB7                            00000007
TRMT                              00000001
TX9                               00000006
TX9D                              00000000
TXEN                              00000005
TXIE                              00000004
TXIF                              00000004
TXREG                             00000019
TXSTA                             00000098
VR0                               00000000
VR1                               00000001
VR2                               00000002
VR3                               00000003
VRCON                             0000009F
VREN                              00000007
VROE                              00000006
VRR                               00000005
W                                 00000000
WR                                00000001
WREN                              00000002
WRERR                             00000003
Z                                 00000002
_BODEN_OFF                        00003FBF
_BODEN_ON                         00003FFF
_BOREN_OFF                        00003FBF
MPASM  5.51                RETARDO_02_628.ASM   9-29-2021  12:41:37         PAGE  8


SYMBOL TABLE
  LABEL                             VALUE 

_BOREN_ON                         00003FFF
_CONFIG                           00002007
_CPD_OFF                          00003FFF
_CPD_ON                           00003EFF
_CP_OFF                           00003FFF
_CP_ON                            00001FFF
_DEVID1                           00002006
_ER_OSC_CLKOUT                    00003FFF
_ER_OSC_NOCLKOUT                  00003FFE
_EXTCLK_OSC                       00003FEF
_FOSC_ECIO                        00003FEF
_FOSC_EXTRCCLK                    00003FFF
_FOSC_EXTRCIO                     00003FFE
_FOSC_HS                          00003FEE
_FOSC_INTOSCCLK                   00003FFD
_FOSC_INTOSCIO                    00003FFC
_FOSC_LP                          00003FEC
_FOSC_XT                          00003FED
_HS_OSC                           00003FEE
_IDLOC0                           00002000
_IDLOC1                           00002001
_IDLOC2                           00002002
_IDLOC3                           00002003
_INTOSC_OSC_CLKOUT                00003FFD
_INTOSC_OSC_NOCLKOUT              00003FFC
_INTRC_OSC_CLKOUT                 00003FFD
_INTRC_OSC_NOCLKOUT               00003FFC
_LP_OSC                           00003FEC
_LVP_OFF                          00003F7F
_LVP_ON                           00003FFF
_MCLRE_OFF                        00003FDF
_MCLRE_ON                         00003FFF
_PWRTE_OFF                        00003FFF
_PWRTE_ON                         00003FF7
_RC_OSC_CLKOUT                    00003FFF
_RC_OSC_NOCLKOUT                  00003FFE
_WDTE_OFF                         00003FFB
_WDTE_ON                          00003FFF
_WDT_OFF                          00003FFB
_WDT_ON                           00003FFF
_XT_OSC                           00003FED
__16F84A                          00000001
MPASM  5.51                RETARDO_02_628.ASM   9-29-2021  12:41:37         PAGE  9


MEMORY USAGE MAP ('X' = Used,  '-' = Unused)


0000 : XXXXXXXXXXXXXXXX XXXXXXXXXXXXXXXX XXXXXXXXXXXXXXXX XXXXXXXXXXXXXXXX
0040 : XXXXXXXXXXXXXXXX X--------------- ---------------- ----------------
2000 : -------X-------- ---------------- ---------------- ----------------

All other memory blocks unused.

Program Memory Words Used:    81
Program Memory Words Free:   943


Errors   :     0
Warnings :     3 reported,     0 suppressed
Messages :     1 reported,     0 suppressed

