MPASM  5.51                 SUBRUTINAS_01.ASM   9-20-2021  12:15:15         PAGE  1


LOC  OBJECT CODE     LINE SOURCE TEXT
  VALUE

2007   3FF1           00001         __CONFIG _CP_OFF&_WDT_OFF&_PWRTE_ON&_XT_OSC
                      00002                 LIST    P=16F84A
                      00003                 INCLUDE <P16F84A.INC>
                      00001         LIST
                      00002 
                      00003 ;==========================================================================
                      00004 ;  MPASM PIC16F84A processor include
                      00005 ; 
                      00006 ;  (c) Copyright 1999-2013 Microchip Technology, All rights reserved
                      00007 ;==========================================================================
                      00008 
                      00208         LIST
                      00004 
                      00005                 CBLOCK 0x0C ;posicion en la que empieza la memoria RAM
                      00006                 ENDC
                      00007                 
  000000AF            00008 Numero  EQU     .175
                      00009 
0000                  00010                 ORG     0
0000                  00011 Inicio
0000   1683           00012                 bsf             STATUS,RP0  ;acceso al banco 1
Message[302]: Register in operand not in bank 0.  Ensure that bank bits are correct.
0001   0186           00013                 clrf    TRISB   ;puerto b se configura de salida
0002   1283           00014                 bcf             STATUS,RP0      ;acceso al banco 0
0003                  00015 Principal
0003   30AF           00016                 movlw   Numero
0004   2007           00017                 call    BIN_a_BCD
0005   0086           00018                 movwf   PORTB  ;el resultado se vizualiza en la salida
0006   2806           00019                 goto    $
                      00020                 CBLOCK
  0000000C            00021                 Centenas
  0000000D            00022                 Decenas
  0000000E            00023                 Unidades
                      00024                 ENDC
                      00025 
0007                  00026 BIN_a_BCD
0007   018C           00027                 clrf    Centenas
0008   018D           00028                 clrf    Decenas
0009   008E           00029                 movwf   Unidades
000A                  00030 Resta10
000A   300A           00031                 movlw   .10
000B   020E           00032                 subwf   Unidades,W
000C   1C03           00033                 btfss   STATUS,C
000D   2817           00034                 goto    Fin_BIN_BCD
000E                  00035 IncrementaDecenas
000E   008E           00036                 movwf   Unidades
000F   0A8D           00037                 incf    Decenas,F
0010   300A           00038                 movlw   .10
0011   020D           00039                 subwf   Decenas,W
0012   1C03           00040                 btfss   STATUS,C
0013   280A           00041                 goto    Resta10
0014                  00042 IncrementaCentenas
0014   018D           00043                 clrf    Decenas
MPASM  5.51                 SUBRUTINAS_01.ASM   9-20-2021  12:15:15         PAGE  2


LOC  OBJECT CODE     LINE SOURCE TEXT
  VALUE

0015   0A8C           00044                 incf    Centenas,F
0016   280A           00045                 goto    Resta10
0017                  00046 Fin_BIN_BCD
0017   0E0D           00047                 swapf   Decenas,W
0018   070E           00048                 addwf   Unidades,W
0019   0008           00049                 return
                      00050                 
                      00051                 END
MPASM  5.51                 SUBRUTINAS_01.ASM   9-20-2021  12:15:15         PAGE  3


SYMBOL TABLE
  LABEL                             VALUE 

BIN_a_BCD                         00000007
C                                 00000000
Centenas                          0000000C
DC                                00000001
Decenas                           0000000D
EEADR                             00000009
EECON1                            00000088
EECON2                            00000089
EEDATA                            00000008
EEIE                              00000006
EEIF                              00000004
F                                 00000001
FSR                               00000004
Fin_BIN_BCD                       00000017
GIE                               00000007
INDF                              00000000
INTCON                            0000000B
INTE                              00000004
INTEDG                            00000006
INTF                              00000001
IRP                               00000007
IncrementaCentenas                00000014
IncrementaDecenas                 0000000E
Inicio                            00000000
NOT_PD                            00000003
NOT_RBPU                          00000007
NOT_TO                            00000004
Numero                            000000AF
OPTION_REG                        00000081
PCL                               00000002
PCLATH                            0000000A
PORTA                             00000005
PORTB                             00000006
PS0                               00000000
PS1                               00000001
PS2                               00000002
PSA                               00000003
Principal                         00000003
RA0                               00000000
RA1                               00000001
RA2                               00000002
RA3                               00000003
RA4                               00000004
RB0                               00000000
RB1                               00000001
RB2                               00000002
RB3                               00000003
RB4                               00000004
RB5                               00000005
RB6                               00000006
RB7                               00000007
RBIE                              00000003
RBIF                              00000000
MPASM  5.51                 SUBRUTINAS_01.ASM   9-20-2021  12:15:15         PAGE  4


SYMBOL TABLE
  LABEL                             VALUE 

RD                                00000000
RP0                               00000005
RP1                               00000006
Resta10                           0000000A
STATUS                            00000003
T0CS                              00000005
T0IE                              00000005
T0IF                              00000002
T0SE                              00000004
TMR0                              00000001
TMR0IE                            00000005
TMR0IF                            00000002
TRISA                             00000085
TRISA0                            00000000
TRISA1                            00000001
TRISA2                            00000002
TRISA3                            00000003
TRISA4                            00000004
TRISB                             00000086
TRISB0                            00000000
TRISB1                            00000001
TRISB2                            00000002
TRISB3                            00000003
TRISB4                            00000004
TRISB5                            00000005
TRISB6                            00000006
TRISB7                            00000007
Unidades                          0000000E
W                                 00000000
WR                                00000001
WREN                              00000002
WRERR                             00000003
Z                                 00000002
_CONFIG                           00002007
_CP_OFF                           00003FFF
_CP_ON                            0000000F
_DEVID1                           00002006
_FOSC_EXTRC                       00003FFF
_FOSC_HS                          00003FFE
_FOSC_LP                          00003FFC
_FOSC_XT                          00003FFD
_HS_OSC                           00003FFE
_IDLOC0                           00002000
_IDLOC1                           00002001
_IDLOC2                           00002002
_IDLOC3                           00002003
_LP_OSC                           00003FFC
_PWRTE_OFF                        00003FFF
_PWRTE_ON                         00003FF7
_RC_OSC                           00003FFF
_WDTE_OFF                         00003FFB
_WDTE_ON                          00003FFF
_WDT_OFF                          00003FFB
MPASM  5.51                 SUBRUTINAS_01.ASM   9-20-2021  12:15:15         PAGE  5


SYMBOL TABLE
  LABEL                             VALUE 

_WDT_ON                           00003FFF
_XT_OSC                           00003FFD
__16F84A                          00000001


MEMORY USAGE MAP ('X' = Used,  '-' = Unused)

0000 : XXXXXXXXXXXXXXXX XXXXXXXXXX------ ---------------- ----------------
2000 : -------X-------- ---------------- ---------------- ----------------

All other memory blocks unused.

Program Memory Words Used:    26
Program Memory Words Free:   998


Errors   :     0
Warnings :     0 reported,     0 suppressed
Messages :     1 reported,     0 suppressed

