MPLINK 4.49, Linker
Linker Map File - Created Mon Oct 11 11:36:31 2021

                                 Section Info
                  Section       Type    Address   Location Size(Bytes)
                ---------  ---------  ---------  ---------  ---------
                   .org_0       code   0x000000    program   0x000000
                   .org_2       code   0x000000    program   0x000282
.config_2007_EEPROM_01 84A.O       code   0x002007    program   0x000002
                   .org_1       code   0x002100    program   0x000002



                              Program Memory Usage 
                               Start         End      
                           ---------   ---------      
                            0x000000    0x000140      
                            0x002007    0x002007      
                            0x002100    0x002100      
            323 out of 1094 program addresses used, program memory utilization is 29%



                              Symbols - Sorted by Name
                     Name    Address   Location    Storage File                     
                ---------  ---------  ---------  --------- ---------                
                BIN_a_BCD   0x00012e    program     static C:\Users\Brenda\Dropbox\PC\Documents\7 semestre\2. Sistemas Programables\UNIDAD I\ENTRENADOR\BIN_BCD.INC
       EEPROM_EscribeDato   0x0000d3    program     static C:\Users\Brenda\Dropbox\PC\Documents\7 semestre\2. Sistemas Programables\UNIDAD I\ENTRENADOR\EEPROM.INC
           EEPROM_LeeDato   0x0000ca    program     static C:\Users\Brenda\Dropbox\PC\Documents\7 semestre\2. Sistemas Programables\UNIDAD I\ENTRENADOR\EEPROM.INC
      EEPROM_SigueLeyendo   0x0000ce    program     static C:\Users\Brenda\Dropbox\PC\Documents\7 semestre\2. Sistemas Programables\UNIDAD I\ENTRENADOR\EEPROM.INC
   EEPROM_TerminaEscribir   0x0000df    program     static C:\Users\Brenda\Dropbox\PC\Documents\7 semestre\2. Sistemas Programables\UNIDAD I\ENTRENADOR\EEPROM.INC
              FinMensajes   0x00001e    program     static C:\Users\Brenda\Dropbox\PC\Documents\7 semestre\2. Sistemas Programables\UNIDAD I\ENTRENADOR\EEPROM_01 84A.asm
              Fin_BIN_BCD   0x00013e    program     static C:\Users\Brenda\Dropbox\PC\Documents\7 semestre\2. Sistemas Programables\UNIDAD I\ENTRENADOR\BIN_BCD.INC
       IncrementaCentenas   0x00013b    program     static C:\Users\Brenda\Dropbox\PC\Documents\7 semestre\2. Sistemas Programables\UNIDAD I\ENTRENADOR\BIN_BCD.INC
        IncrementaDecenas   0x000135    program     static C:\Users\Brenda\Dropbox\PC\Documents\7 semestre\2. Sistemas Programables\UNIDAD I\ENTRENADOR\BIN_BCD.INC
                   Inicio   0x000000    program     static C:\Users\Brenda\Dropbox\PC\Documents\7 semestre\2. Sistemas Programables\UNIDAD I\ENTRENADOR\EEPROM_01 84A.asm
      LCD_2Lineas4Bits5x7   0x000084    program     static C:\Users\Brenda\Dropbox\PC\Documents\7 semestre\2. Sistemas Programables\UNIDAD I\ENTRENADOR\LCD_4BIT.INC
                LCD_Borra   0x000082    program     static C:\Users\Brenda\Dropbox\PC\Documents\7 semestre\2. Sistemas Programables\UNIDAD I\ENTRENADOR\LCD_4BIT.INC
                 LCD_Byte   0x0000b4    program     static C:\Users\Brenda\Dropbox\PC\Documents\7 semestre\2. Sistemas Programables\UNIDAD I\ENTRENADOR\LCD_4BIT.INC
         LCD_ByteCompleto   0x0000bb    program     static C:\Users\Brenda\Dropbox\PC\Documents\7 semestre\2. Sistemas Programables\UNIDAD I\ENTRENADOR\LCD_4BIT.INC
             LCD_Caracter   0x000087    program     static C:\Users\Brenda\Dropbox\PC\Documents\7 semestre\2. Sistemas Programables\UNIDAD I\ENTRENADOR\LCD_4BIT.INC
          LCD_CodigoCGROM   0x000091    program     static C:\Users\Brenda\Dropbox\PC\Documents\7 semestre\2. Sistemas Programables\UNIDAD I\ENTRENADOR\LCD_4BIT.INC
           LCD_CursorIncr   0x000072    program     static C:\Users\Brenda\Dropbox\PC\Documents\7 semestre\2. Sistemas Programables\UNIDAD I\ENTRENADOR\LCD_4BIT.INC
            LCD_CursorOFF   0x000080    program     static C:\Users\Brenda\Dropbox\PC\Documents\7 semestre\2. Sistemas Programables\UNIDAD I\ENTRENADOR\LCD_4BIT.INC
             LCD_CursorON   0x00007e    program     static C:\Users\Brenda\Dropbox\PC\Documents\7 semestre\2. Sistemas Programables\UNIDAD I\ENTRENADOR\LCD_4BIT.INC
   LCD_DosEspaciosBlancos   0x0000ab    program     static C:\Users\Brenda\Dropbox\PC\Documents\7 semestre\2. Sistemas Programables\UNIDAD I\ENTRENADOR\LCD_4BIT.INC
        LCD_EnheMayuscula   0x000098    program     static C:\Users\Brenda\Dropbox\PC\Documents\7 semestre\2. Sistemas Programables\UNIDAD I\ENTRENADOR\LCD_4BIT.INC
        LCD_EnheMinuscula   0x000092    program     static C:\Users\Brenda\Dropbox\PC\Documents\7 semestre\2. Sistemas Programables\UNIDAD I\ENTRENADOR\LCD_4BIT.INC
                LCD_Envia   0x000089    program     static C:\Users\Brenda\Dropbox\PC\Documents\7 semestre\2. Sistemas Programables\UNIDAD I\ENTRENADOR\LCD_4BIT.INC
         LCD_EnviaBlancos   0x0000ae    program     static C:\Users\Brenda\Dropbox\PC\Documents\7 semestre\2. Sistemas Programables\UNIDAD I\ENTRENADOR\LCD_4BIT.INC
       LCD_EnviaByteLetra   0x0000c7    program     static C:\Users\Brenda\Dropbox\PC\Documents\7 semestre\2. Sistemas Programables\UNIDAD I\ENTRENADOR\LCD_4BIT.INC
         LCD_EnviaComando   0x000085    program     static C:\Users\Brenda\Dropbox\PC\Documents\7 semestre\2. Sistemas Programables\UNIDAD I\ENTRENADOR\LCD_4BIT.INC
      LCD_EnviaOtroBlanco   0x0000af    program     static C:\Users\Brenda\Dropbox\PC\Documents\7 semestre\2. Sistemas Programables\UNIDAD I\ENTRENADOR\LCD_4BIT.INC
         LCD_EsFinalLinea   0x000036    program     static C:\Users\Brenda\Dropbox\PC\Documents\7 semestre\2. Sistemas Programables\UNIDAD I\ENTRENADOR\LCD_MENS.INC
           LCD_EscribeLCD   0x00005e    program     static C:\Users\Brenda\Dropbox\PC\Documents\7 semestre\2. Sistemas Programables\UNIDAD I\ENTRENADOR\LCD_4BIT.INC
             LCD_FinCGROM   0x0000a5    program     static C:\Users\Brenda\Dropbox\PC\Documents\7 semestre\2. Sistemas Programables\UNIDAD I\ENTRENADOR\LCD_4BIT.INC
           LCD_FinMensaje   0x00002b    program     static C:\Users\Brenda\Dropbox\PC\Documents\7 semestre\2. Sistemas Programables\UNIDAD I\ENTRENADOR\LCD_MENS.INC
        LCD_FinMovimiento   0x000045    program     static C:\Users\Brenda\Dropbox\PC\Documents\7 semestre\2. Sistemas Programables\UNIDAD I\ENTRENADOR\LCD_MENS.INC
   LCD_FinVisualizaDigito   0x0000c9    program     static C:\Users\Brenda\Dropbox\PC\Documents\7 semestre\2. Sistemas Programables\UNIDAD I\ENTRENADOR\LCD_4BIT.INC
                LCD_Grado   0x00009f    program     static C:\Users\Brenda\Dropbox\PC\Documents\7 semestre\2. Sistemas Programables\UNIDAD I\ENTRENADOR\LCD_4BIT.INC
           LCD_Inicializa   0x000046    program     static C:\Users\Brenda\Dropbox\PC\Documents\7 semestre\2. Sistemas Programables\UNIDAD I\ENTRENADOR\LCD_4BIT.INC
               LCD_Linea1   0x000074    program     static C:\Users\Brenda\Dropbox\PC\Documents\7 semestre\2. Sistemas Programables\UNIDAD I\ENTRENADOR\LCD_4BIT.INC
               LCD_Linea2   0x000076    program     static C:\Users\Brenda\Dropbox\PC\Documents\7 semestre\2. Sistemas Programables\UNIDAD I\ENTRENADOR\LCD_4BIT.INC
        LCD_LineaEnBlanco   0x0000a7    program     static C:\Users\Brenda\Dropbox\PC\Documents\7 semestre\2. Sistemas Programables\UNIDAD I\ENTRENADOR\LCD_4BIT.INC
              LCD_Mensaje   0x00001e    program     static C:\Users\Brenda\Dropbox\PC\Documents\7 semestre\2. Sistemas Programables\UNIDAD I\ENTRENADOR\LCD_MENS.INC
    LCD_MensajeMovimiento   0x00002c    program     static C:\Users\Brenda\Dropbox\PC\Documents\7 semestre\2. Sistemas Programables\UNIDAD I\ENTRENADOR\LCD_MENS.INC
               LCD_Nibble   0x0000bf    program     static C:\Users\Brenda\Dropbox\PC\Documents\7 semestre\2. Sistemas Programables\UNIDAD I\ENTRENADOR\LCD_4BIT.INC
       LCD_NoEsFinalLinea   0x00003b    program     static C:\Users\Brenda\Dropbox\PC\Documents\7 semestre\2. Sistemas Programables\UNIDAD I\ENTRENADOR\LCD_MENS.INC
     LCD_NoUltimoCaracter   0x000028    program     static C:\Users\Brenda\Dropbox\PC\Documents\7 semestre\2. Sistemas Programables\UNIDAD I\ENTRENADOR\LCD_MENS.INC
    LCD_NoUltimoCaracter2   0x000041    program     static C:\Users\Brenda\Dropbox\PC\Documents\7 semestre\2. Sistemas Programables\UNIDAD I\ENTRENADOR\LCD_MENS.INC
                  LCD_OFF   0x00007c    program     static C:\Users\Brenda\Dropbox\PC\Documents\7 semestre\2. Sistemas Programables\UNIDAD I\ENTRENADOR\LCD_4BIT.INC
       LCD_PosicionLinea1   0x000078    program     static C:\Users\Brenda\Dropbox\PC\Documents\7 semestre\2. Sistemas Programables\UNIDAD I\ENTRENADOR\LCD_4BIT.INC
       LCD_PosicionLinea2   0x00007a    program     static C:\Users\Brenda\Dropbox\PC\Documents\7 semestre\2. Sistemas Programables\UNIDAD I\ENTRENADOR\LCD_4BIT.INC
      LCD_PrimeraPosicion   0x000030    program     static C:\Users\Brenda\Dropbox\PC\Documents\7 semestre\2. Sistemas Programables\UNIDAD I\ENTRENADOR\LCD_MENS.INC
  LCD_TresEspaciosBlancos   0x0000ad    program     static C:\Users\Brenda\Dropbox\PC\Documents\7 semestre\2. Sistemas Programables\UNIDAD I\ENTRENADOR\LCD_4BIT.INC
      LCD_UnEspacioBlanco   0x0000a9    program     static C:\Users\Brenda\Dropbox\PC\Documents\7 semestre\2. Sistemas Programables\UNIDAD I\ENTRENADOR\LCD_4BIT.INC
        LCD_VisualizaAlto   0x0000bc    program     static C:\Users\Brenda\Dropbox\PC\Documents\7 semestre\2. Sistemas Programables\UNIDAD I\ENTRENADOR\LCD_4BIT.INC
        LCD_VisualizaBajo   0x0000be    program     static C:\Users\Brenda\Dropbox\PC\Documents\7 semestre\2. Sistemas Programables\UNIDAD I\ENTRENADOR\LCD_4BIT.INC
    LCD_VisualizaCaracter   0x000032    program     static C:\Users\Brenda\Dropbox\PC\Documents\7 semestre\2. Sistemas Programables\UNIDAD I\ENTRENADOR\LCD_MENS.INC
LCD_VisualizaOtroCaracter   0x000022    program     static C:\Users\Brenda\Dropbox\PC\Documents\7 semestre\2. Sistemas Programables\UNIDAD I\ENTRENADOR\LCD_MENS.INC
         MensajeReseteado   0x00000e    program     static C:\Users\Brenda\Dropbox\PC\Documents\7 semestre\2. Sistemas Programables\UNIDAD I\ENTRENADOR\EEPROM_01 84A.asm
                 Mensajes   0x00000d    program     static C:\Users\Brenda\Dropbox\PC\Documents\7 semestre\2. Sistemas Programables\UNIDAD I\ENTRENADOR\EEPROM_01 84A.asm
                Principal   0x00000b    program     static C:\Users\Brenda\Dropbox\PC\Documents\7 semestre\2. Sistemas Programables\UNIDAD I\ENTRENADOR\EEPROM_01 84A.asm
    R1Decima_BucleExterno   0x000124    program     static C:\Users\Brenda\Dropbox\PC\Documents\7 semestre\2. Sistemas Programables\UNIDAD I\ENTRENADOR\RETARDOS.INC
   R1Decima_BucleExterno2   0x000122    program     static C:\Users\Brenda\Dropbox\PC\Documents\7 semestre\2. Sistemas Programables\UNIDAD I\ENTRENADOR\RETARDOS.INC
    R1Decima_BucleInterno   0x000126    program     static C:\Users\Brenda\Dropbox\PC\Documents\7 semestre\2. Sistemas Programables\UNIDAD I\ENTRENADOR\RETARDOS.INC
        R1ms_BucleExterno   0x00010e    program     static C:\Users\Brenda\Dropbox\PC\Documents\7 semestre\2. Sistemas Programables\UNIDAD I\ENTRENADOR\RETARDOS.INC
        R1ms_BucleInterno   0x000110    program     static C:\Users\Brenda\Dropbox\PC\Documents\7 semestre\2. Sistemas Programables\UNIDAD I\ENTRENADOR\RETARDOS.INC
                  Resta10   0x000131    program     static C:\Users\Brenda\Dropbox\PC\Documents\7 semestre\2. Sistemas Programables\UNIDAD I\ENTRENADOR\BIN_BCD.INC
            RetardoMicros   0x0000fa    program     static C:\Users\Brenda\Dropbox\PC\Documents\7 semestre\2. Sistemas Programables\UNIDAD I\ENTRENADOR\RETARDOS.INC
        Retardo_100micros   0x0000f4    program     static C:\Users\Brenda\Dropbox\PC\Documents\7 semestre\2. Sistemas Programables\UNIDAD I\ENTRENADOR\RETARDOS.INC
            Retardo_100ms   0x000100    program     static C:\Users\Brenda\Dropbox\PC\Documents\7 semestre\2. Sistemas Programables\UNIDAD I\ENTRENADOR\RETARDOS.INC
         Retardo_10micros   0x0000e7    program     static C:\Users\Brenda\Dropbox\PC\Documents\7 semestre\2. Sistemas Programables\UNIDAD I\ENTRENADOR\RETARDOS.INC
             Retardo_10ms   0x000106    program     static C:\Users\Brenda\Dropbox\PC\Documents\7 semestre\2. Sistemas Programables\UNIDAD I\ENTRENADOR\RETARDOS.INC
              Retardo_10s   0x000118    program     static C:\Users\Brenda\Dropbox\PC\Documents\7 semestre\2. Sistemas Programables\UNIDAD I\ENTRENADOR\RETARDOS.INC
          Retardo_1Decima   0x000121    program     static C:\Users\Brenda\Dropbox\PC\Documents\7 semestre\2. Sistemas Programables\UNIDAD I\ENTRENADOR\RETARDOS.INC
              Retardo_1ms   0x00010c    program     static C:\Users\Brenda\Dropbox\PC\Documents\7 semestre\2. Sistemas Programables\UNIDAD I\ENTRENADOR\RETARDOS.INC
               Retardo_1s   0x00011e    program     static C:\Users\Brenda\Dropbox\PC\Documents\7 semestre\2. Sistemas Programables\UNIDAD I\ENTRENADOR\RETARDOS.INC
        Retardo_200micros   0x0000f1    program     static C:\Users\Brenda\Dropbox\PC\Documents\7 semestre\2. Sistemas Programables\UNIDAD I\ENTRENADOR\RETARDOS.INC
            Retardo_200ms   0x0000fe    program     static C:\Users\Brenda\Dropbox\PC\Documents\7 semestre\2. Sistemas Programables\UNIDAD I\ENTRENADOR\RETARDOS.INC
         Retardo_20micros   0x0000f9    program     static C:\Users\Brenda\Dropbox\PC\Documents\7 semestre\2. Sistemas Programables\UNIDAD I\ENTRENADOR\RETARDOS.INC
             Retardo_20ms   0x000104    program     static C:\Users\Brenda\Dropbox\PC\Documents\7 semestre\2. Sistemas Programables\UNIDAD I\ENTRENADOR\RETARDOS.INC
              Retardo_20s   0x000116    program     static C:\Users\Brenda\Dropbox\PC\Documents\7 semestre\2. Sistemas Programables\UNIDAD I\ENTRENADOR\RETARDOS.INC
              Retardo_2ms   0x00010a    program     static C:\Users\Brenda\Dropbox\PC\Documents\7 semestre\2. Sistemas Programables\UNIDAD I\ENTRENADOR\RETARDOS.INC
               Retardo_2s   0x00011c    program     static C:\Users\Brenda\Dropbox\PC\Documents\7 semestre\2. Sistemas Programables\UNIDAD I\ENTRENADOR\RETARDOS.INC
          Retardo_4micros   0x0000ed    program     static C:\Users\Brenda\Dropbox\PC\Documents\7 semestre\2. Sistemas Programables\UNIDAD I\ENTRENADOR\RETARDOS.INC
        Retardo_500micros   0x0000ee    program     static C:\Users\Brenda\Dropbox\PC\Documents\7 semestre\2. Sistemas Programables\UNIDAD I\ENTRENADOR\RETARDOS.INC
            Retardo_500ms   0x000120    program     static C:\Users\Brenda\Dropbox\PC\Documents\7 semestre\2. Sistemas Programables\UNIDAD I\ENTRENADOR\RETARDOS.INC
         Retardo_50micros   0x0000f6    program     static C:\Users\Brenda\Dropbox\PC\Documents\7 semestre\2. Sistemas Programables\UNIDAD I\ENTRENADOR\RETARDOS.INC
             Retardo_50ms   0x000102    program     static C:\Users\Brenda\Dropbox\PC\Documents\7 semestre\2. Sistemas Programables\UNIDAD I\ENTRENADOR\RETARDOS.INC
          Retardo_5micros   0x0000ec    program     static C:\Users\Brenda\Dropbox\PC\Documents\7 semestre\2. Sistemas Programables\UNIDAD I\ENTRENADOR\RETARDOS.INC
              Retardo_5ms   0x000108    program     static C:\Users\Brenda\Dropbox\PC\Documents\7 semestre\2. Sistemas Programables\UNIDAD I\ENTRENADOR\RETARDOS.INC
               Retardo_5s   0x00011a    program     static C:\Users\Brenda\Dropbox\PC\Documents\7 semestre\2. Sistemas Programables\UNIDAD I\ENTRENADOR\RETARDOS.INC
              Retardos_ms   0x00010d    program     static C:\Users\Brenda\Dropbox\PC\Documents\7 semestre\2. Sistemas Programables\UNIDAD I\ENTRENADOR\RETARDOS.INC
            Rmicros_Bucle   0x0000fb    program     static C:\Users\Brenda\Dropbox\PC\Documents\7 semestre\2. Sistemas Programables\UNIDAD I\ENTRENADOR\RETARDOS.INC



                              Symbols - Sorted by Address
                     Name    Address   Location    Storage File                     
                ---------  ---------  ---------  --------- ---------                
                   Inicio   0x000000    program     static C:\Users\Brenda\Dropbox\PC\Documents\7 semestre\2. Sistemas Programables\UNIDAD I\ENTRENADOR\EEPROM_01 84A.asm
                Principal   0x00000b    program     static C:\Users\Brenda\Dropbox\PC\Documents\7 semestre\2. Sistemas Programables\UNIDAD I\ENTRENADOR\EEPROM_01 84A.asm
                 Mensajes   0x00000d    program     static C:\Users\Brenda\Dropbox\PC\Documents\7 semestre\2. Sistemas Programables\UNIDAD I\ENTRENADOR\EEPROM_01 84A.asm
         MensajeReseteado   0x00000e    program     static C:\Users\Brenda\Dropbox\PC\Documents\7 semestre\2. Sistemas Programables\UNIDAD I\ENTRENADOR\EEPROM_01 84A.asm
              FinMensajes   0x00001e    program     static C:\Users\Brenda\Dropbox\PC\Documents\7 semestre\2. Sistemas Programables\UNIDAD I\ENTRENADOR\EEPROM_01 84A.asm
              LCD_Mensaje   0x00001e    program     static C:\Users\Brenda\Dropbox\PC\Documents\7 semestre\2. Sistemas Programables\UNIDAD I\ENTRENADOR\LCD_MENS.INC
LCD_VisualizaOtroCaracter   0x000022    program     static C:\Users\Brenda\Dropbox\PC\Documents\7 semestre\2. Sistemas Programables\UNIDAD I\ENTRENADOR\LCD_MENS.INC
     LCD_NoUltimoCaracter   0x000028    program     static C:\Users\Brenda\Dropbox\PC\Documents\7 semestre\2. Sistemas Programables\UNIDAD I\ENTRENADOR\LCD_MENS.INC
           LCD_FinMensaje   0x00002b    program     static C:\Users\Brenda\Dropbox\PC\Documents\7 semestre\2. Sistemas Programables\UNIDAD I\ENTRENADOR\LCD_MENS.INC
    LCD_MensajeMovimiento   0x00002c    program     static C:\Users\Brenda\Dropbox\PC\Documents\7 semestre\2. Sistemas Programables\UNIDAD I\ENTRENADOR\LCD_MENS.INC
      LCD_PrimeraPosicion   0x000030    program     static C:\Users\Brenda\Dropbox\PC\Documents\7 semestre\2. Sistemas Programables\UNIDAD I\ENTRENADOR\LCD_MENS.INC
    LCD_VisualizaCaracter   0x000032    program     static C:\Users\Brenda\Dropbox\PC\Documents\7 semestre\2. Sistemas Programables\UNIDAD I\ENTRENADOR\LCD_MENS.INC
         LCD_EsFinalLinea   0x000036    program     static C:\Users\Brenda\Dropbox\PC\Documents\7 semestre\2. Sistemas Programables\UNIDAD I\ENTRENADOR\LCD_MENS.INC
       LCD_NoEsFinalLinea   0x00003b    program     static C:\Users\Brenda\Dropbox\PC\Documents\7 semestre\2. Sistemas Programables\UNIDAD I\ENTRENADOR\LCD_MENS.INC
    LCD_NoUltimoCaracter2   0x000041    program     static C:\Users\Brenda\Dropbox\PC\Documents\7 semestre\2. Sistemas Programables\UNIDAD I\ENTRENADOR\LCD_MENS.INC
        LCD_FinMovimiento   0x000045    program     static C:\Users\Brenda\Dropbox\PC\Documents\7 semestre\2. Sistemas Programables\UNIDAD I\ENTRENADOR\LCD_MENS.INC
           LCD_Inicializa   0x000046    program     static C:\Users\Brenda\Dropbox\PC\Documents\7 semestre\2. Sistemas Programables\UNIDAD I\ENTRENADOR\LCD_4BIT.INC
           LCD_EscribeLCD   0x00005e    program     static C:\Users\Brenda\Dropbox\PC\Documents\7 semestre\2. Sistemas Programables\UNIDAD I\ENTRENADOR\LCD_4BIT.INC
           LCD_CursorIncr   0x000072    program     static C:\Users\Brenda\Dropbox\PC\Documents\7 semestre\2. Sistemas Programables\UNIDAD I\ENTRENADOR\LCD_4BIT.INC
               LCD_Linea1   0x000074    program     static C:\Users\Brenda\Dropbox\PC\Documents\7 semestre\2. Sistemas Programables\UNIDAD I\ENTRENADOR\LCD_4BIT.INC
               LCD_Linea2   0x000076    program     static C:\Users\Brenda\Dropbox\PC\Documents\7 semestre\2. Sistemas Programables\UNIDAD I\ENTRENADOR\LCD_4BIT.INC
       LCD_PosicionLinea1   0x000078    program     static C:\Users\Brenda\Dropbox\PC\Documents\7 semestre\2. Sistemas Programables\UNIDAD I\ENTRENADOR\LCD_4BIT.INC
       LCD_PosicionLinea2   0x00007a    program     static C:\Users\Brenda\Dropbox\PC\Documents\7 semestre\2. Sistemas Programables\UNIDAD I\ENTRENADOR\LCD_4BIT.INC
                  LCD_OFF   0x00007c    program     static C:\Users\Brenda\Dropbox\PC\Documents\7 semestre\2. Sistemas Programables\UNIDAD I\ENTRENADOR\LCD_4BIT.INC
             LCD_CursorON   0x00007e    program     static C:\Users\Brenda\Dropbox\PC\Documents\7 semestre\2. Sistemas Programables\UNIDAD I\ENTRENADOR\LCD_4BIT.INC
            LCD_CursorOFF   0x000080    program     static C:\Users\Brenda\Dropbox\PC\Documents\7 semestre\2. Sistemas Programables\UNIDAD I\ENTRENADOR\LCD_4BIT.INC
                LCD_Borra   0x000082    program     static C:\Users\Brenda\Dropbox\PC\Documents\7 semestre\2. Sistemas Programables\UNIDAD I\ENTRENADOR\LCD_4BIT.INC
      LCD_2Lineas4Bits5x7   0x000084    program     static C:\Users\Brenda\Dropbox\PC\Documents\7 semestre\2. Sistemas Programables\UNIDAD I\ENTRENADOR\LCD_4BIT.INC
         LCD_EnviaComando   0x000085    program     static C:\Users\Brenda\Dropbox\PC\Documents\7 semestre\2. Sistemas Programables\UNIDAD I\ENTRENADOR\LCD_4BIT.INC
             LCD_Caracter   0x000087    program     static C:\Users\Brenda\Dropbox\PC\Documents\7 semestre\2. Sistemas Programables\UNIDAD I\ENTRENADOR\LCD_4BIT.INC
                LCD_Envia   0x000089    program     static C:\Users\Brenda\Dropbox\PC\Documents\7 semestre\2. Sistemas Programables\UNIDAD I\ENTRENADOR\LCD_4BIT.INC
          LCD_CodigoCGROM   0x000091    program     static C:\Users\Brenda\Dropbox\PC\Documents\7 semestre\2. Sistemas Programables\UNIDAD I\ENTRENADOR\LCD_4BIT.INC
        LCD_EnheMinuscula   0x000092    program     static C:\Users\Brenda\Dropbox\PC\Documents\7 semestre\2. Sistemas Programables\UNIDAD I\ENTRENADOR\LCD_4BIT.INC
        LCD_EnheMayuscula   0x000098    program     static C:\Users\Brenda\Dropbox\PC\Documents\7 semestre\2. Sistemas Programables\UNIDAD I\ENTRENADOR\LCD_4BIT.INC
                LCD_Grado   0x00009f    program     static C:\Users\Brenda\Dropbox\PC\Documents\7 semestre\2. Sistemas Programables\UNIDAD I\ENTRENADOR\LCD_4BIT.INC
             LCD_FinCGROM   0x0000a5    program     static C:\Users\Brenda\Dropbox\PC\Documents\7 semestre\2. Sistemas Programables\UNIDAD I\ENTRENADOR\LCD_4BIT.INC
        LCD_LineaEnBlanco   0x0000a7    program     static C:\Users\Brenda\Dropbox\PC\Documents\7 semestre\2. Sistemas Programables\UNIDAD I\ENTRENADOR\LCD_4BIT.INC
      LCD_UnEspacioBlanco   0x0000a9    program     static C:\Users\Brenda\Dropbox\PC\Documents\7 semestre\2. Sistemas Programables\UNIDAD I\ENTRENADOR\LCD_4BIT.INC
   LCD_DosEspaciosBlancos   0x0000ab    program     static C:\Users\Brenda\Dropbox\PC\Documents\7 semestre\2. Sistemas Programables\UNIDAD I\ENTRENADOR\LCD_4BIT.INC
  LCD_TresEspaciosBlancos   0x0000ad    program     static C:\Users\Brenda\Dropbox\PC\Documents\7 semestre\2. Sistemas Programables\UNIDAD I\ENTRENADOR\LCD_4BIT.INC
         LCD_EnviaBlancos   0x0000ae    program     static C:\Users\Brenda\Dropbox\PC\Documents\7 semestre\2. Sistemas Programables\UNIDAD I\ENTRENADOR\LCD_4BIT.INC
      LCD_EnviaOtroBlanco   0x0000af    program     static C:\Users\Brenda\Dropbox\PC\Documents\7 semestre\2. Sistemas Programables\UNIDAD I\ENTRENADOR\LCD_4BIT.INC
                 LCD_Byte   0x0000b4    program     static C:\Users\Brenda\Dropbox\PC\Documents\7 semestre\2. Sistemas Programables\UNIDAD I\ENTRENADOR\LCD_4BIT.INC
         LCD_ByteCompleto   0x0000bb    program     static C:\Users\Brenda\Dropbox\PC\Documents\7 semestre\2. Sistemas Programables\UNIDAD I\ENTRENADOR\LCD_4BIT.INC
        LCD_VisualizaAlto   0x0000bc    program     static C:\Users\Brenda\Dropbox\PC\Documents\7 semestre\2. Sistemas Programables\UNIDAD I\ENTRENADOR\LCD_4BIT.INC
        LCD_VisualizaBajo   0x0000be    program     static C:\Users\Brenda\Dropbox\PC\Documents\7 semestre\2. Sistemas Programables\UNIDAD I\ENTRENADOR\LCD_4BIT.INC
               LCD_Nibble   0x0000bf    program     static C:\Users\Brenda\Dropbox\PC\Documents\7 semestre\2. Sistemas Programables\UNIDAD I\ENTRENADOR\LCD_4BIT.INC
       LCD_EnviaByteLetra   0x0000c7    program     static C:\Users\Brenda\Dropbox\PC\Documents\7 semestre\2. Sistemas Programables\UNIDAD I\ENTRENADOR\LCD_4BIT.INC
   LCD_FinVisualizaDigito   0x0000c9    program     static C:\Users\Brenda\Dropbox\PC\Documents\7 semestre\2. Sistemas Programables\UNIDAD I\ENTRENADOR\LCD_4BIT.INC
           EEPROM_LeeDato   0x0000ca    program     static C:\Users\Brenda\Dropbox\PC\Documents\7 semestre\2. Sistemas Programables\UNIDAD I\ENTRENADOR\EEPROM.INC
      EEPROM_SigueLeyendo   0x0000ce    program     static C:\Users\Brenda\Dropbox\PC\Documents\7 semestre\2. Sistemas Programables\UNIDAD I\ENTRENADOR\EEPROM.INC
       EEPROM_EscribeDato   0x0000d3    program     static C:\Users\Brenda\Dropbox\PC\Documents\7 semestre\2. Sistemas Programables\UNIDAD I\ENTRENADOR\EEPROM.INC
   EEPROM_TerminaEscribir   0x0000df    program     static C:\Users\Brenda\Dropbox\PC\Documents\7 semestre\2. Sistemas Programables\UNIDAD I\ENTRENADOR\EEPROM.INC
         Retardo_10micros   0x0000e7    program     static C:\Users\Brenda\Dropbox\PC\Documents\7 semestre\2. Sistemas Programables\UNIDAD I\ENTRENADOR\RETARDOS.INC
          Retardo_5micros   0x0000ec    program     static C:\Users\Brenda\Dropbox\PC\Documents\7 semestre\2. Sistemas Programables\UNIDAD I\ENTRENADOR\RETARDOS.INC
          Retardo_4micros   0x0000ed    program     static C:\Users\Brenda\Dropbox\PC\Documents\7 semestre\2. Sistemas Programables\UNIDAD I\ENTRENADOR\RETARDOS.INC
        Retardo_500micros   0x0000ee    program     static C:\Users\Brenda\Dropbox\PC\Documents\7 semestre\2. Sistemas Programables\UNIDAD I\ENTRENADOR\RETARDOS.INC
        Retardo_200micros   0x0000f1    program     static C:\Users\Brenda\Dropbox\PC\Documents\7 semestre\2. Sistemas Programables\UNIDAD I\ENTRENADOR\RETARDOS.INC
        Retardo_100micros   0x0000f4    program     static C:\Users\Brenda\Dropbox\PC\Documents\7 semestre\2. Sistemas Programables\UNIDAD I\ENTRENADOR\RETARDOS.INC
         Retardo_50micros   0x0000f6    program     static C:\Users\Brenda\Dropbox\PC\Documents\7 semestre\2. Sistemas Programables\UNIDAD I\ENTRENADOR\RETARDOS.INC
         Retardo_20micros   0x0000f9    program     static C:\Users\Brenda\Dropbox\PC\Documents\7 semestre\2. Sistemas Programables\UNIDAD I\ENTRENADOR\RETARDOS.INC
            RetardoMicros   0x0000fa    program     static C:\Users\Brenda\Dropbox\PC\Documents\7 semestre\2. Sistemas Programables\UNIDAD I\ENTRENADOR\RETARDOS.INC
            Rmicros_Bucle   0x0000fb    program     static C:\Users\Brenda\Dropbox\PC\Documents\7 semestre\2. Sistemas Programables\UNIDAD I\ENTRENADOR\RETARDOS.INC
            Retardo_200ms   0x0000fe    program     static C:\Users\Brenda\Dropbox\PC\Documents\7 semestre\2. Sistemas Programables\UNIDAD I\ENTRENADOR\RETARDOS.INC
            Retardo_100ms   0x000100    program     static C:\Users\Brenda\Dropbox\PC\Documents\7 semestre\2. Sistemas Programables\UNIDAD I\ENTRENADOR\RETARDOS.INC
             Retardo_50ms   0x000102    program     static C:\Users\Brenda\Dropbox\PC\Documents\7 semestre\2. Sistemas Programables\UNIDAD I\ENTRENADOR\RETARDOS.INC
             Retardo_20ms   0x000104    program     static C:\Users\Brenda\Dropbox\PC\Documents\7 semestre\2. Sistemas Programables\UNIDAD I\ENTRENADOR\RETARDOS.INC
             Retardo_10ms   0x000106    program     static C:\Users\Brenda\Dropbox\PC\Documents\7 semestre\2. Sistemas Programables\UNIDAD I\ENTRENADOR\RETARDOS.INC
              Retardo_5ms   0x000108    program     static C:\Users\Brenda\Dropbox\PC\Documents\7 semestre\2. Sistemas Programables\UNIDAD I\ENTRENADOR\RETARDOS.INC
              Retardo_2ms   0x00010a    program     static C:\Users\Brenda\Dropbox\PC\Documents\7 semestre\2. Sistemas Programables\UNIDAD I\ENTRENADOR\RETARDOS.INC
              Retardo_1ms   0x00010c    program     static C:\Users\Brenda\Dropbox\PC\Documents\7 semestre\2. Sistemas Programables\UNIDAD I\ENTRENADOR\RETARDOS.INC
              Retardos_ms   0x00010d    program     static C:\Users\Brenda\Dropbox\PC\Documents\7 semestre\2. Sistemas Programables\UNIDAD I\ENTRENADOR\RETARDOS.INC
        R1ms_BucleExterno   0x00010e    program     static C:\Users\Brenda\Dropbox\PC\Documents\7 semestre\2. Sistemas Programables\UNIDAD I\ENTRENADOR\RETARDOS.INC
        R1ms_BucleInterno   0x000110    program     static C:\Users\Brenda\Dropbox\PC\Documents\7 semestre\2. Sistemas Programables\UNIDAD I\ENTRENADOR\RETARDOS.INC
              Retardo_20s   0x000116    program     static C:\Users\Brenda\Dropbox\PC\Documents\7 semestre\2. Sistemas Programables\UNIDAD I\ENTRENADOR\RETARDOS.INC
              Retardo_10s   0x000118    program     static C:\Users\Brenda\Dropbox\PC\Documents\7 semestre\2. Sistemas Programables\UNIDAD I\ENTRENADOR\RETARDOS.INC
               Retardo_5s   0x00011a    program     static C:\Users\Brenda\Dropbox\PC\Documents\7 semestre\2. Sistemas Programables\UNIDAD I\ENTRENADOR\RETARDOS.INC
               Retardo_2s   0x00011c    program     static C:\Users\Brenda\Dropbox\PC\Documents\7 semestre\2. Sistemas Programables\UNIDAD I\ENTRENADOR\RETARDOS.INC
               Retardo_1s   0x00011e    program     static C:\Users\Brenda\Dropbox\PC\Documents\7 semestre\2. Sistemas Programables\UNIDAD I\ENTRENADOR\RETARDOS.INC
            Retardo_500ms   0x000120    program     static C:\Users\Brenda\Dropbox\PC\Documents\7 semestre\2. Sistemas Programables\UNIDAD I\ENTRENADOR\RETARDOS.INC
          Retardo_1Decima   0x000121    program     static C:\Users\Brenda\Dropbox\PC\Documents\7 semestre\2. Sistemas Programables\UNIDAD I\ENTRENADOR\RETARDOS.INC
   R1Decima_BucleExterno2   0x000122    program     static C:\Users\Brenda\Dropbox\PC\Documents\7 semestre\2. Sistemas Programables\UNIDAD I\ENTRENADOR\RETARDOS.INC
    R1Decima_BucleExterno   0x000124    program     static C:\Users\Brenda\Dropbox\PC\Documents\7 semestre\2. Sistemas Programables\UNIDAD I\ENTRENADOR\RETARDOS.INC
    R1Decima_BucleInterno   0x000126    program     static C:\Users\Brenda\Dropbox\PC\Documents\7 semestre\2. Sistemas Programables\UNIDAD I\ENTRENADOR\RETARDOS.INC
                BIN_a_BCD   0x00012e    program     static C:\Users\Brenda\Dropbox\PC\Documents\7 semestre\2. Sistemas Programables\UNIDAD I\ENTRENADOR\BIN_BCD.INC
                  Resta10   0x000131    program     static C:\Users\Brenda\Dropbox\PC\Documents\7 semestre\2. Sistemas Programables\UNIDAD I\ENTRENADOR\BIN_BCD.INC
        IncrementaDecenas   0x000135    program     static C:\Users\Brenda\Dropbox\PC\Documents\7 semestre\2. Sistemas Programables\UNIDAD I\ENTRENADOR\BIN_BCD.INC
       IncrementaCentenas   0x00013b    program     static C:\Users\Brenda\Dropbox\PC\Documents\7 semestre\2. Sistemas Programables\UNIDAD I\ENTRENADOR\BIN_BCD.INC
              Fin_BIN_BCD   0x00013e    program     static C:\Users\Brenda\Dropbox\PC\Documents\7 semestre\2. Sistemas Programables\UNIDAD I\ENTRENADOR\BIN_BCD.INC


