MPLINK 4.49, Linker
Linker Map File - Created Mon Oct 11 11:37:51 2021

                                 Section Info
                  Section       Type    Address   Location Size(Bytes)
                ---------  ---------  ---------  ---------  ---------
                   .org_0       code   0x000000    program   0x000000
                   .org_2       code   0x000000    program   0x0002b6
.config_2007_EEPROM_02 84A.O       code   0x002007    program   0x000002
                   .org_1       code   0x002100    program   0x000002



                              Program Memory Usage 
                               Start         End      
                           ---------   ---------      
                            0x000000    0x00015a      
                            0x002007    0x002007      
                            0x002100    0x002100      
            349 out of 1094 program addresses used, program memory utilization is 31%



                              Symbols - Sorted by Name
                     Name    Address   Location    Storage File                     
                ---------  ---------  ---------  --------- ---------                
                BIN_a_BCD   0x000148    program     static C:\Users\Brenda\Dropbox\PC\Documents\7 semestre\2. Sistemas Programables\UNIDAD I\ENTRENADOR\BIN_BCD.INC
       EEPROM_EscribeDato   0x0000ed    program     static C:\Users\Brenda\Dropbox\PC\Documents\7 semestre\2. Sistemas Programables\UNIDAD I\ENTRENADOR\EEPROM.INC
           EEPROM_LeeDato   0x0000e4    program     static C:\Users\Brenda\Dropbox\PC\Documents\7 semestre\2. Sistemas Programables\UNIDAD I\ENTRENADOR\EEPROM.INC
      EEPROM_SigueLeyendo   0x0000e8    program     static C:\Users\Brenda\Dropbox\PC\Documents\7 semestre\2. Sistemas Programables\UNIDAD I\ENTRENADOR\EEPROM.INC
   EEPROM_TerminaEscribir   0x0000f9    program     static C:\Users\Brenda\Dropbox\PC\Documents\7 semestre\2. Sistemas Programables\UNIDAD I\ENTRENADOR\EEPROM.INC
              Fin_BIN_BCD   0x000158    program     static C:\Users\Brenda\Dropbox\PC\Documents\7 semestre\2. Sistemas Programables\UNIDAD I\ENTRENADOR\BIN_BCD.INC
       IncrementaCentenas   0x000155    program     static C:\Users\Brenda\Dropbox\PC\Documents\7 semestre\2. Sistemas Programables\UNIDAD I\ENTRENADOR\BIN_BCD.INC
        IncrementaDecenas   0x00014f    program     static C:\Users\Brenda\Dropbox\PC\Documents\7 semestre\2. Sistemas Programables\UNIDAD I\ENTRENADOR\BIN_BCD.INC
                   Inicio   0x000000    program     static C:\Users\Brenda\Dropbox\PC\Documents\7 semestre\2. Sistemas Programables\UNIDAD I\ENTRENADOR\EEPROM_02 84A.asm
      LCD_2Lineas4Bits5x7   0x00009e    program     static C:\Users\Brenda\Dropbox\PC\Documents\7 semestre\2. Sistemas Programables\UNIDAD I\ENTRENADOR\LCD_4BIT.INC
                LCD_Borra   0x00009c    program     static C:\Users\Brenda\Dropbox\PC\Documents\7 semestre\2. Sistemas Programables\UNIDAD I\ENTRENADOR\LCD_4BIT.INC
                 LCD_Byte   0x0000ce    program     static C:\Users\Brenda\Dropbox\PC\Documents\7 semestre\2. Sistemas Programables\UNIDAD I\ENTRENADOR\LCD_4BIT.INC
         LCD_ByteCompleto   0x0000d5    program     static C:\Users\Brenda\Dropbox\PC\Documents\7 semestre\2. Sistemas Programables\UNIDAD I\ENTRENADOR\LCD_4BIT.INC
             LCD_Caracter   0x0000a1    program     static C:\Users\Brenda\Dropbox\PC\Documents\7 semestre\2. Sistemas Programables\UNIDAD I\ENTRENADOR\LCD_4BIT.INC
          LCD_CodigoCGROM   0x0000ab    program     static C:\Users\Brenda\Dropbox\PC\Documents\7 semestre\2. Sistemas Programables\UNIDAD I\ENTRENADOR\LCD_4BIT.INC
           LCD_CursorIncr   0x00008c    program     static C:\Users\Brenda\Dropbox\PC\Documents\7 semestre\2. Sistemas Programables\UNIDAD I\ENTRENADOR\LCD_4BIT.INC
            LCD_CursorOFF   0x00009a    program     static C:\Users\Brenda\Dropbox\PC\Documents\7 semestre\2. Sistemas Programables\UNIDAD I\ENTRENADOR\LCD_4BIT.INC
             LCD_CursorON   0x000098    program     static C:\Users\Brenda\Dropbox\PC\Documents\7 semestre\2. Sistemas Programables\UNIDAD I\ENTRENADOR\LCD_4BIT.INC
   LCD_DosEspaciosBlancos   0x0000c5    program     static C:\Users\Brenda\Dropbox\PC\Documents\7 semestre\2. Sistemas Programables\UNIDAD I\ENTRENADOR\LCD_4BIT.INC
        LCD_EnheMayuscula   0x0000b2    program     static C:\Users\Brenda\Dropbox\PC\Documents\7 semestre\2. Sistemas Programables\UNIDAD I\ENTRENADOR\LCD_4BIT.INC
        LCD_EnheMinuscula   0x0000ac    program     static C:\Users\Brenda\Dropbox\PC\Documents\7 semestre\2. Sistemas Programables\UNIDAD I\ENTRENADOR\LCD_4BIT.INC
                LCD_Envia   0x0000a3    program     static C:\Users\Brenda\Dropbox\PC\Documents\7 semestre\2. Sistemas Programables\UNIDAD I\ENTRENADOR\LCD_4BIT.INC
         LCD_EnviaBlancos   0x0000c8    program     static C:\Users\Brenda\Dropbox\PC\Documents\7 semestre\2. Sistemas Programables\UNIDAD I\ENTRENADOR\LCD_4BIT.INC
       LCD_EnviaByteLetra   0x0000e1    program     static C:\Users\Brenda\Dropbox\PC\Documents\7 semestre\2. Sistemas Programables\UNIDAD I\ENTRENADOR\LCD_4BIT.INC
         LCD_EnviaComando   0x00009f    program     static C:\Users\Brenda\Dropbox\PC\Documents\7 semestre\2. Sistemas Programables\UNIDAD I\ENTRENADOR\LCD_4BIT.INC
      LCD_EnviaOtroBlanco   0x0000c9    program     static C:\Users\Brenda\Dropbox\PC\Documents\7 semestre\2. Sistemas Programables\UNIDAD I\ENTRENADOR\LCD_4BIT.INC
         LCD_EsFinalLinea   0x000050    program     static C:\Users\Brenda\Dropbox\PC\Documents\7 semestre\2. Sistemas Programables\UNIDAD I\ENTRENADOR\LCD_MENS.INC
           LCD_EscribeLCD   0x000078    program     static C:\Users\Brenda\Dropbox\PC\Documents\7 semestre\2. Sistemas Programables\UNIDAD I\ENTRENADOR\LCD_4BIT.INC
             LCD_FinCGROM   0x0000bf    program     static C:\Users\Brenda\Dropbox\PC\Documents\7 semestre\2. Sistemas Programables\UNIDAD I\ENTRENADOR\LCD_4BIT.INC
           LCD_FinMensaje   0x000045    program     static C:\Users\Brenda\Dropbox\PC\Documents\7 semestre\2. Sistemas Programables\UNIDAD I\ENTRENADOR\LCD_MENS.INC
        LCD_FinMovimiento   0x00005f    program     static C:\Users\Brenda\Dropbox\PC\Documents\7 semestre\2. Sistemas Programables\UNIDAD I\ENTRENADOR\LCD_MENS.INC
   LCD_FinVisualizaDigito   0x0000e3    program     static C:\Users\Brenda\Dropbox\PC\Documents\7 semestre\2. Sistemas Programables\UNIDAD I\ENTRENADOR\LCD_4BIT.INC
                LCD_Grado   0x0000b9    program     static C:\Users\Brenda\Dropbox\PC\Documents\7 semestre\2. Sistemas Programables\UNIDAD I\ENTRENADOR\LCD_4BIT.INC
           LCD_Inicializa   0x000060    program     static C:\Users\Brenda\Dropbox\PC\Documents\7 semestre\2. Sistemas Programables\UNIDAD I\ENTRENADOR\LCD_4BIT.INC
               LCD_Linea1   0x00008e    program     static C:\Users\Brenda\Dropbox\PC\Documents\7 semestre\2. Sistemas Programables\UNIDAD I\ENTRENADOR\LCD_4BIT.INC
               LCD_Linea2   0x000090    program     static C:\Users\Brenda\Dropbox\PC\Documents\7 semestre\2. Sistemas Programables\UNIDAD I\ENTRENADOR\LCD_4BIT.INC
        LCD_LineaEnBlanco   0x0000c1    program     static C:\Users\Brenda\Dropbox\PC\Documents\7 semestre\2. Sistemas Programables\UNIDAD I\ENTRENADOR\LCD_4BIT.INC
              LCD_Mensaje   0x000038    program     static C:\Users\Brenda\Dropbox\PC\Documents\7 semestre\2. Sistemas Programables\UNIDAD I\ENTRENADOR\LCD_MENS.INC
    LCD_MensajeMovimiento   0x000046    program     static C:\Users\Brenda\Dropbox\PC\Documents\7 semestre\2. Sistemas Programables\UNIDAD I\ENTRENADOR\LCD_MENS.INC
               LCD_Nibble   0x0000d9    program     static C:\Users\Brenda\Dropbox\PC\Documents\7 semestre\2. Sistemas Programables\UNIDAD I\ENTRENADOR\LCD_4BIT.INC
       LCD_NoEsFinalLinea   0x000055    program     static C:\Users\Brenda\Dropbox\PC\Documents\7 semestre\2. Sistemas Programables\UNIDAD I\ENTRENADOR\LCD_MENS.INC
     LCD_NoUltimoCaracter   0x000042    program     static C:\Users\Brenda\Dropbox\PC\Documents\7 semestre\2. Sistemas Programables\UNIDAD I\ENTRENADOR\LCD_MENS.INC
    LCD_NoUltimoCaracter2   0x00005b    program     static C:\Users\Brenda\Dropbox\PC\Documents\7 semestre\2. Sistemas Programables\UNIDAD I\ENTRENADOR\LCD_MENS.INC
                  LCD_OFF   0x000096    program     static C:\Users\Brenda\Dropbox\PC\Documents\7 semestre\2. Sistemas Programables\UNIDAD I\ENTRENADOR\LCD_4BIT.INC
       LCD_PosicionLinea1   0x000092    program     static C:\Users\Brenda\Dropbox\PC\Documents\7 semestre\2. Sistemas Programables\UNIDAD I\ENTRENADOR\LCD_4BIT.INC
       LCD_PosicionLinea2   0x000094    program     static C:\Users\Brenda\Dropbox\PC\Documents\7 semestre\2. Sistemas Programables\UNIDAD I\ENTRENADOR\LCD_4BIT.INC
      LCD_PrimeraPosicion   0x00004a    program     static C:\Users\Brenda\Dropbox\PC\Documents\7 semestre\2. Sistemas Programables\UNIDAD I\ENTRENADOR\LCD_MENS.INC
  LCD_TresEspaciosBlancos   0x0000c7    program     static C:\Users\Brenda\Dropbox\PC\Documents\7 semestre\2. Sistemas Programables\UNIDAD I\ENTRENADOR\LCD_4BIT.INC
      LCD_UnEspacioBlanco   0x0000c3    program     static C:\Users\Brenda\Dropbox\PC\Documents\7 semestre\2. Sistemas Programables\UNIDAD I\ENTRENADOR\LCD_4BIT.INC
        LCD_VisualizaAlto   0x0000d6    program     static C:\Users\Brenda\Dropbox\PC\Documents\7 semestre\2. Sistemas Programables\UNIDAD I\ENTRENADOR\LCD_4BIT.INC
        LCD_VisualizaBajo   0x0000d8    program     static C:\Users\Brenda\Dropbox\PC\Documents\7 semestre\2. Sistemas Programables\UNIDAD I\ENTRENADOR\LCD_4BIT.INC
    LCD_VisualizaCaracter   0x00004c    program     static C:\Users\Brenda\Dropbox\PC\Documents\7 semestre\2. Sistemas Programables\UNIDAD I\ENTRENADOR\LCD_MENS.INC
LCD_VisualizaOtroCaracter   0x00003c    program     static C:\Users\Brenda\Dropbox\PC\Documents\7 semestre\2. Sistemas Programables\UNIDAD I\ENTRENADOR\LCD_MENS.INC
         MensajeBloqueado   0x000027    program     static C:\Users\Brenda\Dropbox\PC\Documents\7 semestre\2. Sistemas Programables\UNIDAD I\ENTRENADOR\EEPROM_02 84A.asm
         MensajeReseteado   0x000017    program     static C:\Users\Brenda\Dropbox\PC\Documents\7 semestre\2. Sistemas Programables\UNIDAD I\ENTRENADOR\EEPROM_02 84A.asm
                 Mensajes   0x000016    program     static C:\Users\Brenda\Dropbox\PC\Documents\7 semestre\2. Sistemas Programables\UNIDAD I\ENTRENADOR\EEPROM_02 84A.asm
            ModoBloqueado   0x000012    program     static C:\Users\Brenda\Dropbox\PC\Documents\7 semestre\2. Sistemas Programables\UNIDAD I\ENTRENADOR\EEPROM_02 84A.asm
                Principal   0x000010    program     static C:\Users\Brenda\Dropbox\PC\Documents\7 semestre\2. Sistemas Programables\UNIDAD I\ENTRENADOR\EEPROM_02 84A.asm
    R1Decima_BucleExterno   0x00013e    program     static C:\Users\Brenda\Dropbox\PC\Documents\7 semestre\2. Sistemas Programables\UNIDAD I\ENTRENADOR\RETARDOS.INC
   R1Decima_BucleExterno2   0x00013c    program     static C:\Users\Brenda\Dropbox\PC\Documents\7 semestre\2. Sistemas Programables\UNIDAD I\ENTRENADOR\RETARDOS.INC
    R1Decima_BucleInterno   0x000140    program     static C:\Users\Brenda\Dropbox\PC\Documents\7 semestre\2. Sistemas Programables\UNIDAD I\ENTRENADOR\RETARDOS.INC
        R1ms_BucleExterno   0x000128    program     static C:\Users\Brenda\Dropbox\PC\Documents\7 semestre\2. Sistemas Programables\UNIDAD I\ENTRENADOR\RETARDOS.INC
        R1ms_BucleInterno   0x00012a    program     static C:\Users\Brenda\Dropbox\PC\Documents\7 semestre\2. Sistemas Programables\UNIDAD I\ENTRENADOR\RETARDOS.INC
                  Resta10   0x00014b    program     static C:\Users\Brenda\Dropbox\PC\Documents\7 semestre\2. Sistemas Programables\UNIDAD I\ENTRENADOR\BIN_BCD.INC
            RetardoMicros   0x000114    program     static C:\Users\Brenda\Dropbox\PC\Documents\7 semestre\2. Sistemas Programables\UNIDAD I\ENTRENADOR\RETARDOS.INC
        Retardo_100micros   0x00010e    program     static C:\Users\Brenda\Dropbox\PC\Documents\7 semestre\2. Sistemas Programables\UNIDAD I\ENTRENADOR\RETARDOS.INC
            Retardo_100ms   0x00011a    program     static C:\Users\Brenda\Dropbox\PC\Documents\7 semestre\2. Sistemas Programables\UNIDAD I\ENTRENADOR\RETARDOS.INC
         Retardo_10micros   0x000101    program     static C:\Users\Brenda\Dropbox\PC\Documents\7 semestre\2. Sistemas Programables\UNIDAD I\ENTRENADOR\RETARDOS.INC
             Retardo_10ms   0x000120    program     static C:\Users\Brenda\Dropbox\PC\Documents\7 semestre\2. Sistemas Programables\UNIDAD I\ENTRENADOR\RETARDOS.INC
              Retardo_10s   0x000132    program     static C:\Users\Brenda\Dropbox\PC\Documents\7 semestre\2. Sistemas Programables\UNIDAD I\ENTRENADOR\RETARDOS.INC
          Retardo_1Decima   0x00013b    program     static C:\Users\Brenda\Dropbox\PC\Documents\7 semestre\2. Sistemas Programables\UNIDAD I\ENTRENADOR\RETARDOS.INC
              Retardo_1ms   0x000126    program     static C:\Users\Brenda\Dropbox\PC\Documents\7 semestre\2. Sistemas Programables\UNIDAD I\ENTRENADOR\RETARDOS.INC
               Retardo_1s   0x000138    program     static C:\Users\Brenda\Dropbox\PC\Documents\7 semestre\2. Sistemas Programables\UNIDAD I\ENTRENADOR\RETARDOS.INC
        Retardo_200micros   0x00010b    program     static C:\Users\Brenda\Dropbox\PC\Documents\7 semestre\2. Sistemas Programables\UNIDAD I\ENTRENADOR\RETARDOS.INC
            Retardo_200ms   0x000118    program     static C:\Users\Brenda\Dropbox\PC\Documents\7 semestre\2. Sistemas Programables\UNIDAD I\ENTRENADOR\RETARDOS.INC
         Retardo_20micros   0x000113    program     static C:\Users\Brenda\Dropbox\PC\Documents\7 semestre\2. Sistemas Programables\UNIDAD I\ENTRENADOR\RETARDOS.INC
             Retardo_20ms   0x00011e    program     static C:\Users\Brenda\Dropbox\PC\Documents\7 semestre\2. Sistemas Programables\UNIDAD I\ENTRENADOR\RETARDOS.INC
              Retardo_20s   0x000130    program     static C:\Users\Brenda\Dropbox\PC\Documents\7 semestre\2. Sistemas Programables\UNIDAD I\ENTRENADOR\RETARDOS.INC
              Retardo_2ms   0x000124    program     static C:\Users\Brenda\Dropbox\PC\Documents\7 semestre\2. Sistemas Programables\UNIDAD I\ENTRENADOR\RETARDOS.INC
               Retardo_2s   0x000136    program     static C:\Users\Brenda\Dropbox\PC\Documents\7 semestre\2. Sistemas Programables\UNIDAD I\ENTRENADOR\RETARDOS.INC
          Retardo_4micros   0x000107    program     static C:\Users\Brenda\Dropbox\PC\Documents\7 semestre\2. Sistemas Programables\UNIDAD I\ENTRENADOR\RETARDOS.INC
        Retardo_500micros   0x000108    program     static C:\Users\Brenda\Dropbox\PC\Documents\7 semestre\2. Sistemas Programables\UNIDAD I\ENTRENADOR\RETARDOS.INC
            Retardo_500ms   0x00013a    program     static C:\Users\Brenda\Dropbox\PC\Documents\7 semestre\2. Sistemas Programables\UNIDAD I\ENTRENADOR\RETARDOS.INC
         Retardo_50micros   0x000110    program     static C:\Users\Brenda\Dropbox\PC\Documents\7 semestre\2. Sistemas Programables\UNIDAD I\ENTRENADOR\RETARDOS.INC
             Retardo_50ms   0x00011c    program     static C:\Users\Brenda\Dropbox\PC\Documents\7 semestre\2. Sistemas Programables\UNIDAD I\ENTRENADOR\RETARDOS.INC
          Retardo_5micros   0x000106    program     static C:\Users\Brenda\Dropbox\PC\Documents\7 semestre\2. Sistemas Programables\UNIDAD I\ENTRENADOR\RETARDOS.INC
              Retardo_5ms   0x000122    program     static C:\Users\Brenda\Dropbox\PC\Documents\7 semestre\2. Sistemas Programables\UNIDAD I\ENTRENADOR\RETARDOS.INC
               Retardo_5s   0x000134    program     static C:\Users\Brenda\Dropbox\PC\Documents\7 semestre\2. Sistemas Programables\UNIDAD I\ENTRENADOR\RETARDOS.INC
              Retardos_ms   0x000127    program     static C:\Users\Brenda\Dropbox\PC\Documents\7 semestre\2. Sistemas Programables\UNIDAD I\ENTRENADOR\RETARDOS.INC
            Rmicros_Bucle   0x000115    program     static C:\Users\Brenda\Dropbox\PC\Documents\7 semestre\2. Sistemas Programables\UNIDAD I\ENTRENADOR\RETARDOS.INC



                              Symbols - Sorted by Address
                     Name    Address   Location    Storage File                     
                ---------  ---------  ---------  --------- ---------                
                   Inicio   0x000000    program     static C:\Users\Brenda\Dropbox\PC\Documents\7 semestre\2. Sistemas Programables\UNIDAD I\ENTRENADOR\EEPROM_02 84A.asm
                Principal   0x000010    program     static C:\Users\Brenda\Dropbox\PC\Documents\7 semestre\2. Sistemas Programables\UNIDAD I\ENTRENADOR\EEPROM_02 84A.asm
            ModoBloqueado   0x000012    program     static C:\Users\Brenda\Dropbox\PC\Documents\7 semestre\2. Sistemas Programables\UNIDAD I\ENTRENADOR\EEPROM_02 84A.asm
                 Mensajes   0x000016    program     static C:\Users\Brenda\Dropbox\PC\Documents\7 semestre\2. Sistemas Programables\UNIDAD I\ENTRENADOR\EEPROM_02 84A.asm
         MensajeReseteado   0x000017    program     static C:\Users\Brenda\Dropbox\PC\Documents\7 semestre\2. Sistemas Programables\UNIDAD I\ENTRENADOR\EEPROM_02 84A.asm
         MensajeBloqueado   0x000027    program     static C:\Users\Brenda\Dropbox\PC\Documents\7 semestre\2. Sistemas Programables\UNIDAD I\ENTRENADOR\EEPROM_02 84A.asm
              LCD_Mensaje   0x000038    program     static C:\Users\Brenda\Dropbox\PC\Documents\7 semestre\2. Sistemas Programables\UNIDAD I\ENTRENADOR\LCD_MENS.INC
LCD_VisualizaOtroCaracter   0x00003c    program     static C:\Users\Brenda\Dropbox\PC\Documents\7 semestre\2. Sistemas Programables\UNIDAD I\ENTRENADOR\LCD_MENS.INC
     LCD_NoUltimoCaracter   0x000042    program     static C:\Users\Brenda\Dropbox\PC\Documents\7 semestre\2. Sistemas Programables\UNIDAD I\ENTRENADOR\LCD_MENS.INC
           LCD_FinMensaje   0x000045    program     static C:\Users\Brenda\Dropbox\PC\Documents\7 semestre\2. Sistemas Programables\UNIDAD I\ENTRENADOR\LCD_MENS.INC
    LCD_MensajeMovimiento   0x000046    program     static C:\Users\Brenda\Dropbox\PC\Documents\7 semestre\2. Sistemas Programables\UNIDAD I\ENTRENADOR\LCD_MENS.INC
      LCD_PrimeraPosicion   0x00004a    program     static C:\Users\Brenda\Dropbox\PC\Documents\7 semestre\2. Sistemas Programables\UNIDAD I\ENTRENADOR\LCD_MENS.INC
    LCD_VisualizaCaracter   0x00004c    program     static C:\Users\Brenda\Dropbox\PC\Documents\7 semestre\2. Sistemas Programables\UNIDAD I\ENTRENADOR\LCD_MENS.INC
         LCD_EsFinalLinea   0x000050    program     static C:\Users\Brenda\Dropbox\PC\Documents\7 semestre\2. Sistemas Programables\UNIDAD I\ENTRENADOR\LCD_MENS.INC
       LCD_NoEsFinalLinea   0x000055    program     static C:\Users\Brenda\Dropbox\PC\Documents\7 semestre\2. Sistemas Programables\UNIDAD I\ENTRENADOR\LCD_MENS.INC
    LCD_NoUltimoCaracter2   0x00005b    program     static C:\Users\Brenda\Dropbox\PC\Documents\7 semestre\2. Sistemas Programables\UNIDAD I\ENTRENADOR\LCD_MENS.INC
        LCD_FinMovimiento   0x00005f    program     static C:\Users\Brenda\Dropbox\PC\Documents\7 semestre\2. Sistemas Programables\UNIDAD I\ENTRENADOR\LCD_MENS.INC
           LCD_Inicializa   0x000060    program     static C:\Users\Brenda\Dropbox\PC\Documents\7 semestre\2. Sistemas Programables\UNIDAD I\ENTRENADOR\LCD_4BIT.INC
           LCD_EscribeLCD   0x000078    program     static C:\Users\Brenda\Dropbox\PC\Documents\7 semestre\2. Sistemas Programables\UNIDAD I\ENTRENADOR\LCD_4BIT.INC
           LCD_CursorIncr   0x00008c    program     static C:\Users\Brenda\Dropbox\PC\Documents\7 semestre\2. Sistemas Programables\UNIDAD I\ENTRENADOR\LCD_4BIT.INC
               LCD_Linea1   0x00008e    program     static C:\Users\Brenda\Dropbox\PC\Documents\7 semestre\2. Sistemas Programables\UNIDAD I\ENTRENADOR\LCD_4BIT.INC
               LCD_Linea2   0x000090    program     static C:\Users\Brenda\Dropbox\PC\Documents\7 semestre\2. Sistemas Programables\UNIDAD I\ENTRENADOR\LCD_4BIT.INC
       LCD_PosicionLinea1   0x000092    program     static C:\Users\Brenda\Dropbox\PC\Documents\7 semestre\2. Sistemas Programables\UNIDAD I\ENTRENADOR\LCD_4BIT.INC
       LCD_PosicionLinea2   0x000094    program     static C:\Users\Brenda\Dropbox\PC\Documents\7 semestre\2. Sistemas Programables\UNIDAD I\ENTRENADOR\LCD_4BIT.INC
                  LCD_OFF   0x000096    program     static C:\Users\Brenda\Dropbox\PC\Documents\7 semestre\2. Sistemas Programables\UNIDAD I\ENTRENADOR\LCD_4BIT.INC
             LCD_CursorON   0x000098    program     static C:\Users\Brenda\Dropbox\PC\Documents\7 semestre\2. Sistemas Programables\UNIDAD I\ENTRENADOR\LCD_4BIT.INC
            LCD_CursorOFF   0x00009a    program     static C:\Users\Brenda\Dropbox\PC\Documents\7 semestre\2. Sistemas Programables\UNIDAD I\ENTRENADOR\LCD_4BIT.INC
                LCD_Borra   0x00009c    program     static C:\Users\Brenda\Dropbox\PC\Documents\7 semestre\2. Sistemas Programables\UNIDAD I\ENTRENADOR\LCD_4BIT.INC
      LCD_2Lineas4Bits5x7   0x00009e    program     static C:\Users\Brenda\Dropbox\PC\Documents\7 semestre\2. Sistemas Programables\UNIDAD I\ENTRENADOR\LCD_4BIT.INC
         LCD_EnviaComando   0x00009f    program     static C:\Users\Brenda\Dropbox\PC\Documents\7 semestre\2. Sistemas Programables\UNIDAD I\ENTRENADOR\LCD_4BIT.INC
             LCD_Caracter   0x0000a1    program     static C:\Users\Brenda\Dropbox\PC\Documents\7 semestre\2. Sistemas Programables\UNIDAD I\ENTRENADOR\LCD_4BIT.INC
                LCD_Envia   0x0000a3    program     static C:\Users\Brenda\Dropbox\PC\Documents\7 semestre\2. Sistemas Programables\UNIDAD I\ENTRENADOR\LCD_4BIT.INC
          LCD_CodigoCGROM   0x0000ab    program     static C:\Users\Brenda\Dropbox\PC\Documents\7 semestre\2. Sistemas Programables\UNIDAD I\ENTRENADOR\LCD_4BIT.INC
        LCD_EnheMinuscula   0x0000ac    program     static C:\Users\Brenda\Dropbox\PC\Documents\7 semestre\2. Sistemas Programables\UNIDAD I\ENTRENADOR\LCD_4BIT.INC
        LCD_EnheMayuscula   0x0000b2    program     static C:\Users\Brenda\Dropbox\PC\Documents\7 semestre\2. Sistemas Programables\UNIDAD I\ENTRENADOR\LCD_4BIT.INC
                LCD_Grado   0x0000b9    program     static C:\Users\Brenda\Dropbox\PC\Documents\7 semestre\2. Sistemas Programables\UNIDAD I\ENTRENADOR\LCD_4BIT.INC
             LCD_FinCGROM   0x0000bf    program     static C:\Users\Brenda\Dropbox\PC\Documents\7 semestre\2. Sistemas Programables\UNIDAD I\ENTRENADOR\LCD_4BIT.INC
        LCD_LineaEnBlanco   0x0000c1    program     static C:\Users\Brenda\Dropbox\PC\Documents\7 semestre\2. Sistemas Programables\UNIDAD I\ENTRENADOR\LCD_4BIT.INC
      LCD_UnEspacioBlanco   0x0000c3    program     static C:\Users\Brenda\Dropbox\PC\Documents\7 semestre\2. Sistemas Programables\UNIDAD I\ENTRENADOR\LCD_4BIT.INC
   LCD_DosEspaciosBlancos   0x0000c5    program     static C:\Users\Brenda\Dropbox\PC\Documents\7 semestre\2. Sistemas Programables\UNIDAD I\ENTRENADOR\LCD_4BIT.INC
  LCD_TresEspaciosBlancos   0x0000c7    program     static C:\Users\Brenda\Dropbox\PC\Documents\7 semestre\2. Sistemas Programables\UNIDAD I\ENTRENADOR\LCD_4BIT.INC
         LCD_EnviaBlancos   0x0000c8    program     static C:\Users\Brenda\Dropbox\PC\Documents\7 semestre\2. Sistemas Programables\UNIDAD I\ENTRENADOR\LCD_4BIT.INC
      LCD_EnviaOtroBlanco   0x0000c9    program     static C:\Users\Brenda\Dropbox\PC\Documents\7 semestre\2. Sistemas Programables\UNIDAD I\ENTRENADOR\LCD_4BIT.INC
                 LCD_Byte   0x0000ce    program     static C:\Users\Brenda\Dropbox\PC\Documents\7 semestre\2. Sistemas Programables\UNIDAD I\ENTRENADOR\LCD_4BIT.INC
         LCD_ByteCompleto   0x0000d5    program     static C:\Users\Brenda\Dropbox\PC\Documents\7 semestre\2. Sistemas Programables\UNIDAD I\ENTRENADOR\LCD_4BIT.INC
        LCD_VisualizaAlto   0x0000d6    program     static C:\Users\Brenda\Dropbox\PC\Documents\7 semestre\2. Sistemas Programables\UNIDAD I\ENTRENADOR\LCD_4BIT.INC
        LCD_VisualizaBajo   0x0000d8    program     static C:\Users\Brenda\Dropbox\PC\Documents\7 semestre\2. Sistemas Programables\UNIDAD I\ENTRENADOR\LCD_4BIT.INC
               LCD_Nibble   0x0000d9    program     static C:\Users\Brenda\Dropbox\PC\Documents\7 semestre\2. Sistemas Programables\UNIDAD I\ENTRENADOR\LCD_4BIT.INC
       LCD_EnviaByteLetra   0x0000e1    program     static C:\Users\Brenda\Dropbox\PC\Documents\7 semestre\2. Sistemas Programables\UNIDAD I\ENTRENADOR\LCD_4BIT.INC
   LCD_FinVisualizaDigito   0x0000e3    program     static C:\Users\Brenda\Dropbox\PC\Documents\7 semestre\2. Sistemas Programables\UNIDAD I\ENTRENADOR\LCD_4BIT.INC
           EEPROM_LeeDato   0x0000e4    program     static C:\Users\Brenda\Dropbox\PC\Documents\7 semestre\2. Sistemas Programables\UNIDAD I\ENTRENADOR\EEPROM.INC
      EEPROM_SigueLeyendo   0x0000e8    program     static C:\Users\Brenda\Dropbox\PC\Documents\7 semestre\2. Sistemas Programables\UNIDAD I\ENTRENADOR\EEPROM.INC
       EEPROM_EscribeDato   0x0000ed    program     static C:\Users\Brenda\Dropbox\PC\Documents\7 semestre\2. Sistemas Programables\UNIDAD I\ENTRENADOR\EEPROM.INC
   EEPROM_TerminaEscribir   0x0000f9    program     static C:\Users\Brenda\Dropbox\PC\Documents\7 semestre\2. Sistemas Programables\UNIDAD I\ENTRENADOR\EEPROM.INC
         Retardo_10micros   0x000101    program     static C:\Users\Brenda\Dropbox\PC\Documents\7 semestre\2. Sistemas Programables\UNIDAD I\ENTRENADOR\RETARDOS.INC
          Retardo_5micros   0x000106    program     static C:\Users\Brenda\Dropbox\PC\Documents\7 semestre\2. Sistemas Programables\UNIDAD I\ENTRENADOR\RETARDOS.INC
          Retardo_4micros   0x000107    program     static C:\Users\Brenda\Dropbox\PC\Documents\7 semestre\2. Sistemas Programables\UNIDAD I\ENTRENADOR\RETARDOS.INC
        Retardo_500micros   0x000108    program     static C:\Users\Brenda\Dropbox\PC\Documents\7 semestre\2. Sistemas Programables\UNIDAD I\ENTRENADOR\RETARDOS.INC
        Retardo_200micros   0x00010b    program     static C:\Users\Brenda\Dropbox\PC\Documents\7 semestre\2. Sistemas Programables\UNIDAD I\ENTRENADOR\RETARDOS.INC
        Retardo_100micros   0x00010e    program     static C:\Users\Brenda\Dropbox\PC\Documents\7 semestre\2. Sistemas Programables\UNIDAD I\ENTRENADOR\RETARDOS.INC
         Retardo_50micros   0x000110    program     static C:\Users\Brenda\Dropbox\PC\Documents\7 semestre\2. Sistemas Programables\UNIDAD I\ENTRENADOR\RETARDOS.INC
         Retardo_20micros   0x000113    program     static C:\Users\Brenda\Dropbox\PC\Documents\7 semestre\2. Sistemas Programables\UNIDAD I\ENTRENADOR\RETARDOS.INC
            RetardoMicros   0x000114    program     static C:\Users\Brenda\Dropbox\PC\Documents\7 semestre\2. Sistemas Programables\UNIDAD I\ENTRENADOR\RETARDOS.INC
            Rmicros_Bucle   0x000115    program     static C:\Users\Brenda\Dropbox\PC\Documents\7 semestre\2. Sistemas Programables\UNIDAD I\ENTRENADOR\RETARDOS.INC
            Retardo_200ms   0x000118    program     static C:\Users\Brenda\Dropbox\PC\Documents\7 semestre\2. Sistemas Programables\UNIDAD I\ENTRENADOR\RETARDOS.INC
            Retardo_100ms   0x00011a    program     static C:\Users\Brenda\Dropbox\PC\Documents\7 semestre\2. Sistemas Programables\UNIDAD I\ENTRENADOR\RETARDOS.INC
             Retardo_50ms   0x00011c    program     static C:\Users\Brenda\Dropbox\PC\Documents\7 semestre\2. Sistemas Programables\UNIDAD I\ENTRENADOR\RETARDOS.INC
             Retardo_20ms   0x00011e    program     static C:\Users\Brenda\Dropbox\PC\Documents\7 semestre\2. Sistemas Programables\UNIDAD I\ENTRENADOR\RETARDOS.INC
             Retardo_10ms   0x000120    program     static C:\Users\Brenda\Dropbox\PC\Documents\7 semestre\2. Sistemas Programables\UNIDAD I\ENTRENADOR\RETARDOS.INC
              Retardo_5ms   0x000122    program     static C:\Users\Brenda\Dropbox\PC\Documents\7 semestre\2. Sistemas Programables\UNIDAD I\ENTRENADOR\RETARDOS.INC
              Retardo_2ms   0x000124    program     static C:\Users\Brenda\Dropbox\PC\Documents\7 semestre\2. Sistemas Programables\UNIDAD I\ENTRENADOR\RETARDOS.INC
              Retardo_1ms   0x000126    program     static C:\Users\Brenda\Dropbox\PC\Documents\7 semestre\2. Sistemas Programables\UNIDAD I\ENTRENADOR\RETARDOS.INC
              Retardos_ms   0x000127    program     static C:\Users\Brenda\Dropbox\PC\Documents\7 semestre\2. Sistemas Programables\UNIDAD I\ENTRENADOR\RETARDOS.INC
        R1ms_BucleExterno   0x000128    program     static C:\Users\Brenda\Dropbox\PC\Documents\7 semestre\2. Sistemas Programables\UNIDAD I\ENTRENADOR\RETARDOS.INC
        R1ms_BucleInterno   0x00012a    program     static C:\Users\Brenda\Dropbox\PC\Documents\7 semestre\2. Sistemas Programables\UNIDAD I\ENTRENADOR\RETARDOS.INC
              Retardo_20s   0x000130    program     static C:\Users\Brenda\Dropbox\PC\Documents\7 semestre\2. Sistemas Programables\UNIDAD I\ENTRENADOR\RETARDOS.INC
              Retardo_10s   0x000132    program     static C:\Users\Brenda\Dropbox\PC\Documents\7 semestre\2. Sistemas Programables\UNIDAD I\ENTRENADOR\RETARDOS.INC
               Retardo_5s   0x000134    program     static C:\Users\Brenda\Dropbox\PC\Documents\7 semestre\2. Sistemas Programables\UNIDAD I\ENTRENADOR\RETARDOS.INC
               Retardo_2s   0x000136    program     static C:\Users\Brenda\Dropbox\PC\Documents\7 semestre\2. Sistemas Programables\UNIDAD I\ENTRENADOR\RETARDOS.INC
               Retardo_1s   0x000138    program     static C:\Users\Brenda\Dropbox\PC\Documents\7 semestre\2. Sistemas Programables\UNIDAD I\ENTRENADOR\RETARDOS.INC
            Retardo_500ms   0x00013a    program     static C:\Users\Brenda\Dropbox\PC\Documents\7 semestre\2. Sistemas Programables\UNIDAD I\ENTRENADOR\RETARDOS.INC
          Retardo_1Decima   0x00013b    program     static C:\Users\Brenda\Dropbox\PC\Documents\7 semestre\2. Sistemas Programables\UNIDAD I\ENTRENADOR\RETARDOS.INC
   R1Decima_BucleExterno2   0x00013c    program     static C:\Users\Brenda\Dropbox\PC\Documents\7 semestre\2. Sistemas Programables\UNIDAD I\ENTRENADOR\RETARDOS.INC
    R1Decima_BucleExterno   0x00013e    program     static C:\Users\Brenda\Dropbox\PC\Documents\7 semestre\2. Sistemas Programables\UNIDAD I\ENTRENADOR\RETARDOS.INC
    R1Decima_BucleInterno   0x000140    program     static C:\Users\Brenda\Dropbox\PC\Documents\7 semestre\2. Sistemas Programables\UNIDAD I\ENTRENADOR\RETARDOS.INC
                BIN_a_BCD   0x000148    program     static C:\Users\Brenda\Dropbox\PC\Documents\7 semestre\2. Sistemas Programables\UNIDAD I\ENTRENADOR\BIN_BCD.INC
                  Resta10   0x00014b    program     static C:\Users\Brenda\Dropbox\PC\Documents\7 semestre\2. Sistemas Programables\UNIDAD I\ENTRENADOR\BIN_BCD.INC
        IncrementaDecenas   0x00014f    program     static C:\Users\Brenda\Dropbox\PC\Documents\7 semestre\2. Sistemas Programables\UNIDAD I\ENTRENADOR\BIN_BCD.INC
       IncrementaCentenas   0x000155    program     static C:\Users\Brenda\Dropbox\PC\Documents\7 semestre\2. Sistemas Programables\UNIDAD I\ENTRENADOR\BIN_BCD.INC
              Fin_BIN_BCD   0x000158    program     static C:\Users\Brenda\Dropbox\PC\Documents\7 semestre\2. Sistemas Programables\UNIDAD I\ENTRENADOR\BIN_BCD.INC


