MPLINK 4.49, Linker
Linker Map File - Created Mon Sep 27 12:08:17 2021

                                 Section Info
                  Section       Type    Address   Location Size(Bytes)
                ---------  ---------  ---------  ---------  ---------
                   .org_0       code   0x000000    program   0x000000
                   .org_1       code   0x000000    program   0x00009c
.config_2007_DISPLAY_05_628.O       code   0x002007    program   0x000002



                              Program Memory Usage 
                               Start         End      
                           ---------   ---------      
                            0x000000    0x00004d      
                            0x002007    0x002007      
            79 out of 2182 program addresses used, program memory utilization is 3%



                              Symbols - Sorted by Name
                     Name    Address   Location    Storage File                     
                ---------  ---------  ---------  --------- ---------                
       ASCII_a_7Segmentos   0x000009    program     static C:\Proteus\Programas 628\DISPLAY_7S.INC
            FinTablaASCII   0x00004e    program     static C:\Proteus\Programas 628\DISPLAY_7S.INC
                   Inicio   0x000000    program     static C:\Proteus\Programas 628\Display_05_628.asm
         InicioTablaASCII   0x00001e    program     static C:\Proteus\Programas 628\DISPLAY_7S.INC
      Numero_a_7Segmentos   0x000007    program     static C:\Proteus\Programas 628\DISPLAY_7S.INC
                Principal   0x000003    program     static C:\Proteus\Programas 628\Display_05_628.asm



                              Symbols - Sorted by Address
                     Name    Address   Location    Storage File                     
                ---------  ---------  ---------  --------- ---------                
                   Inicio   0x000000    program     static C:\Proteus\Programas 628\Display_05_628.asm
                Principal   0x000003    program     static C:\Proteus\Programas 628\Display_05_628.asm
      Numero_a_7Segmentos   0x000007    program     static C:\Proteus\Programas 628\DISPLAY_7S.INC
       ASCII_a_7Segmentos   0x000009    program     static C:\Proteus\Programas 628\DISPLAY_7S.INC
         InicioTablaASCII   0x00001e    program     static C:\Proteus\Programas 628\DISPLAY_7S.INC
            FinTablaASCII   0x00004e    program     static C:\Proteus\Programas 628\DISPLAY_7S.INC


